Component: ARM Compiler 5.06 update 6 (build 750) Tool: armlink [4d35ed]

==============================================================================

Section Cross References

    main.o(i.EXTI1_IRQHandler) refers to stm32f10x_exti.o(i.EXTI_ClearITPendingBit) for EXTI_ClearITPendingBit
    main.o(i.EXTI1_IRQHandler) refers to main.o(i.vButtonHandle) for vButtonHandle
    main.o(i.main) refers to stm32f10x_rcc.o(i.RCC_DeInit) for RCC_DeInit
    main.o(i.main) refers to system_stm32f10x.o(i.SystemCoreClockUpdate) for SystemCoreClockUpdate
    main.o(i.main) refers to main.o(i.prvSetupHardware) for prvSetupHardware
    main.o(i.main) refers to noretval__2sprintf.o(.text) for __2sprintf
    main.o(i.main) refers to main.o(i.printmsg) for printmsg
    main.o(i.main) refers to tasks.o(i.xTaskCreate) for xTaskCreate
    main.o(i.main) refers to tasks.o(i.vTaskStartScheduler) for vTaskStartScheduler
    main.o(i.main) refers to main.o(.bss) for user_msg
    main.o(i.main) refers to main.o(.data) for xLedHandle
    main.o(i.main) refers to main.o(i.vLedControl) for vLedControl
    main.o(i.printmsg) refers to stm32f10x_usart.o(i.USART_GetFlagStatus) for USART_GetFlagStatus
    main.o(i.printmsg) refers to stm32f10x_usart.o(i.USART_SendData) for USART_SendData
    main.o(i.printmsg) refers to strlen.o(.text) for strlen
    main.o(i.prvSetupHardware) refers to main.o(i.prvSetupUart) for prvSetupUart
    main.o(i.prvSetupHardware) refers to main.o(i.prvSetupLedButton) for prvSetupLedButton
    main.o(i.prvSetupLedButton) refers to stm32f10x_rcc.o(i.RCC_APB2PeriphClockCmd) for RCC_APB2PeriphClockCmd
    main.o(i.prvSetupLedButton) refers to stm32f10x_gpio.o(i.GPIO_Init) for GPIO_Init
    main.o(i.prvSetupLedButton) refers to stm32f10x_gpio.o(i.GPIO_EXTILineConfig) for GPIO_EXTILineConfig
    main.o(i.prvSetupLedButton) refers to stm32f10x_exti.o(i.EXTI_Init) for EXTI_Init
    main.o(i.prvSetupUart) refers to stm32f10x_rcc.o(i.RCC_APB1PeriphClockCmd) for RCC_APB1PeriphClockCmd
    main.o(i.prvSetupUart) refers to stm32f10x_rcc.o(i.RCC_APB2PeriphClockCmd) for RCC_APB2PeriphClockCmd
    main.o(i.prvSetupUart) refers to stm32f10x_gpio.o(i.GPIO_Init) for GPIO_Init
    main.o(i.prvSetupUart) refers to stm32f10x_usart.o(i.USART_Init) for USART_Init
    main.o(i.prvSetupUart) refers to stm32f10x_usart.o(i.USART_Cmd) for USART_Cmd
    main.o(i.vButtonHandle) refers to main.o(.data) for buttonStatusFlag
    main.o(i.vLedControl) refers to stm32f10x_gpio.o(i.GPIO_WriteBit) for GPIO_WriteBit
    main.o(i.vLedControl) refers to main.o(.data) for buttonStatusFlag
    clib_arm.o(i.__user_perthread_libspace) refers to clib_arm.o(i.os_kernel_is_active) for os_kernel_is_active
    clib_arm.o(i.__user_perthread_libspace) refers to tasks.o(i.xTaskGetCurrentTaskHandle) for xTaskGetCurrentTaskHandle
    clib_arm.o(i.__user_perthread_libspace) refers to clib_arm.o(.bss) for os_libspace
    clib_arm.o(i._mutex_acquire) refers to clib_arm.o(i.os_kernel_is_active) for os_kernel_is_active
    clib_arm.o(i._mutex_acquire) refers to queue.o(i.xQueueSemaphoreTake) for xQueueSemaphoreTake
    clib_arm.o(i._mutex_free) refers to queue.o(i.vQueueDelete) for vQueueDelete
    clib_arm.o(i._mutex_free) refers to clib_arm.o(.bss) for clib_mutex_id
    clib_arm.o(i._mutex_initialize) refers to queue.o(i.xQueueCreateMutexStatic) for xQueueCreateMutexStatic
    clib_arm.o(i._mutex_initialize) refers to clib_arm.o(i.os_kernel_is_active) for os_kernel_is_active
    clib_arm.o(i._mutex_initialize) refers to queue.o(i.xQueueCreateMutex) for xQueueCreateMutex
    clib_arm.o(i._mutex_initialize) refers to clib_arm.o(.bss) for clib_mutex_id
    clib_arm.o(i._mutex_release) refers to clib_arm.o(i.os_kernel_is_active) for os_kernel_is_active
    clib_arm.o(i._mutex_release) refers to queue.o(i.xQueueGenericSend) for xQueueGenericSend
    clib_arm.o(i.os_kernel_is_active) refers to tasks.o(i.xTaskGetSchedulerState) for xTaskGetSchedulerState
    clib_arm.o(i.os_kernel_is_active) refers to clib_arm.o(.data) for os_kernel_active
    cmsis_os1.o(i.osMessageCreate) refers to cmsis_os2.o(i.osMessageQueueNew) for osMessageQueueNew
    cmsis_os1.o(i.osMessageGet) refers to cmsis_os2.o(i.osMessageQueueGet) for osMessageQueueGet
    cmsis_os1.o(i.osMessagePut) refers to cmsis_os2.o(i.osMessageQueuePut) for osMessageQueuePut
    cmsis_os1.o(i.osMutexCreate) refers to cmsis_os2.o(i.osMutexNew) for osMutexNew
    cmsis_os1.o(i.osSemaphoreCreate) refers to cmsis_os2.o(i.osSemaphoreNew) for osSemaphoreNew
    cmsis_os1.o(i.osSemaphoreWait) refers to cmsis_os2.o(i.osSemaphoreAcquire) for osSemaphoreAcquire
    cmsis_os1.o(i.osSemaphoreWait) refers to cmsis_os2.o(i.osSemaphoreGetCount) for osSemaphoreGetCount
    cmsis_os1.o(i.osSignalClear) refers to cmsis_os2.o(i.osThreadGetId) for osThreadGetId
    cmsis_os1.o(i.osSignalClear) refers to cmsis_os2.o(i.osThreadFlagsClear) for osThreadFlagsClear
[...]
    ../clib/heapalloc.c                      0x00000000   Number         0  hrguard.o ABSOLUTE
    ../clib/heapaux.c                        0x00000000   Number         0  heapauxi.o ABSOLUTE
    ../clib/libinit.s                        0x00000000   Number         0  libinit2.o ABSOLUTE
    ../clib/libinit.s                        0x00000000   Number         0  libshutdown.o ABSOLUTE
    ../clib/libinit.s                        0x00000000   Number         0  libshutdown2.o ABSOLUTE
    ../clib/libinit.s                        0x00000000   Number         0  libinit.o ABSOLUTE
    ../clib/memcpset.s                       0x00000000   Number         0  rt_memcpy_w.o ABSOLUTE
    ../clib/memcpset.s                       0x00000000   Number         0  rt_memclr_w.o ABSOLUTE
    ../clib/memcpset.s                       0x00000000   Number         0  aeabi_memset.o ABSOLUTE
    ../clib/memcpset.s                       0x00000000   Number         0  rt_memclr.o ABSOLUTE
    ../clib/memcpset.s                       0x00000000   Number         0  rt_memcpy_v6.o ABSOLUTE
    ../clib/printf.c                         0x00000000   Number         0  _sputc.o ABSOLUTE
    ../clib/printf.c                         0x00000000   Number         0  _printf_char_common.o ABSOLUTE
    ../clib/printf.c                         0x00000000   Number         0  noretval__2sprintf.o ABSOLUTE
    ../clib/printf.c                         0x00000000   Number         0  __printf_nopercent.o ABSOLUTE
    ../clib/printf.c                         0x00000000   Number         0  __2sprintf.o ABSOLUTE
    ../clib/signal.c                         0x00000000   Number         0  defsig_other.o ABSOLUTE
    ../clib/signal.c                         0x00000000   Number         0  __raise.o ABSOLUTE
    ../clib/signal.c                         0x00000000   Number         0  defsig_rtmem_inner.o ABSOLUTE
    ../clib/signal.c                         0x00000000   Number         0  defsig_abrt_inner.o ABSOLUTE
    ../clib/signal.c                         0x00000000   Number         0  defsig_rtred_inner.o ABSOLUTE
    ../clib/signal.c                         0x00000000   Number         0  defsig_exit.o ABSOLUTE
    ../clib/signal.c                         0x00000000   Number         0  defsig_cppl_inner.o ABSOLUTE
    ../clib/signal.c                         0x00000000   Number         0  defsig_pvfn_inner.o ABSOLUTE
    ../clib/signal.c                         0x00000000   Number         0  defsig_stak_inner.o ABSOLUTE
    ../clib/signal.c                         0x00000000   Number         0  defsig_fpe_inner.o ABSOLUTE
    ../clib/signal.c                         0x00000000   Number         0  defsig_rtmem_outer.o ABSOLUTE
    ../clib/signal.c                         0x00000000   Number         0  defsig_general.o ABSOLUTE
    ../clib/signal.c                         0x00000000   Number         0  defsig_rtmem_formal.o ABSOLUTE
    ../clib/signal.c                         0x00000000   Number         0  defsig_segv_inner.o ABSOLUTE
    ../clib/signal.s                         0x00000000   Number         0  defsig.o ABSOLUTE
    ../clib/stdlib.c                         0x00000000   Number         0  exit.o ABSOLUTE
    ../clib/string.c                         0x00000000   Number         0  strlen.o ABSOLUTE
    ../fplib/fpinit.s                        0x00000000   Number         0  fpinit.o ABSOLUTE
    C:\Users\Ramesh\AppData\Local\Arm\Packs\ARM\CMSIS-FreeRTOS\10.3.1\CMSIS\RTOS2\FreeRTOS\Source\ARM\clib_arm.c 0x00000000   Number         0  clib_arm.o ABSOLUTE
    C:\Users\Ramesh\AppData\Local\Arm\Packs\ARM\CMSIS-FreeRTOS\10.3.1\CMSIS\RTOS2\FreeRTOS\Source\cmsis_os1.c 0x00000000   Number         0  cmsis_os1.o ABSOLUTE
    C:\Users\Ramesh\AppData\Local\Arm\Packs\ARM\CMSIS-FreeRTOS\10.3.1\CMSIS\RTOS2\FreeRTOS\Source\cmsis_os2.c 0x00000000   Number         0  cmsis_os2.o ABSOLUTE
    C:\Users\Ramesh\AppData\Local\Arm\Packs\ARM\CMSIS-FreeRTOS\10.3.1\CMSIS\RTOS2\FreeRTOS\Source\freertos_evr.c 0x00000000   Number         0  freertos_evr.o ABSOLUTE
    C:\Users\Ramesh\AppData\Local\Arm\Packs\ARM\CMSIS-FreeRTOS\10.3.1\CMSIS\RTOS2\FreeRTOS\Source\os_systick.c 0x00000000   Number         0  os_systick.o ABSOLUTE
    C:\Users\Ramesh\AppData\Local\Arm\Packs\ARM\CMSIS-FreeRTOS\10.3.1\Source\event_groups.c 0x00000000   Number         0  event_groups.o ABSOLUTE
    C:\Users\Ramesh\AppData\Local\Arm\Packs\ARM\CMSIS-FreeRTOS\10.3.1\Source\list.c 0x00000000   Number         0  list.o ABSOLUTE
    C:\Users\Ramesh\AppData\Local\Arm\Packs\ARM\CMSIS-FreeRTOS\10.3.1\Source\portable\MemMang\heap_4.c 0x00000000   Number         0  heap_4.o ABSOLUTE
    C:\Users\Ramesh\AppData\Local\Arm\Packs\ARM\CMSIS-FreeRTOS\10.3.1\Source\portable\RVDS\ARM_CM3\port.c 0x00000000   Number         0  port.o ABSOLUTE
    C:\Users\Ramesh\AppData\Local\Arm\Packs\ARM\CMSIS-FreeRTOS\10.3.1\Source\queue.c 0x00000000   Number         0  queue.o ABSOLUTE
    C:\Users\Ramesh\AppData\Local\Arm\Packs\ARM\CMSIS-FreeRTOS\10.3.1\Source\tasks.c 0x00000000   Number         0  tasks.o ABSOLUTE
    C:\Users\Ramesh\AppData\Local\Arm\Packs\ARM\CMSIS-FreeRTOS\10.3.1\Source\timers.c 0x00000000   Number         0  timers.o ABSOLUTE
    C:\Users\Ramesh\AppData\Local\Arm\Packs\Keil\STM32F1xx_DFP\2.3.0\Device\StdPeriph_Driver\src\misc.c 0x00000000   Number         0  misc.o ABSOLUTE
    C:\Users\Ramesh\AppData\Local\Arm\Packs\Keil\STM32F1xx_DFP\2.3.0\Device\StdPeriph_Driver\src\stm32f10x_exti.c 0x00000000   Number         0  stm32f10x_exti.o ABSOLUTE
    C:\Users\Ramesh\AppData\Local\Arm\Packs\Keil\STM32F1xx_DFP\2.3.0\Device\StdPeriph_Driver\src\stm32f10x_gpio.c 0x00000000   Number         0  stm32f10x_gpio.o ABSOLUTE
    C:\Users\Ramesh\AppData\Local\Arm\Packs\Keil\STM32F1xx_DFP\2.3.0\Device\StdPeriph_Driver\src\stm32f10x_rcc.c 0x00000000   Number         0  stm32f10x_rcc.o ABSOLUTE
    C:\Users\Ramesh\AppData\Local\Arm\Packs\Keil\STM32F1xx_DFP\2.3.0\Device\StdPeriph_Driver\src\stm32f10x_usart.c 0x00000000   Number         0  stm32f10x_usart.o ABSOLUTE
    C:\Users\Ramesh\AppData\Local\Arm\Packs\Keil\STM32F1xx_DFP\2.3.0\RTE_Driver\GPIO_STM32F10x.c 0x00000000   Number         0  gpio_stm32f10x.o ABSOLUTE
    C:\\Users\\Ramesh\\AppData\\Local\\Arm\\Packs\\ARM\\CMSIS-FreeRTOS\\10.3.1\\CMSIS\\RTOS2\\FreeRTOS\\Source\\ARM\\clib_arm.c 0x00000000   Number         0  clib_arm.o ABSOLUTE
    C:\\Users\\Ramesh\\AppData\\Local\\Arm\\Packs\\ARM\\CMSIS-FreeRTOS\\10.3.1\\CMSIS\\RTOS2\\FreeRTOS\\Source\\cmsis_os1.c 0x00000000   Number         0  cmsis_os1.o ABSOLUTE
    C:\\Users\\Ramesh\\AppData\\Local\\Arm\\Packs\\ARM\\CMSIS-FreeRTOS\\10.3.1\\CMSIS\\RTOS2\\FreeRTOS\\Source\\cmsis_os2.c 0x00000000   Number         0  cmsis_os2.o ABSOLUTE
    C:\\Users\\Ramesh\\AppData\\Local\\Arm\\Packs\\ARM\\CMSIS-FreeRTOS\\10.3.1\\CMSIS\\RTOS2\\FreeRTOS\\Source\\freertos_evr.c 0x00000000   Number         0  freertos_evr.o ABSOLUTE
    C:\\Users\\Ramesh\\AppData\\Local\\Arm\\Packs\\ARM\\CMSIS-FreeRTOS\\10.3.1\\CMSIS\\RTOS2\\FreeRTOS\\Source\\os_systick.c 0x00000000   Number         0  os_systick.o ABSOLUTE
    C:\\Users\\Ramesh\\AppData\\Local\\Arm\\Packs\\ARM\\CMSIS-FreeRTOS\\10.3.1\\Source\\event_groups.c 0x00000000   Number         0  event_groups.o ABSOLUTE
    C:\\Users\\Ramesh\\AppData\\Local\\Arm\\Packs\\ARM\\CMSIS-FreeRTOS\\10.3.1\\Source\\list.c 0x00000000   Number         0  list.o ABSOLUTE
    C:\\Users\\Ramesh\\AppData\\Local\\Arm\\Packs\\ARM\\CMSIS-FreeRTOS\\10.3.1\\Source\\portable\\MemMang\\heap_4.c 0x00000000   Number         0  heap_4.o ABSOLUTE
    C:\\Users\\Ramesh\\AppData\\Local\\Arm\\Packs\\ARM\\CMSIS-FreeRTOS\\10.3.1\\Source\\portable\\RVDS\\ARM_CM3\\port.c 0x00000000   Number         0  port.o ABSOLUTE
    C:\\Users\\Ramesh\\AppData\\Local\\Arm\\Packs\\ARM\\CMSIS-FreeRTOS\\10.3.1\\Source\\queue.c 0x00000000   Number         0  queue.o ABSOLUTE
    C:\\Users\\Ramesh\\AppData\\Local\\Arm\\Packs\\ARM\\CMSIS-FreeRTOS\\10.3.1\\Source\\tasks.c 0x00000000   Number         0  tasks.o ABSOLUTE
    C:\\Users\\Ramesh\\AppData\\Local\\Arm\\Packs\\ARM\\CMSIS-FreeRTOS\\10.3.1\\Source\\timers.c 0x00000000   Number         0  timers.o ABSOLUTE
    C:\\Users\\Ramesh\\AppData\\Local\\Arm\\Packs\\Keil\\STM32F1xx_DFP\\2.3.0\\Device\\StdPeriph_Driver\\src\\misc.c 0x00000000   Number         0  misc.o ABSOLUTE
    C:\\Users\\Ramesh\\AppData\\Local\\Arm\\Packs\\Keil\\STM32F1xx_DFP\\2.3.0\\Device\\StdPeriph_Driver\\src\\stm32f10x_exti.c 0x00000000   Number         0  stm32f10x_exti.o ABSOLUTE
    C:\\Users\\Ramesh\\AppData\\Local\\Arm\\Packs\\Keil\\STM32F1xx_DFP\\2.3.0\\Device\\StdPeriph_Driver\\src\\stm32f10x_gpio.c 0x00000000   Number         0  stm32f10x_gpio.o ABSOLUTE
    C:\\Users\\Ramesh\\AppData\\Local\\Arm\\Packs\\Keil\\STM32F1xx_DFP\\2.3.0\\Device\\StdPeriph_Driver\\src\\stm32f10x_rcc.c 0x00000000   Number         0  stm32f10x_rcc.o ABSOLUTE
    C:\\Users\\Ramesh\\AppData\\Local\\Arm\\Packs\\Keil\\STM32F1xx_DFP\\2.3.0\\Device\\StdPeriph_Driver\\src\\stm32f10x_usart.c 0x00000000   Number         0  stm32f10x_usart.o ABSOLUTE
    C:\\Users\\Ramesh\\AppData\\Local\\Arm\\Packs\\Keil\\STM32F1xx_DFP\\2.3.0\\RTE_Driver\\GPIO_STM32F10x.c 0x00000000   Number         0  gpio_stm32f10x.o ABSOLUTE
    RTE\Device\STM32F103C8\startup_stm32f10x_md.s 0x00000000   Number         0  startup_stm32f10x_md.o ABSOLUTE
    RTE\Device\STM32F103C8\system_stm32f10x.c 0x00000000   Number         0  system_stm32f10x.o ABSOLUTE
    RTE\\Device\\STM32F103C8\\system_stm32f10x.c 0x00000000   Number         0  system_stm32f10x.o ABSOLUTE
    dc.s                                     0x00000000   Number         0  dc.o ABSOLUTE
    main.c                                   0x00000000   Number         0  main.o ABSOLUTE
    main.c                                   0x00000000   Number         0  main.o ABSOLUTE
    RESET                                    0x08000000   Section      236  startup_stm32f10x_md.o(RESET)
    !!!main                                  0x080000ec   Section        8  __main.o(!!!main)
    !!!scatter                               0x080000f4   Section       52  __scatter.o(!!!scatter)
    !!handler_copy                           0x08000128   Section       26  __scatter_copy.o(!!handler_copy)
    !!handler_zi                             0x08000144   Section       28  __scatter_zi.o(!!handler_zi)
    .ARM.Collect$$libinit$$00000000          0x08000160   Section        2  libinit.o(.ARM.Collect$$libinit$$00000000)
    .ARM.Collect$$libinit$$00000002          0x08000162   Section        0  libinit2.o(.ARM.Collect$$libinit$$00000002)
    .ARM.Collect$$libinit$$00000004          0x08000162   Section        0  libinit2.o(.ARM.Collect$$libinit$$00000004)
    .ARM.Collect$$libinit$$0000000A          0x08000162   Section        0  libinit2.o(.ARM.Collect$$libinit$$0000000A)
    .ARM.Collect$$libinit$$0000000C          0x08000162   Section        0  libinit2.o(.ARM.Collect$$libinit$$0000000C)
    .ARM.Collect$$libinit$$0000000E          0x08000162   Section        0  libinit2.o(.ARM.Collect$$libinit$$0000000E)
    .ARM.Collect$$libinit$$00000011          0x08000162   Section        0  libinit2.o(.ARM.Collect$$libinit$$00000011)
    .ARM.Collect$$libinit$$00000013          0x08000162   Section        0  libinit2.o(.ARM.Collect$$libinit$$00000013)
    .ARM.Collect$$libinit$$00000015          0x08000162   Section        0  libinit2.o(.ARM.Collect$$libinit$$00000015)
    .ARM.Collect$$libinit$$00000017          0x08000162   Section        0  libinit2.o(.ARM.Collect$$libinit$$00000017)
    .ARM.Collect$$libinit$$00000019          0x08000162   Section        0  libinit2.o(.ARM.Collect$$libinit$$00000019)
    .ARM.Collect$$libinit$$0000001B          0x08000162   Section        0  libinit2.o(.ARM.Collect$$libinit$$0000001B)
    .ARM.Collect$$libinit$$0000001D          0x08000162   Section        0  libinit2.o(.ARM.Collect$$libinit$$0000001D)
    .ARM.Collect$$libinit$$0000001F          0x08000162   Section        0  libinit2.o(.ARM.Collect$$libinit$$0000001F)
    .ARM.Collect$$libinit$$00000021          0x08000162   Section        0  libinit2.o(.ARM.Collect$$libinit$$00000021)
    .ARM.Collect$$libinit$$00000023          0x08000162   Section        0  libinit2.o(.ARM.Collect$$libinit$$00000023)
    .ARM.Collect$$libinit$$00000025          0x08000162   Section        0  libinit2.o(.ARM.Collect$$libinit$$00000025)
    .ARM.Collect$$libinit$$0000002C          0x08000162   Section        0  libinit2.o(.ARM.Collect$$libinit$$0000002C)
    .ARM.Collect$$libinit$$0000002E          0x08000162   Section        0  libinit2.o(.ARM.Collect$$libinit$$0000002E)
    .ARM.Collect$$libinit$$00000030          0x08000162   Section        0  libinit2.o(.ARM.Collect$$libinit$$00000030)
    .ARM.Collect$$libinit$$00000032          0x08000162   Section        0  libinit2.o(.ARM.Collect$$libinit$$00000032)
    .ARM.Collect$$libinit$$00000033          0x08000162   Section        2  libinit2.o(.ARM.Collect$$libinit$$00000033)
    .ARM.Collect$$libshutdown$$00000000      0x08000164   Section        2  libshutdown.o(.ARM.Collect$$libshutdown$$00000000)
    .ARM.Collect$$libshutdown$$00000002      0x08000166   Section        0  libshutdown2.o(.ARM.Collect$$libshutdown$$00000002)
    .ARM.Collect$$libshutdown$$00000004      0x08000166   Section        0  libshutdown2.o(.ARM.Collect$$libshutdown$$00000004)
    .ARM.Collect$$libshutdown$$00000007      0x08000166   Section        0  libshutdown2.o(.ARM.Collect$$libshutdown$$00000007)
    .ARM.Collect$$libshutdown$$0000000A      0x08000166   Section        0  libshutdown2.o(.ARM.Collect$$libshutdown$$0000000A)
    .ARM.Collect$$libshutdown$$0000000C      0x08000166   Section        0  libshutdown2.o(.ARM.Collect$$libshutdown$$0000000C)
    .ARM.Collect$$libshutdown$$0000000F      0x08000166   Section        0  libshutdown2.o(.ARM.Collect$$libshutdown$$0000000F)
    .ARM.Collect$$libshutdown$$00000010      0x08000166   Section        2  libshutdown2.o(.ARM.Collect$$libshutdown$$00000010)
    .ARM.Collect$$rtentry$$00000000          0x08000168   Section        0  __rtentry.o(.ARM.Collect$$rtentry$$00000000)
    .ARM.Collect$$rtentry$$00000002          0x08000168   Section        0  __rtentry2.o(.ARM.Collect$$rtentry$$00000002)
    .ARM.Collect$$rtentry$$00000004          0x08000168   Section        6  __rtentry4.o(.ARM.Collect$$rtentry$$00000004)
    .ARM.Collect$$rtentry$$00000008          0x0800016e   Section        8  __rtentry2.o(.ARM.Collect$$rtentry$$00000008)
    .ARM.Collect$$rtentry$$0000000A          0x08000176   Section        4  __rtentry2.o(.ARM.Collect$$rtentry$$0000000A)
    .ARM.Collect$$rtentry$$0000000C          0x0800017a   Section        0  __rtentry2.o(.ARM.Collect$$rtentry$$0000000C)
    .ARM.Collect$$rtentry$$0000000D          0x0800017a   Section        8  __rtentry2.o(.ARM.Collect$$rtentry$$0000000D)
    .ARM.Collect$$rtexit$$00000000           0x08000182   Section        2  rtexit.o(.ARM.Collect$$rtexit$$00000000)
    .ARM.Collect$$rtexit$$00000002           0x08000184   Section        0  rtexit2.o(.ARM.Collect$$rtexit$$00000002)
    .ARM.Collect$$rtexit$$00000003           0x08000184   Section        4  rtexit2.o(.ARM.Collect$$rtexit$$00000003)
    .ARM.Collect$$rtexit$$00000004           0x08000188   Section        6  rtexit2.o(.ARM.Collect$$rtexit$$00000004)
    .emb_text                                0x08000190   Section      150  port.o(.emb_text)
    .text                                    0x08000228   Section       64  startup_stm32f10x_md.o(.text)
    .text                                    0x08000268   Section        0  noretval__2sprintf.o(.text)
    .text                                    0x08000290   Section        0  strlen.o(.text)
    .text                                    0x080002ce   Section      138  rt_memcpy_v6.o(.text)
    .text                                    0x08000358   Section       16  aeabi_memset.o(.text)
    .text                                    0x08000368   Section        0  heapauxi.o(.text)
    .text                                    0x08000370   Section        0  _printf_char_common.o(.text)
    _printf_input_char                       0x08000371   Thumb Code    10  _printf_char_common.o(.text)
    .text                                    0x080003a0   Section        0  _sputc.o(.text)
    .text                                    0x080003aa   Section      100  rt_memcpy_w.o(.text)
    .text                                    0x0800040e   Section       68  rt_memclr.o(.text)
    .text                                    0x08000452   Section        0  __printf_nopercent.o(.text)
    .text                                    0x0800047a   Section       78  rt_memclr_w.o(.text)
    .text                                    0x080004c8   Section       74  sys_stackheap_outer.o(.text)
    .text                                    0x08000512   Section        0  exit.o(.text)
    .text                                    0x08000524   Section        8  libspace.o(.text)
    .text                                    0x0800052c   Section        0  sys_exit.o(.text)
    .text                                    0x08000538   Section        2  use_no_semi.o(.text)
    .text                                    0x0800053a   Section        0  indicate_semi.o(.text)
    i.EXTI1_IRQHandler                       0x0800053a   Section        0  main.o(i.EXTI1_IRQHandler)
    i.EXTI_ClearITPendingBit                 0x08000548   Section        0  stm32f10x_exti.o(i.EXTI_ClearITPendingBit)
    i.EXTI_Init                              0x08000554   Section        0  stm32f10x_exti.o(i.EXTI_Init)
    i.GPIO_EXTILineConfig                    0x080005e8   Section        0  stm32f10x_gpio.o(i.GPIO_EXTILineConfig)
    i.GPIO_Init                              0x08000628   Section        0  stm32f10x_gpio.o(i.GPIO_Init)
    i.GPIO_WriteBit                          0x0800073e   Section        0  stm32f10x_gpio.o(i.GPIO_WriteBit)
    i.NMI_Handler                            0x08000748   Section        0  main.o(i.NMI_Handler)
    i.RCC_APB1PeriphClockCmd                 0x0800074c   Section        0  stm32f10x_rcc.o(i.RCC_APB1PeriphClockCmd)
    i.RCC_APB2PeriphClockCmd                 0x0800076c   Section        0  stm32f10x_rcc.o(i.RCC_APB2PeriphClockCmd)
    i.RCC_DeInit                             0x0800078c   Section        0  stm32f10x_rcc.o(i.RCC_DeInit)
    i.RCC_GetClocksFreq                      0x080007d8   Section        0  stm32f10x_rcc.o(i.RCC_GetClocksFreq)
    i.SetSysClock                            0x080008ac   Section        0  system_stm32f10x.o(i.SetSysClock)
    SetSysClock                              0x080008ad   Thumb Code     8  system_stm32f10x.o(i.SetSysClock)
    i.SetSysClockTo72                        0x080008b4   Section        0  system_stm32f10x.o(i.SetSysClockTo72)
    SetSysClockTo72                          0x080008b5   Thumb Code   214  system_stm32f10x.o(i.SetSysClockTo72)
    i.SysTick_Handler                        0x08000994   Section        0  cmsis_os2.o(i.SysTick_Handler)
    i.SystemCoreClockUpdate                  0x080009ac   Section        0  system_stm32f10x.o(i.SystemCoreClockUpdate)
    i.SystemInit                             0x08000a50   Section        0  system_stm32f10x.o(i.SystemInit)
    i.USART_Cmd                              0x08000ab0   Section        0  stm32f10x_usart.o(i.USART_Cmd)
    i.USART_GetFlagStatus                    0x08000ac8   Section        0  stm32f10x_usart.o(i.USART_GetFlagStatus)
    i.USART_Init                             0x08000ae4   Section        0  stm32f10x_usart.o(i.USART_Init)
    i.USART_SendData                         0x08000bbc   Section        0  stm32f10x_usart.o(i.USART_SendData)
    i._mutex_acquire                         0x08000bc4   Section        0  clib_arm.o(i._mutex_acquire)
    __tagsym$$used                           0x08000bc5   Number         0  clib_arm.o(i._mutex_acquire)
    i._mutex_free                            0x08000bdc   Section        0  clib_arm.o(i._mutex_free)
    __tagsym$$used                           0x08000bdd   Number         0  clib_arm.o(i._mutex_free)
    i._mutex_initialize                      0x08000c10   Section        0  clib_arm.o(i._mutex_initialize)
    __tagsym$$used                           0x08000c11   Number         0  clib_arm.o(i._mutex_initialize)
    i._mutex_release                         0x08000c70   Section        0  clib_arm.o(i._mutex_release)
    __tagsym$$used                           0x08000c71   Number         0  clib_arm.o(i._mutex_release)
    i._platform_post_stackheap_init          0x08000c88   Section        0  clib_arm.o(i._platform_post_stackheap_init)
    i.main                                   0x08000c8c   Section        0  main.o(i.main)
    i.os_kernel_is_active                    0x08000d08   Section        0  clib_arm.o(i.os_kernel_is_active)
    os_kernel_is_active                      0x08000d09   Thumb Code    32  clib_arm.o(i.os_kernel_is_active)
    i.printmsg                               0x08000d2c   Section        0  main.o(i.printmsg)
    i.prvAddCurrentTaskToDelayedList         0x08000d5c   Section        0  tasks.o(i.prvAddCurrentTaskToDelayedList)
    prvAddCurrentTaskToDelayedList           0x08000d5d   Thumb Code   100  tasks.o(i.prvAddCurrentTaskToDelayedList)
    i.prvAddNewTaskToReadyList               0x08000dd8   Section        0  tasks.o(i.prvAddNewTaskToReadyList)
    prvAddNewTaskToReadyList                 0x08000dd9   Thumb Code   154  tasks.o(i.prvAddNewTaskToReadyList)
    i.prvCheckForValidListAndQueue           0x08000e90   Section        0  timers.o(i.prvCheckForValidListAndQueue)
    prvCheckForValidListAndQueue             0x08000e91   Thumb Code    62  timers.o(i.prvCheckForValidListAndQueue)
    i.prvCheckTasksWaitingTermination        0x08000eec   Section        0  tasks.o(i.prvCheckTasksWaitingTermination)
    prvCheckTasksWaitingTermination          0x08000eed   Thumb Code    60  tasks.o(i.prvCheckTasksWaitingTermination)
    i.prvCopyDataFromQueue                   0x08000f34   Section        0  queue.o(i.prvCopyDataFromQueue)
    prvCopyDataFromQueue                     0x08000f35   Thumb Code    42  queue.o(i.prvCopyDataFromQueue)
    i.prvCopyDataToQueue                     0x08000f5e   Section        0  queue.o(i.prvCopyDataToQueue)
    prvCopyDataToQueue                       0x08000f5f   Thumb Code   126  queue.o(i.prvCopyDataToQueue)
    i.prvDeleteTCB                           0x08000fdc   Section        0  tasks.o(i.prvDeleteTCB)
    prvDeleteTCB                             0x08000fdd   Thumb Code    40  tasks.o(i.prvDeleteTCB)
    i.prvGetDisinheritPriorityAfterTimeout   0x08001004   Section        0  queue.o(i.prvGetDisinheritPriorityAfterTimeout)
    prvGetDisinheritPriorityAfterTimeout     0x08001005   Thumb Code    20  queue.o(i.prvGetDisinheritPriorityAfterTimeout)
    i.prvGetNextExpireTime                   0x08001018   Section        0  timers.o(i.prvGetNextExpireTime)
    prvGetNextExpireTime                     0x08001019   Thumb Code    36  timers.o(i.prvGetNextExpireTime)
    i.prvHeapInit                            0x08001040   Section        0  heap_4.o(i.prvHeapInit)
    prvHeapInit                              0x08001041   Thumb Code    98  heap_4.o(i.prvHeapInit)
    i.prvIdleTask                            0x080010bc   Section        0  tasks.o(i.prvIdleTask)
    prvIdleTask                              0x080010bd   Thumb Code    32  tasks.o(i.prvIdleTask)
    i.prvInitialiseMutex                     0x080010e4   Section        0  queue.o(i.prvInitialiseMutex)
    prvInitialiseMutex                       0x080010e5   Thumb Code    30  queue.o(i.prvInitialiseMutex)
    i.prvInitialiseNewQueue                  0x08001102   Section        0  queue.o(i.prvInitialiseNewQueue)
    prvInitialiseNewQueue                    0x08001103   Thumb Code    42  queue.o(i.prvInitialiseNewQueue)
    i.prvInitialiseNewTask                   0x0800112c   Section        0  tasks.o(i.prvInitialiseNewTask)
    prvInitialiseNewTask                     0x0800112d   Thumb Code   154  tasks.o(i.prvInitialiseNewTask)
    i.prvInitialiseTaskLists                 0x080011c8   Section        0  tasks.o(i.prvInitialiseTaskLists)
    prvInitialiseTaskLists                   0x080011c9   Thumb Code    70  tasks.o(i.prvInitialiseTaskLists)
    i.prvInsertBlockIntoFreeList             0x08001230   Section        0  heap_4.o(i.prvInsertBlockIntoFreeList)
    prvInsertBlockIntoFreeList               0x08001231   Thumb Code    96  heap_4.o(i.prvInsertBlockIntoFreeList)
    i.prvInsertTimerInActiveList             0x08001298   Section        0  timers.o(i.prvInsertTimerInActiveList)
    prvInsertTimerInActiveList               0x08001299   Thumb Code    80  timers.o(i.prvInsertTimerInActiveList)
    i.prvIsQueueEmpty                        0x080012f0   Section        0  queue.o(i.prvIsQueueEmpty)
    prvIsQueueEmpty                          0x080012f1   Thumb Code    26  queue.o(i.prvIsQueueEmpty)
    i.prvIsQueueFull                         0x0800130a   Section        0  queue.o(i.prvIsQueueFull)
    prvIsQueueFull                           0x0800130b   Thumb Code    30  queue.o(i.prvIsQueueFull)
    i.prvProcessExpiredTimer                 0x08001328   Section        0  timers.o(i.prvProcessExpiredTimer)
    prvProcessExpiredTimer                   0x08001329   Thumb Code    86  timers.o(i.prvProcessExpiredTimer)
    i.prvProcessReceivedCommands             0x08001384   Section        0  timers.o(i.prvProcessReceivedCommands)
    prvProcessReceivedCommands               0x08001385   Thumb Code   264  timers.o(i.prvProcessReceivedCommands)
    i.prvProcessTimerOrBlockTask             0x08001490   Section        0  timers.o(i.prvProcessTimerOrBlockTask)
    prvProcessTimerOrBlockTask               0x08001491   Thumb Code   102  timers.o(i.prvProcessTimerOrBlockTask)
    i.prvResetNextTaskUnblockTime            0x08001504   Section        0  tasks.o(i.prvResetNextTaskUnblockTime)
    prvResetNextTaskUnblockTime              0x08001505   Thumb Code    42  tasks.o(i.prvResetNextTaskUnblockTime)
    i.prvSampleTimeNow                       0x08001538   Section        0  timers.o(i.prvSampleTimeNow)
    prvSampleTimeNow                         0x08001539   Thumb Code    40  timers.o(i.prvSampleTimeNow)
    i.prvSetupHardware                       0x08001564   Section        0  main.o(i.prvSetupHardware)
    prvSetupHardware                         0x08001565   Thumb Code    12  main.o(i.prvSetupHardware)
    i.prvSetupLedButton                      0x08001570   Section        0  main.o(i.prvSetupLedButton)
    i.prvSetupUart                           0x08001628   Section        0  main.o(i.prvSetupUart)
    prvSetupUart                             0x08001629   Thumb Code   130  main.o(i.prvSetupUart)
    i.prvSwitchTimerLists                    0x080016b4   Section        0  timers.o(i.prvSwitchTimerLists)
    prvSwitchTimerLists                      0x080016b5   Thumb Code   126  timers.o(i.prvSwitchTimerLists)
    i.prvTaskExitError                       0x0800173c   Section        0  port.o(i.prvTaskExitError)
    prvTaskExitError                         0x0800173d   Thumb Code    22  port.o(i.prvTaskExitError)
    i.prvTimerTask                           0x08001752   Section        0  timers.o(i.prvTimerTask)
    prvTimerTask                             0x08001753   Thumb Code    26  timers.o(i.prvTimerTask)
    i.prvUnlockQueue                         0x0800176c   Section        0  queue.o(i.prvUnlockQueue)
    prvUnlockQueue                           0x0800176d   Thumb Code   126  queue.o(i.prvUnlockQueue)
    i.pvPortMalloc                           0x080017ec   Section        0  heap_4.o(i.pvPortMalloc)
    i.pvTaskIncrementMutexHeldCount          0x080018cc   Section        0  tasks.o(i.pvTaskIncrementMutexHeldCount)
    i.pxPortInitialiseStack                  0x080018ec   Section        0  port.o(i.pxPortInitialiseStack)
    i.uxListRemove                           0x08001910   Section        0  list.o(i.uxListRemove)
    i.vApplicationGetIdleTaskMemory          0x08001938   Section        0  cmsis_os2.o(i.vApplicationGetIdleTaskMemory)
    i.vApplicationGetTimerTaskMemory         0x08001950   Section        0  cmsis_os2.o(i.vApplicationGetTimerTaskMemory)
    i.vApplicationStackOverflowHook          0x08001968   Section        0  cmsis_os2.o(i.vApplicationStackOverflowHook)
    i.vButtonHandle                          0x0800196c   Section        0  main.o(i.vButtonHandle)
    i.vLedControl                            0x08001980   Section        0  main.o(i.vLedControl)
    i.vListInitialise                        0x080019ac   Section        0  list.o(i.vListInitialise)
    i.vListInitialiseItem                    0x080019c6   Section        0  list.o(i.vListInitialiseItem)
    i.vListInsert                            0x080019cc   Section        0  list.o(i.vListInsert)
    i.vListInsertEnd                         0x08001a00   Section        0  list.o(i.vListInsertEnd)
    i.vPortEnterCritical                     0x08001a18   Section        0  port.o(i.vPortEnterCritical)
    i.vPortExitCritical                      0x08001a3c   Section        0  port.o(i.vPortExitCritical)
    i.vPortFree                              0x08001a5c   Section        0  heap_4.o(i.vPortFree)
    i.vPortSetupTimerInterrupt               0x08001ab4   Section        0  port.o(i.vPortSetupTimerInterrupt)
    i.vQueueDelete                           0x08001adc   Section        0  queue.o(i.vQueueDelete)
    i.vQueueWaitForMessageRestricted         0x08001af0   Section        0  queue.o(i.vQueueWaitForMessageRestricted)
    i.vTaskInternalSetTimeOutState           0x08001b3c   Section        0  tasks.o(i.vTaskInternalSetTimeOutState)
    i.vTaskMissedYield                       0x08001b54   Section        0  tasks.o(i.vTaskMissedYield)
    i.vTaskPlaceOnEventList                  0x08001b60   Section        0  tasks.o(i.vTaskPlaceOnEventList)
    i.vTaskPlaceOnEventListRestricted        0x08001b80   Section        0  tasks.o(i.vTaskPlaceOnEventListRestricted)
    i.vTaskPriorityDisinheritAfterTimeout    0x08001ba8   Section        0  tasks.o(i.vTaskPriorityDisinheritAfterTimeout)
    i.vTaskStartScheduler                    0x08001c34   Section        0  tasks.o(i.vTaskStartScheduler)
    i.vTaskSuspendAll                        0x08001cc8   Section        0  tasks.o(i.vTaskSuspendAll)
    i.vTaskSwitchContext                     0x08001cd8   Section        0  tasks.o(i.vTaskSwitchContext)
    i.xPortStartScheduler                    0x08001d88   Section        0  port.o(i.xPortStartScheduler)
    i.xPortSysTickHandler                    0x08001dbc   Section        0  port.o(i.xPortSysTickHandler)
    i.xQueueCreateMutex                      0x08001df0   Section        0  queue.o(i.xQueueCreateMutex)
    i.xQueueCreateMutexStatic                0x08001e12   Section        0  queue.o(i.xQueueCreateMutexStatic)
    i.xQueueGenericCreate                    0x08001e3c   Section        0  queue.o(i.xQueueGenericCreate)
    i.xQueueGenericCreateStatic              0x08001e76   Section        0  queue.o(i.xQueueGenericCreateStatic)
    i.xQueueGenericReset                     0x08001ea4   Section        0  queue.o(i.xQueueGenericReset)
    i.xQueueGenericSend                      0x08001f24   Section        0  queue.o(i.xQueueGenericSend)
    i.xQueueGenericSendFromISR               0x0800203c   Section        0  queue.o(i.xQueueGenericSendFromISR)
    i.xQueueReceive                          0x080020c8   Section        0  queue.o(i.xQueueReceive)
    i.xQueueSemaphoreTake                    0x080021cc   Section        0  queue.o(i.xQueueSemaphoreTake)
    i.xTaskCheckForTimeOut                   0x080022fc   Section        0  tasks.o(i.xTaskCheckForTimeOut)
    i.xTaskCreate                            0x08002358   Section        0  tasks.o(i.xTaskCreate)
    i.xTaskCreateStatic                      0x080023bc   Section        0  tasks.o(i.xTaskCreateStatic)
    i.xTaskGetSchedulerState                 0x0800240c   Section        0  tasks.o(i.xTaskGetSchedulerState)
    i.xTaskGetTickCount                      0x0800242c   Section        0  tasks.o(i.xTaskGetTickCount)
    i.xTaskIncrementTick                     0x08002438   Section        0  tasks.o(i.xTaskIncrementTick)
    i.xTaskPriorityDisinherit                0x08002550   Section        0  tasks.o(i.xTaskPriorityDisinherit)
    i.xTaskPriorityInherit                   0x080025b0   Section        0  tasks.o(i.xTaskPriorityInherit)
    i.xTaskRemoveFromEventList               0x08002654   Section        0  tasks.o(i.xTaskRemoveFromEventList)
    i.xTaskResumeAll                         0x080026d4   Section        0  tasks.o(i.xTaskResumeAll)
    i.xTimerCreateTimerTask                  0x080027bc   Section        0  timers.o(i.xTimerCreateTimerTask)
    i.xTimerGenericCommand                   0x0800281c   Section        0  timers.o(i.xTimerGenericCommand)
    .data                                    0x20000000   Section       10  main.o(.data)
    .data                                    0x2000000a   Section        1  clib_arm.o(.data)
    os_kernel_active                         0x2000000a   Data           1  clib_arm.o(.data)
    .data                                    0x2000000b   Section       20  stm32f10x_rcc.o(.data)
    APBAHBPrescTable                         0x2000000b   Data          16  stm32f10x_rcc.o(.data)
    ADCPrescTable                            0x2000001b   Data           4  stm32f10x_rcc.o(.data)
    .data                                    0x20000020   Section       20  system_stm32f10x.o(.data)
    .data                                    0x20000034   Section       32  heap_4.o(.data)
    xStart                                   0x20000034   Data           8  heap_4.o(.data)
    pxEnd                                    0x2000003c   Data           4  heap_4.o(.data)
    xFreeBytesRemaining                      0x20000040   Data           4  heap_4.o(.data)
    xMinimumEverFreeBytesRemaining           0x20000044   Data           4  heap_4.o(.data)
    xNumberOfSuccessfulAllocations           0x20000048   Data           4  heap_4.o(.data)
    xNumberOfSuccessfulFrees                 0x2000004c   Data           4  heap_4.o(.data)
    xBlockAllocatedBit                       0x20000050   Data           4  heap_4.o(.data)
    .data                                    0x20000054   Section        4  port.o(.data)
    uxCriticalNesting                        0x20000054   Data           4  port.o(.data)
    .data                                    0x20000058   Section       60  tasks.o(.data)
    pxDelayedTaskList                        0x2000005c   Data           4  tasks.o(.data)
    pxOverflowDelayedTaskList                0x20000060   Data           4  tasks.o(.data)
    uxDeletedTasksWaitingCleanUp             0x20000064   Data           4  tasks.o(.data)
    uxCurrentNumberOfTasks                   0x20000068   Data           4  tasks.o(.data)
    xTickCount                               0x2000006c   Data           4  tasks.o(.data)
    uxTopReadyPriority                       0x20000070   Data           4  tasks.o(.data)
    xSchedulerRunning                        0x20000074   Data           4  tasks.o(.data)
    xPendedTicks                             0x20000078   Data           4  tasks.o(.data)
    xYieldPending                            0x2000007c   Data           4  tasks.o(.data)
    xNumOfOverflows                          0x20000080   Data           4  tasks.o(.data)
    uxTaskNumber                             0x20000084   Data           4  tasks.o(.data)
    xNextTaskUnblockTime                     0x20000088   Data           4  tasks.o(.data)
    xIdleTaskHandle                          0x2000008c   Data           4  tasks.o(.data)
    uxSchedulerSuspended                     0x20000090   Data           4  tasks.o(.data)
    .data                                    0x20000094   Section       20  timers.o(.data)
    pxCurrentTimerList                       0x20000094   Data           4  timers.o(.data)
    pxOverflowTimerList                      0x20000098   Data           4  timers.o(.data)
    xTimerQueue                              0x2000009c   Data           4  timers.o(.data)
    xTimerTaskHandle                         0x200000a0   Data           4  timers.o(.data)
    xLastTime                                0x200000a4   Data           4  timers.o(.data)
    .bss                                     0x200000a8   Section      250  main.o(.bss)
    .bss                                     0x200001a4   Section      916  clib_arm.o(.bss)
    os_libspace                              0x200001a4   Data         480  clib_arm.o(.bss)
    os_libspace_id                           0x20000384   Data          16  clib_arm.o(.bss)
    clib_mutex_cb                            0x20000394   Data         400  clib_arm.o(.bss)
    clib_mutex_id                            0x20000524   Data          20  clib_arm.o(.bss)
    .bss                                     0x20000538   Section     1016  cmsis_os2.o(.bss)
    Idle_TCB                                 0x20000538   Data          92  cmsis_os2.o(.bss)
    Idle_Stack                               0x20000594   Data         512  cmsis_os2.o(.bss)
    Timer_TCB                                0x20000794   Data          92  cmsis_os2.o(.bss)
    Timer_Stack                              0x200007f0   Data         320  cmsis_os2.o(.bss)
    .bss                                     0x20000930   Section     8192  heap_4.o(.bss)
    ucHeap                                   0x20000930   Data        8192  heap_4.o(.bss)
    .bss                                     0x20002930   Section     1220  tasks.o(.bss)
    pxReadyTasksLists                        0x20002930   Data        1120  tasks.o(.bss)
    xDelayedTaskList1                        0x20002d90   Data          20  tasks.o(.bss)
    xDelayedTaskList2                        0x20002da4   Data          20  tasks.o(.bss)
    xPendingReadyList                        0x20002db8   Data          20  tasks.o(.bss)
    xTasksWaitingTermination                 0x20002dcc   Data          20  tasks.o(.bss)
    xSuspendedTaskList                       0x20002de0   Data          20  tasks.o(.bss)
    .bss                                     0x20002df4   Section      200  timers.o(.bss)
    xActiveTimerList1                        0x20002df4   Data          20  timers.o(.bss)
    xActiveTimerList2                        0x20002e08   Data          20  timers.o(.bss)
    xStaticTimerQueue                        0x20002e1c   Data          80  timers.o(.bss)
    ucStaticTimerQueueStorage                0x20002e6c   Data          80  timers.o(.bss)
    .bss                                     0x20002ebc   Section       96  libspace.o(.bss)
    HEAP                                     0x20002f20   Section      512  startup_stm32f10x_md.o(HEAP)
    Heap_Mem                                 0x20002f20   Data         512  startup_stm32f10x_md.o(HEAP)
    STACK                                    0x20003120   Section     1024  startup_stm32f10x_md.o(STACK)
    Stack_Mem                                0x20003120   Data        1024  startup_stm32f10x_md.o(STACK)
    __initial_sp                             0x20003520   Data           0  startup_stm32f10x_md.o(STACK)

    Global Symbols

    Symbol Name                              Value     Ov Type        Size  Object(Section)

    BuildAttributes$$THM_ISAv4$P$D$K$B$S$PE$A:L22UL41UL21$X:L11$S22US41US21$IEEE1$IW$USESV6$~STKCKD$USESV7$~SHL$OSPACE$ROPI$EBA8$UX$STANDARDLIB$REQ8$PRES8$EABIv2 0x00000000   Number         0  anon$$obj.o ABSOLUTE
    __ARM_use_no_argv                        0x00000000   Number         0  main.o ABSOLUTE
    __ARM_exceptions_init                     - Undefined Weak Reference
    __alloca_initialize                       - Undefined Weak Reference
    __arm_preinit_                            - Undefined Weak Reference
    __cpp_initialize__aeabi_                  - Undefined Weak Reference
    __cxa_finalize                            - Undefined Weak Reference
    __rt_locale                               - Undefined Weak Reference
    __sigvec_lookup                           - Undefined Weak Reference
    _atexit_init                              - Undefined Weak Reference
    _call_atexit_fns                          - Undefined Weak Reference
    _clock_init                               - Undefined Weak Reference
    _fp_trap_init                             - Undefined Weak Reference
    _fp_trap_shutdown                         - Undefined Weak Reference
    _get_lc_collate                           - Undefined Weak Reference
    _get_lc_ctype                             - Undefined Weak Reference
    _get_lc_monetary                          - Undefined Weak Reference
    _get_lc_numeric                           - Undefined Weak Reference
    _get_lc_time                              - Undefined Weak Reference
    _getenv_init                              - Undefined Weak Reference
    _handle_redirection                       - Undefined Weak Reference
    _init_alloc                               - Undefined Weak Reference
    _init_user_alloc                          - Undefined Weak Reference
    _initio                                   - Undefined Weak Reference
    _rand_init                                - Undefined Weak Reference
    _signal_finish                            - Undefined Weak Reference
    _signal_init                              - Undefined Weak Reference
    _terminate_alloc                          - Undefined Weak Reference
    _terminate_user_alloc                     - Undefined Weak Reference
    _terminateio                              - Undefined Weak Reference
    __Vectors_Size                           0x000000ec   Number         0  startup_stm32f10x_md.o ABSOLUTE
    __Vectors                                0x08000000   Data           4  startup_stm32f10x_md.o(RESET)
    __Vectors_End                            0x080000ec   Data           0  startup_stm32f10x_md.o(RESET)
    __main                                   0x080000ed   Thumb Code     8  __main.o(!!!main)
    __scatterload                            0x080000f5   Thumb Code     0  __scatter.o(!!!scatter)
    __scatterload_rt2                        0x080000f5   Thumb Code    44  __scatter.o(!!!scatter)
    __scatterload_rt2_thumb_only             0x080000f5   Thumb Code     0  __scatter.o(!!!scatter)
    __scatterload_null                       0x08000103   Thumb Code     0  __scatter.o(!!!scatter)
    __scatterload_copy                       0x08000129   Thumb Code    26  __scatter_copy.o(!!handler_copy)
    __scatterload_zeroinit                   0x08000145   Thumb Code    28  __scatter_zi.o(!!handler_zi)
    __rt_lib_init                            0x08000161   Thumb Code     0  libinit.o(.ARM.Collect$$libinit$$00000000)
    __rt_lib_init_alloca_1                   0x08000163   Thumb Code     0  libinit2.o(.ARM.Collect$$libinit$$0000002E)
    __rt_lib_init_argv_1                     0x08000163   Thumb Code     0  libinit2.o(.ARM.Collect$$libinit$$0000002C)
    __rt_lib_init_atexit_1                   0x08000163   Thumb Code     0  libinit2.o(.ARM.Collect$$libinit$$0000001B)
    __rt_lib_init_clock_1                    0x08000163   Thumb Code     0  libinit2.o(.ARM.Collect$$libinit$$00000021)
    __rt_lib_init_cpp_1                      0x08000163   Thumb Code     0  libinit2.o(.ARM.Collect$$libinit$$00000032)
    __rt_lib_init_exceptions_1               0x08000163   Thumb Code     0  libinit2.o(.ARM.Collect$$libinit$$00000030)
    __rt_lib_init_fp_1                       0x08000163   Thumb Code     0  libinit2.o(.ARM.Collect$$libinit$$00000002)
    __rt_lib_init_fp_trap_1                  0x08000163   Thumb Code     0  libinit2.o(.ARM.Collect$$libinit$$0000001F)
    __rt_lib_init_getenv_1                   0x08000163   Thumb Code     0  libinit2.o(.ARM.Collect$$libinit$$00000023)
    __rt_lib_init_heap_1                     0x08000163   Thumb Code     0  libinit2.o(.ARM.Collect$$libinit$$0000000A)
    __rt_lib_init_lc_collate_1               0x08000163   Thumb Code     0  libinit2.o(.ARM.Collect$$libinit$$00000011)
    __rt_lib_init_lc_ctype_1                 0x08000163   Thumb Code     0  libinit2.o(.ARM.Collect$$libinit$$00000013)
    __rt_lib_init_lc_monetary_1              0x08000163   Thumb Code     0  libinit2.o(.ARM.Collect$$libinit$$00000015)
    __rt_lib_init_lc_numeric_1               0x08000163   Thumb Code     0  libinit2.o(.ARM.Collect$$libinit$$00000017)
    __rt_lib_init_lc_time_1                  0x08000163   Thumb Code     0  libinit2.o(.ARM.Collect$$libinit$$00000019)
    __rt_lib_init_preinit_1                  0x08000163   Thumb Code     0  libinit2.o(.ARM.Collect$$libinit$$00000004)
    __rt_lib_init_rand_1                     0x08000163   Thumb Code     0  libinit2.o(.ARM.Collect$$libinit$$0000000E)
    __rt_lib_init_return                     0x08000163   Thumb Code     0  libinit2.o(.ARM.Collect$$libinit$$00000033)
    __rt_lib_init_signal_1                   0x08000163   Thumb Code     0  libinit2.o(.ARM.Collect$$libinit$$0000001D)
    __rt_lib_init_stdio_1                    0x08000163   Thumb Code     0  libinit2.o(.ARM.Collect$$libinit$$00000025)
    __rt_lib_init_user_alloc_1               0x08000163   Thumb Code     0  libinit2.o(.ARM.Collect$$libinit$$0000000C)
    __rt_lib_shutdown                        0x08000165   Thumb Code     0  libshutdown.o(.ARM.Collect$$libshutdown$$00000000)
    __rt_lib_shutdown_cpp_1                  0x08000167   Thumb Code     0  libshutdown2.o(.ARM.Collect$$libshutdown$$00000002)
    __rt_lib_shutdown_fp_trap_1              0x08000167   Thumb Code     0  libshutdown2.o(.ARM.Collect$$libshutdown$$00000007)
    __rt_lib_shutdown_heap_1                 0x08000167   Thumb Code     0  libshutdown2.o(.ARM.Collect$$libshutdown$$0000000F)
    __rt_lib_shutdown_return                 0x08000167   Thumb Code     0  libshutdown2.o(.ARM.Collect$$libshutdown$$00000010)
    __rt_lib_shutdown_signal_1               0x08000167   Thumb Code     0  libshutdown2.o(.ARM.Collect$$libshutdown$$0000000A)
    __rt_lib_shutdown_stdio_1                0x08000167   Thumb Code     0  libshutdown2.o(.ARM.Collect$$libshutdown$$00000004)
    __rt_lib_shutdown_user_alloc_1           0x08000167   Thumb Code     0  libshutdown2.o(.ARM.Collect$$libshutdown$$0000000C)
    __rt_entry                               0x08000169   Thumb Code     0  __rtentry.o(.ARM.Collect$$rtentry$$00000000)
    __rt_entry_presh_1                       0x08000169   Thumb Code     0  __rtentry2.o(.ARM.Collect$$rtentry$$00000002)
    __rt_entry_sh                            0x08000169   Thumb Code     0  __rtentry4.o(.ARM.Collect$$rtentry$$00000004)
    __rt_entry_postsh_1                      0x0800016f   Thumb Code     0  __rtentry2.o(.ARM.Collect$$rtentry$$00000008)
    __rt_entry_li                            0x08000177   Thumb Code     0  __rtentry2.o(.ARM.Collect$$rtentry$$0000000A)
    __rt_entry_main                          0x0800017b   Thumb Code     0  __rtentry2.o(.ARM.Collect$$rtentry$$0000000D)
    __rt_entry_postli_1                      0x0800017b   Thumb Code     0  __rtentry2.o(.ARM.Collect$$rtentry$$0000000C)
    __rt_exit                                0x08000183   Thumb Code     0  rtexit.o(.ARM.Collect$$rtexit$$00000000)
    __rt_exit_ls                             0x08000185   Thumb Code     0  rtexit2.o(.ARM.Collect$$rtexit$$00000003)
    __rt_exit_prels_1                        0x08000185   Thumb Code     0  rtexit2.o(.ARM.Collect$$rtexit$$00000002)
    __rt_exit_exit                           0x08000189   Thumb Code     0  rtexit2.o(.ARM.Collect$$rtexit$$00000004)
    SVC_Handler                              0x08000191   Thumb Code    32  port.o(.emb_text)
    __asm___6_port_c_39a90d8d__prvStartFirstTask 0x080001b5   Thumb Code    28  port.o(.emb_text)
    PendSV_Handler                           0x080001d5   Thumb Code    72  port.o(.emb_text)
    vPortGetIPSR                             0x08000221   Thumb Code     6  port.o(.emb_text)
    Reset_Handler                            0x08000229   Thumb Code     8  startup_stm32f10x_md.o(.text)
    HardFault_Handler                        0x08000233   Thumb Code     2  startup_stm32f10x_md.o(.text)
    MemManage_Handler                        0x08000235   Thumb Code     2  startup_stm32f10x_md.o(.text)
    BusFault_Handler                         0x08000237   Thumb Code     2  startup_stm32f10x_md.o(.text)
    UsageFault_Handler                       0x08000239   Thumb Code     2  startup_stm32f10x_md.o(.text)
    DebugMon_Handler                         0x0800023d   Thumb Code     2  startup_stm32f10x_md.o(.text)
    ADC1_2_IRQHandler                        0x08000243   Thumb Code     0  startup_stm32f10x_md.o(.text)
    CAN1_RX1_IRQHandler                      0x08000243   Thumb Code     0  startup_stm32f10x_md.o(.text)
    CAN1_SCE_IRQHandler                      0x08000243   Thumb Code     0  startup_stm32f10x_md.o(.text)
    DMA1_Channel1_IRQHandler                 0x08000243   Thumb Code     0  startup_stm32f10x_md.o(.text)
    DMA1_Channel2_IRQHandler                 0x08000243   Thumb Code     0  startup_stm32f10x_md.o(.text)
    DMA1_Channel3_IRQHandler                 0x08000243   Thumb Code     0  startup_stm32f10x_md.o(.text)
    DMA1_Channel4_IRQHandler                 0x08000243   Thumb Code     0  startup_stm32f10x_md.o(.text)
    DMA1_Channel5_IRQHandler                 0x08000243   Thumb Code     0  startup_stm32f10x_md.o(.text)
    DMA1_Channel6_IRQHandler                 0x08000243   Thumb Code     0  startup_stm32f10x_md.o(.text)
    DMA1_Channel7_IRQHandler                 0x08000243   Thumb Code     0  startup_stm32f10x_md.o(.text)
    EXTI0_IRQHandler                         0x08000243   Thumb Code     0  startup_stm32f10x_md.o(.text)
    EXTI15_10_IRQHandler                     0x08000243   Thumb Code     0  startup_stm32f10x_md.o(.text)
    EXTI2_IRQHandler                         0x08000243   Thumb Code     0  startup_stm32f10x_md.o(.text)
    EXTI3_IRQHandler                         0x08000243   Thumb Code     0  startup_stm32f10x_md.o(.text)
    EXTI4_IRQHandler                         0x08000243   Thumb Code     0  startup_stm32f10x_md.o(.text)
    EXTI9_5_IRQHandler                       0x08000243   Thumb Code     0  startup_stm32f10x_md.o(.text)
    FLASH_IRQHandler                         0x08000243   Thumb Code     0  startup_stm32f10x_md.o(.text)
    I2C1_ER_IRQHandler                       0x08000243   Thumb Code     0  startup_stm32f10x_md.o(.text)
    I2C1_EV_IRQHandler                       0x08000243   Thumb Code     0  startup_stm32f10x_md.o(.text)
    I2C2_ER_IRQHandler                       0x08000243   Thumb Code     0  startup_stm32f10x_md.o(.text)
    I2C2_EV_IRQHandler                       0x08000243   Thumb Code     0  startup_stm32f10x_md.o(.text)
    PVD_IRQHandler                           0x08000243   Thumb Code     0  startup_stm32f10x_md.o(.text)
    RCC_IRQHandler                           0x08000243   Thumb Code     0  startup_stm32f10x_md.o(.text)
    RTCAlarm_IRQHandler                      0x08000243   Thumb Code     0  startup_stm32f10x_md.o(.text)
    RTC_IRQHandler                           0x08000243   Thumb Code     0  startup_stm32f10x_md.o(.text)
    SPI1_IRQHandler                          0x08000243   Thumb Code     0  startup_stm32f10x_md.o(.text)
    SPI2_IRQHandler                          0x08000243   Thumb Code     0  startup_stm32f10x_md.o(.text)
    TAMPER_IRQHandler                        0x08000243   Thumb Code     0  startup_stm32f10x_md.o(.text)
    TIM1_BRK_IRQHandler                      0x08000243   Thumb Code     0  startup_stm32f10x_md.o(.text)
    TIM1_CC_IRQHandler                       0x08000243   Thumb Code     0  startup_stm32f10x_md.o(.text)
    TIM1_TRG_COM_IRQHandler                  0x08000243   Thumb Code     0  startup_stm32f10x_md.o(.text)
    TIM1_UP_IRQHandler                       0x08000243   Thumb Code     0  startup_stm32f10x_md.o(.text)
    TIM2_IRQHandler                          0x08000243   Thumb Code     0  startup_stm32f10x_md.o(.text)
    TIM3_IRQHandler                          0x08000243   Thumb Code     0  startup_stm32f10x_md.o(.text)
    TIM4_IRQHandler                          0x08000243   Thumb Code     0  startup_stm32f10x_md.o(.text)
    USART1_IRQHandler                        0x08000243   Thumb Code     0  startup_stm32f10x_md.o(.text)
    USART2_IRQHandler                        0x08000243   Thumb Code     0  startup_stm32f10x_md.o(.text)
    USART3_IRQHandler                        0x08000243   Thumb Code     0  startup_stm32f10x_md.o(.text)
    USBWakeUp_IRQHandler                     0x08000243   Thumb Code     0  startup_stm32f10x_md.o(.text)
    USB_HP_CAN1_TX_IRQHandler                0x08000243   Thumb Code     0  startup_stm32f10x_md.o(.text)
    USB_LP_CAN1_RX0_IRQHandler               0x08000243   Thumb Code     0  startup_stm32f10x_md.o(.text)
    WWDG_IRQHandler                          0x08000243   Thumb Code     0  startup_stm32f10x_md.o(.text)
    __user_initial_stackheap                 0x08000245   Thumb Code     0  startup_stm32f10x_md.o(.text)
    __2sprintf                               0x08000269   Thumb Code    34  noretval__2sprintf.o(.text)
    strlen                                   0x08000291   Thumb Code    62  strlen.o(.text)
    __aeabi_memcpy                           0x080002cf   Thumb Code     0  rt_memcpy_v6.o(.text)
    __rt_memcpy                              0x080002cf   Thumb Code   138  rt_memcpy_v6.o(.text)
    _memcpy_lastbytes                        0x08000335   Thumb Code     0  rt_memcpy_v6.o(.text)
    __aeabi_memset                           0x08000359   Thumb Code    16  aeabi_memset.o(.text)
    __use_two_region_memory                  0x08000369   Thumb Code     2  heapauxi.o(.text)
    __rt_heap_escrow$2region                 0x0800036b   Thumb Code     2  heapauxi.o(.text)
    __rt_heap_expand$2region                 0x0800036d   Thumb Code     2  heapauxi.o(.text)
    _printf_char_common                      0x0800037b   Thumb Code    32  _printf_char_common.o(.text)
    _sputc                                   0x080003a1   Thumb Code    10  _sputc.o(.text)
    __aeabi_memcpy4                          0x080003ab   Thumb Code     0  rt_memcpy_w.o(.text)
    __aeabi_memcpy8                          0x080003ab   Thumb Code     0  rt_memcpy_w.o(.text)
    __rt_memcpy_w                            0x080003ab   Thumb Code   100  rt_memcpy_w.o(.text)
    _memcpy_lastbytes_aligned                0x080003f3   Thumb Code     0  rt_memcpy_w.o(.text)
    __aeabi_memclr                           0x0800040f   Thumb Code     0  rt_memclr.o(.text)
    __rt_memclr                              0x0800040f   Thumb Code    68  rt_memclr.o(.text)
    _memset                                  0x08000413   Thumb Code     0  rt_memclr.o(.text)
    __printf                                 0x08000453   Thumb Code    40  __printf_nopercent.o(.text)
    __aeabi_memclr4                          0x0800047b   Thumb Code     0  rt_memclr_w.o(.text)
    __aeabi_memclr8                          0x0800047b   Thumb Code     0  rt_memclr_w.o(.text)
    __rt_memclr_w                            0x0800047b   Thumb Code    78  rt_memclr_w.o(.text)
    _memset_w                                0x0800047f   Thumb Code     0  rt_memclr_w.o(.text)
    __user_setup_stackheap                   0x080004c9   Thumb Code    74  sys_stackheap_outer.o(.text)
    exit                                     0x08000513   Thumb Code    18  exit.o(.text)
    __user_libspace                          0x08000525   Thumb Code     8  libspace.o(.text)
    __user_perproc_libspace                  0x08000525   Thumb Code     0  libspace.o(.text)
    _sys_exit                                0x0800052d   Thumb Code     8  sys_exit.o(.text)
    __I$use$semihosting                      0x08000539   Thumb Code     0  use_no_semi.o(.text)
    __use_no_semihosting_swi                 0x08000539   Thumb Code     2  use_no_semi.o(.text)
    EXTI1_IRQHandler                         0x0800053b   Thumb Code    14  main.o(i.EXTI1_IRQHandler)
    __semihosting_library_function           0x0800053b   Thumb Code     0  indicate_semi.o(.text)
    EXTI_ClearITPendingBit                   0x08000549   Thumb Code     6  stm32f10x_exti.o(i.EXTI_ClearITPendingBit)
    EXTI_Init                                0x08000555   Thumb Code   142  stm32f10x_exti.o(i.EXTI_Init)
    GPIO_EXTILineConfig                      0x080005e9   Thumb Code    60  stm32f10x_gpio.o(i.GPIO_EXTILineConfig)
    GPIO_Init                                0x08000629   Thumb Code   278  stm32f10x_gpio.o(i.GPIO_Init)
    GPIO_WriteBit                            0x0800073f   Thumb Code    10  stm32f10x_gpio.o(i.GPIO_WriteBit)
    NMI_Handler                              0x08000749   Thumb Code     2  main.o(i.NMI_Handler)
    RCC_APB1PeriphClockCmd                   0x0800074d   Thumb Code    26  stm32f10x_rcc.o(i.RCC_APB1PeriphClockCmd)
    RCC_APB2PeriphClockCmd                   0x0800076d   Thumb Code    26  stm32f10x_rcc.o(i.RCC_APB2PeriphClockCmd)
    RCC_DeInit                               0x0800078d   Thumb Code    64  stm32f10x_rcc.o(i.RCC_DeInit)
    RCC_GetClocksFreq                        0x080007d9   Thumb Code   192  stm32f10x_rcc.o(i.RCC_GetClocksFreq)
    SysTick_Handler                          0x08000995   Thumb Code    22  cmsis_os2.o(i.SysTick_Handler)
    SystemCoreClockUpdate                    0x080009ad   Thumb Code   142  system_stm32f10x.o(i.SystemCoreClockUpdate)
    SystemInit                               0x08000a51   Thumb Code    78  system_stm32f10x.o(i.SystemInit)
    USART_Cmd                                0x08000ab1   Thumb Code    24  stm32f10x_usart.o(i.USART_Cmd)
    USART_GetFlagStatus                      0x08000ac9   Thumb Code    26  stm32f10x_usart.o(i.USART_GetFlagStatus)
    USART_Init                               0x08000ae5   Thumb Code   210  stm32f10x_usart.o(i.USART_Init)
    USART_SendData                           0x08000bbd   Thumb Code     8  stm32f10x_usart.o(i.USART_SendData)
    _mutex_acquire                           0x08000bc5   Thumb Code    22  clib_arm.o(i._mutex_acquire)
    _mutex_free                              0x08000bdd   Thumb Code    46  clib_arm.o(i._mutex_free)
    _mutex_initialize                        0x08000c11   Thumb Code    86  clib_arm.o(i._mutex_initialize)
    _mutex_release                           0x08000c71   Thumb Code    24  clib_arm.o(i._mutex_release)
    _platform_post_stackheap_init            0x08000c89   Thumb Code     2  clib_arm.o(i._platform_post_stackheap_init)
    main                                     0x08000c8d   Thumb Code    56  main.o(i.main)
    printmsg                                 0x08000d2d   Thumb Code    44  main.o(i.printmsg)
    prvSetupLedButton                        0x08001571   Thumb Code   172  main.o(i.prvSetupLedButton)
    pvPortMalloc                             0x080017ed   Thumb Code   198  heap_4.o(i.pvPortMalloc)
    pvTaskIncrementMutexHeldCount            0x080018cd   Thumb Code    26  tasks.o(i.pvTaskIncrementMutexHeldCount)
    pxPortInitialiseStack                    0x080018ed   Thumb Code    30  port.o(i.pxPortInitialiseStack)
    uxListRemove                             0x08001911   Thumb Code    40  list.o(i.uxListRemove)
    vApplicationGetIdleTaskMemory            0x08001939   Thumb Code    14  cmsis_os2.o(i.vApplicationGetIdleTaskMemory)
    vApplicationGetTimerTaskMemory           0x08001951   Thumb Code    14  cmsis_os2.o(i.vApplicationGetTimerTaskMemory)
    vApplicationStackOverflowHook            0x08001969   Thumb Code     2  cmsis_os2.o(i.vApplicationStackOverflowHook)
    vButtonHandle                            0x0800196d   Thumb Code    14  main.o(i.vButtonHandle)
    vLedControl                              0x08001981   Thumb Code    34  main.o(i.vLedControl)
    vListInitialise                          0x080019ad   Thumb Code    26  list.o(i.vListInitialise)
    vListInitialiseItem                      0x080019c7   Thumb Code     6  list.o(i.vListInitialiseItem)
    vListInsert                              0x080019cd   Thumb Code    52  list.o(i.vListInsert)
    vListInsertEnd                           0x08001a01   Thumb Code    24  list.o(i.vListInsertEnd)
    vPortEnterCritical                       0x08001a19   Thumb Code    30  port.o(i.vPortEnterCritical)
    vPortExitCritical                        0x08001a3d   Thumb Code    28  port.o(i.vPortExitCritical)
    vPortFree                                0x08001a5d   Thumb Code    74  heap_4.o(i.vPortFree)
    vPortSetupTimerInterrupt                 0x08001ab5   Thumb Code    36  port.o(i.vPortSetupTimerInterrupt)
    vQueueDelete                             0x08001add   Thumb Code    20  queue.o(i.vQueueDelete)
    vQueueWaitForMessageRestricted           0x08001af1   Thumb Code    74  queue.o(i.vQueueWaitForMessageRestricted)
    vTaskInternalSetTimeOutState             0x08001b3d   Thumb Code    14  tasks.o(i.vTaskInternalSetTimeOutState)
    vTaskMissedYield                         0x08001b55   Thumb Code     8  tasks.o(i.vTaskMissedYield)
    vTaskPlaceOnEventList                    0x08001b61   Thumb Code    28  tasks.o(i.vTaskPlaceOnEventList)
    vTaskPlaceOnEventListRestricted          0x08001b81   Thumb Code    36  tasks.o(i.vTaskPlaceOnEventListRestricted)
    vTaskPriorityDisinheritAfterTimeout      0x08001ba9   Thumb Code   130  tasks.o(i.vTaskPriorityDisinheritAfterTimeout)
    vTaskStartScheduler                      0x08001c35   Thumb Code   120  tasks.o(i.vTaskStartScheduler)
    vTaskSuspendAll                          0x08001cc9   Thumb Code    12  tasks.o(i.vTaskSuspendAll)
    vTaskSwitchContext                       0x08001cd9   Thumb Code   154  tasks.o(i.vTaskSwitchContext)
    xPortStartScheduler                      0x08001d89   Thumb Code    42  port.o(i.xPortStartScheduler)
    xPortSysTickHandler                      0x08001dbd   Thumb Code    46  port.o(i.xPortSysTickHandler)
    xQueueCreateMutex                        0x08001df1   Thumb Code    34  queue.o(i.xQueueCreateMutex)
    xQueueCreateMutexStatic                  0x08001e13   Thumb Code    42  queue.o(i.xQueueCreateMutexStatic)
    xQueueGenericCreate                      0x08001e3d   Thumb Code    58  queue.o(i.xQueueGenericCreate)
    xQueueGenericCreateStatic                0x08001e77   Thumb Code    46  queue.o(i.xQueueGenericCreateStatic)
    xQueueGenericReset                       0x08001ea5   Thumb Code   122  queue.o(i.xQueueGenericReset)
    xQueueGenericSend                        0x08001f25   Thumb Code   276  queue.o(i.xQueueGenericSend)
    xQueueGenericSendFromISR                 0x0800203d   Thumb Code   138  queue.o(i.xQueueGenericSendFromISR)
    xQueueReceive                            0x080020c9   Thumb Code   256  queue.o(i.xQueueReceive)
    xQueueSemaphoreTake                      0x080021cd   Thumb Code   300  queue.o(i.xQueueSemaphoreTake)
    xTaskCheckForTimeOut                     0x080022fd   Thumb Code    84  tasks.o(i.xTaskCheckForTimeOut)
    xTaskCreate                              0x08002359   Thumb Code   100  tasks.o(i.xTaskCreate)
    xTaskCreateStatic                        0x080023bd   Thumb Code    78  tasks.o(i.xTaskCreateStatic)
    xTaskGetSchedulerState                   0x0800240d   Thumb Code    24  tasks.o(i.xTaskGetSchedulerState)
    xTaskGetTickCount                        0x0800242d   Thumb Code     6  tasks.o(i.xTaskGetTickCount)
    xTaskIncrementTick                       0x08002439   Thumb Code   236  tasks.o(i.xTaskIncrementTick)
    xTaskPriorityDisinherit                  0x08002551   Thumb Code    86  tasks.o(i.xTaskPriorityDisinherit)
    xTaskPriorityInherit                     0x080025b1   Thumb Code   150  tasks.o(i.xTaskPriorityInherit)
    xTaskRemoveFromEventList                 0x08002655   Thumb Code   102  tasks.o(i.xTaskRemoveFromEventList)
    xTaskResumeAll                           0x080026d5   Thumb Code   194  tasks.o(i.xTaskResumeAll)
    xTimerCreateTimerTask                    0x080027bd   Thumb Code    76  timers.o(i.xTimerCreateTimerTask)
    xTimerGenericCommand                     0x0800281d   Thumb Code   104  timers.o(i.xTimerGenericCommand)
    Region$$Table$$Base                      0x08002888   Number         0  anon$$obj.o(Region$$Table)
    Region$$Table$$Limit                     0x080028a8   Number         0  anon$$obj.o(Region$$Table)
    xLedHandle                               0x20000000   Data           4  main.o(.data)
    xButtonHandle                            0x20000004   Data           4  main.o(.data)
    UART_ACCESS_KEY                          0x20000008   Data           1  main.o(.data)
    buttonStatusFlag                         0x20000009   Data           1  main.o(.data)
    SystemCoreClock                          0x20000020   Data           4  system_stm32f10x.o(.data)
    AHBPrescTable                            0x20000024   Data          16  system_stm32f10x.o(.data)
    pxCurrentTCB                             0x20000058   Data           4  tasks.o(.data)
    user_msg                                 0x200000a8   Data         250  main.o(.bss)
    __libspace_start                         0x20002ebc   Data          96  libspace.o(.bss)
    __temporary_stack_top$libspace           0x20002f1c   Data           0  libspace.o(.bss)



==============================================================================

Memory Map of the image

  Image Entry point : 0x080000ed

  Load Region LR_IROM1 (Base: 0x08000000, Size: 0x00002950, Max: 0x00010000, ABSOLUTE)

    Execution Region ER_IROM1 (Exec base: 0x08000000, Load base: 0x08000000, Size: 0x000028a8, Max: 0x00010000, ABSOLUTE)

    Exec Addr    Load Addr    Size         Type   Attr      Idx    E Section Name        Object

    0x08000000   0x08000000   0x000000ec   Data   RO         1596    RESET               startup_stm32f10x_md.o
    0x080000ec   0x080000ec   0x00000008   Code   RO         2886  * !!!main             c_w.l(__main.o)
    0x080000f4   0x080000f4   0x00000034   Code   RO         3053    !!!scatter          c_w.l(__scatter.o)
    0x08000128   0x08000128   0x0000001a   Code   RO         3055    !!handler_copy      c_w.l(__scatter_copy.o)
    0x08000142   0x08000142   0x00000002   PAD
    0x08000144   0x08000144   0x0000001c   Code   RO         3057    !!handler_zi        c_w.l(__scatter_zi.o)
    0x08000160   0x08000160   0x00000002   Code   RO         2923    .ARM.Collect$$libinit$$00000000  c_w.l(libinit.o)
    0x08000162   0x08000162   0x00000000   Code   RO         2930    .ARM.Collect$$libinit$$00000002  c_w.l(libinit2.o)
    0x08000162   0x08000162   0x00000000   Code   RO         2932    .ARM.Collect$$libinit$$00000004  c_w.l(libinit2.o)
    0x08000162   0x08000162   0x00000000   Code   RO         2935    .ARM.Collect$$libinit$$0000000A  c_w.l(libinit2.o)
    0x08000162   0x08000162   0x00000000   Code   RO         2937    .ARM.Collect$$libinit$$0000000C  c_w.l(libinit2.o)
    0x08000162   0x08000162   0x00000000   Code   RO         2939    .ARM.Collect$$libinit$$0000000E  c_w.l(libinit2.o)
    0x08000162   0x08000162   0x00000000   Code   RO         2942    .ARM.Collect$$libinit$$00000011  c_w.l(libinit2.o)
    0x08000162   0x08000162   0x00000000   Code   RO         2944    .ARM.Collect$$libinit$$00000013  c_w.l(libinit2.o)
    0x08000162   0x08000162   0x00000000   Code   RO         2946    .ARM.Collect$$libinit$$00000015  c_w.l(libinit2.o)
    0x08000162   0x08000162   0x00000000   Code   RO         2948    .ARM.Collect$$libinit$$00000017  c_w.l(libinit2.o)
    0x08000162   0x08000162   0x00000000   Code   RO         2950    .ARM.Collect$$libinit$$00000019  c_w.l(libinit2.o)
    0x08000162   0x08000162   0x00000000   Code   RO         2952    .ARM.Collect$$libinit$$0000001B  c_w.l(libinit2.o)
    0x08000162   0x08000162   0x00000000   Code   RO         2954    .ARM.Collect$$libinit$$0000001D  c_w.l(libinit2.o)
    0x08000162   0x08000162   0x00000000   Code   RO         2956    .ARM.Collect$$libinit$$0000001F  c_w.l(libinit2.o)
    0x08000162   0x08000162   0x00000000   Code   RO         2958    .ARM.Collect$$libinit$$00000021  c_w.l(libinit2.o)
    0x08000162   0x08000162   0x00000000   Code   RO         2960    .ARM.Collect$$libinit$$00000023  c_w.l(libinit2.o)
    0x08000162   0x08000162   0x00000000   Code   RO         2962    .ARM.Collect$$libinit$$00000025  c_w.l(libinit2.o)
    0x08000162   0x08000162   0x00000000   Code   RO         2966    .ARM.Collect$$libinit$$0000002C  c_w.l(libinit2.o)
    0x08000162   0x08000162   0x00000000   Code   RO         2968    .ARM.Collect$$libinit$$0000002E  c_w.l(libinit2.o)
    0x08000162   0x08000162   0x00000000   Code   RO         2970    .ARM.Collect$$libinit$$00000030  c_w.l(libinit2.o)
    0x08000162   0x08000162   0x00000000   Code   RO         2972    .ARM.Collect$$libinit$$00000032  c_w.l(libinit2.o)
    0x08000162   0x08000162   0x00000002   Code   RO         2973    .ARM.Collect$$libinit$$00000033  c_w.l(libinit2.o)
    0x08000164   0x08000164   0x00000002   Code   RO         2993    .ARM.Collect$$libshutdown$$00000000  c_w.l(libshutdown.o)
    0x08000166   0x08000166   0x00000000   Code   RO         3006    .ARM.Collect$$libshutdown$$00000002  c_w.l(libshutdown2.o)
    0x08000166   0x08000166   0x00000000   Code   RO         3008    .ARM.Collect$$libshutdown$$00000004  c_w.l(libshutdown2.o)
    0x08000166   0x08000166   0x00000000   Code   RO         3011    .ARM.Collect$$libshutdown$$00000007  c_w.l(libshutdown2.o)
    0x08000166   0x08000166   0x00000000   Code   RO         3014    .ARM.Collect$$libshutdown$$0000000A  c_w.l(libshutdown2.o)
    0x08000166   0x08000166   0x00000000   Code   RO         3016    .ARM.Collect$$libshutdown$$0000000C  c_w.l(libshutdown2.o)
    0x08000166   0x08000166   0x00000000   Code   RO         3019    .ARM.Collect$$libshutdown$$0000000F  c_w.l(libshutdown2.o)
    0x08000166   0x08000166   0x00000002   Code   RO         3020    .ARM.Collect$$libshutdown$$00000010  c_w.l(libshutdown2.o)
    0x08000168   0x08000168   0x00000000   Code   RO         2888    .ARM.Collect$$rtentry$$00000000  c_w.l(__rtentry.o)
    0x08000168   0x08000168   0x00000000   Code   RO         2898    .ARM.Collect$$rtentry$$00000002  c_w.l(__rtentry2.o)
    0x08000168   0x08000168   0x00000006   Code   RO         2910    .ARM.Collect$$rtentry$$00000004  c_w.l(__rtentry4.o)
    0x0800016e   0x0800016e   0x00000008   Code   RO         2899    .ARM.Collect$$rtentry$$00000008  c_w.l(__rtentry2.o)
    0x08000176   0x08000176   0x00000004   Code   RO         2901    .ARM.Collect$$rtentry$$0000000A  c_w.l(__rtentry2.o)
    0x0800017a   0x0800017a   0x00000000   Code   RO         2903    .ARM.Collect$$rtentry$$0000000C  c_w.l(__rtentry2.o)
    0x0800017a   0x0800017a   0x00000008   Code   RO         2904    .ARM.Collect$$rtentry$$0000000D  c_w.l(__rtentry2.o)
    0x08000182   0x08000182   0x00000002   Code   RO         2927    .ARM.Collect$$rtexit$$00000000  c_w.l(rtexit.o)
    0x08000184   0x08000184   0x00000000   Code   RO         2975    .ARM.Collect$$rtexit$$00000002  c_w.l(rtexit2.o)
    0x08000184   0x08000184   0x00000004   Code   RO         2976    .ARM.Collect$$rtexit$$00000003  c_w.l(rtexit2.o)
    0x08000188   0x08000188   0x00000006   Code   RO         2977    .ARM.Collect$$rtexit$$00000004  c_w.l(rtexit2.o)
    0x0800018e   0x0800018e   0x00000002   PAD
    0x08000190   0x08000190   0x00000096   Code   RO         1983    .emb_text           port.o
    0x08000226   0x08000226   0x00000002   PAD
    0x08000228   0x08000228   0x00000040   Code   RO         1597    .text               startup_stm32f10x_md.o
    0x08000268   0x08000268   0x00000028   Code   RO         2876    .text               c_w.l(noretval__2sprintf.o)
    0x08000290   0x08000290   0x0000003e   Code   RO         2878    .text               c_w.l(strlen.o)
    0x080002ce   0x080002ce   0x0000008a   Code   RO         2880    .text               c_w.l(rt_memcpy_v6.o)
    0x08000358   0x08000358   0x00000010   Code   RO         2882    .text               c_w.l(aeabi_memset.o)
    0x08000368   0x08000368   0x00000006   Code   RO         2884    .text               c_w.l(heapauxi.o)
    0x0800036e   0x0800036e   0x00000002   PAD
    0x08000370   0x08000370   0x00000030   Code   RO         2889    .text               c_w.l(_printf_char_common.o)
    0x080003a0   0x080003a0   0x0000000a   Code   RO         2891    .text               c_w.l(_sputc.o)
    0x080003aa   0x080003aa   0x00000064   Code   RO         2893    .text               c_w.l(rt_memcpy_w.o)
    0x0800040e   0x0800040e   0x00000044   Code   RO         2895    .text               c_w.l(rt_memclr.o)
    0x08000452   0x08000452   0x00000028   Code   RO         2912    .text               c_w.l(__printf_nopercent.o)
    0x0800047a   0x0800047a   0x0000004e   Code   RO         2914    .text               c_w.l(rt_memclr_w.o)
    0x080004c8   0x080004c8   0x0000004a   Code   RO         2916    .text               c_w.l(sys_stackheap_outer.o)
    0x08000512   0x08000512   0x00000012   Code   RO         2918    .text               c_w.l(exit.o)
    0x08000524   0x08000524   0x00000008   Code   RO         2924    .text               c_w.l(libspace.o)
    0x0800052c   0x0800052c   0x0000000c   Code   RO         2985    .text               c_w.l(sys_exit.o)
    0x08000538   0x08000538   0x00000002   Code   RO         2996    .text               c_w.l(use_no_semi.o)
    0x0800053a   0x0800053a   0x00000000   Code   RO         2998    .text               c_w.l(indicate_semi.o)
    0x0800053a   0x0800053a   0x0000000e   Code   RO            4    i.EXTI1_IRQHandler  main.o
    0x08000548   0x08000548   0x0000000c   Code   RO         1651    i.EXTI_ClearITPendingBit  stm32f10x_exti.o
    0x08000554   0x08000554   0x00000094   Code   RO         1656    i.EXTI_Init         stm32f10x_exti.o
    0x080005e8   0x080005e8   0x00000040   Code   RO         1022    i.GPIO_EXTILineConfig  stm32f10x_gpio.o
    0x08000628   0x08000628   0x00000116   Code   RO         1025    i.GPIO_Init         stm32f10x_gpio.o
    0x0800073e   0x0800073e   0x0000000a   Code   RO         1036    i.GPIO_WriteBit     stm32f10x_gpio.o
    0x08000748   0x08000748   0x00000002   Code   RO            5    i.NMI_Handler       main.o
    0x0800074a   0x0800074a   0x00000002   PAD
    0x0800074c   0x0800074c   0x00000020   Code   RO         1147    i.RCC_APB1PeriphClockCmd  stm32f10x_rcc.o
    0x0800076c   0x0800076c   0x00000020   Code   RO         1149    i.RCC_APB2PeriphClockCmd  stm32f10x_rcc.o
    0x0800078c   0x0800078c   0x0000004c   Code   RO         1156    i.RCC_DeInit        stm32f10x_rcc.o
    0x080007d8   0x080007d8   0x000000d4   Code   RO         1157    i.RCC_GetClocksFreq  stm32f10x_rcc.o
    0x080008ac   0x080008ac   0x00000008   Code   RO         1604    i.SetSysClock       system_stm32f10x.o
    0x080008b4   0x080008b4   0x000000e0   Code   RO         1605    i.SetSysClockTo72   system_stm32f10x.o
    0x08000994   0x08000994   0x00000016   Code   RO          357    i.SysTick_Handler   cmsis_os2.o
    0x080009aa   0x080009aa   0x00000002   PAD
    0x080009ac   0x080009ac   0x000000a4   Code   RO         1606    i.SystemCoreClockUpdate  system_stm32f10x.o
    0x08000a50   0x08000a50   0x00000060   Code   RO         1607    i.SystemInit        system_stm32f10x.o
    0x08000ab0   0x08000ab0   0x00000018   Code   RO         1361    i.USART_Cmd         stm32f10x_usart.o
    0x08000ac8   0x08000ac8   0x0000001a   Code   RO         1364    i.USART_GetFlagStatus  stm32f10x_usart.o
    0x08000ae2   0x08000ae2   0x00000002   PAD
    0x08000ae4   0x08000ae4   0x000000d8   Code   RO         1368    i.USART_Init        stm32f10x_usart.o
    0x08000bbc   0x08000bbc   0x00000008   Code   RO         1378    i.USART_SendData    stm32f10x_usart.o
    0x08000bc4   0x08000bc4   0x00000016   Code   RO          166    i._mutex_acquire    clib_arm.o
    0x08000bda   0x08000bda   0x00000002   PAD
    0x08000bdc   0x08000bdc   0x00000034   Code   RO          167    i._mutex_free       clib_arm.o
    0x08000c10   0x08000c10   0x00000060   Code   RO          168    i._mutex_initialize  clib_arm.o
    0x08000c70   0x08000c70   0x00000018   Code   RO          169    i._mutex_release    clib_arm.o
    0x08000c88   0x08000c88   0x00000002   Code   RO          170    i._platform_post_stackheap_init  clib_arm.o
    0x08000c8a   0x08000c8a   0x00000002   PAD
    0x08000c8c   0x08000c8c   0x0000007c   Code   RO            6    i.main              main.o
    0x08000d08   0x08000d08   0x00000024   Code   RO          171    i.os_kernel_is_active  clib_arm.o
    0x08000d2c   0x08000d2c   0x00000030   Code   RO            7    i.printmsg          main.o
    0x08000d5c   0x08000d5c   0x0000007c   Code   RO         2303    i.prvAddCurrentTaskToDelayedList  tasks.o
    0x08000dd8   0x08000dd8   0x000000b8   Code   RO         2304    i.prvAddNewTaskToReadyList  tasks.o
    0x08000e90   0x08000e90   0x0000005c   Code   RO         2700    i.prvCheckForValidListAndQueue  timers.o
    0x08000eec   0x08000eec   0x00000048   Code   RO         2305    i.prvCheckTasksWaitingTermination  tasks.o
    0x08000f34   0x08000f34   0x0000002a   Code   RO         2066    i.prvCopyDataFromQueue  queue.o
    0x08000f5e   0x08000f5e   0x0000007e   Code   RO         2067    i.prvCopyDataToQueue  queue.o
    0x08000fdc   0x08000fdc   0x00000028   Code   RO         2306    i.prvDeleteTCB      tasks.o
    0x08001004   0x08001004   0x00000014   Code   RO         2068    i.prvGetDisinheritPriorityAfterTimeout  queue.o
    0x08001018   0x08001018   0x00000028   Code   RO         2701    i.prvGetNextExpireTime  timers.o
    0x08001040   0x08001040   0x0000007c   Code   RO         1916    i.prvHeapInit       heap_4.o
    0x080010bc   0x080010bc   0x00000028   Code   RO         2307    i.prvIdleTask       tasks.o
    0x080010e4   0x080010e4   0x0000001e   Code   RO         2069    i.prvInitialiseMutex  queue.o
    0x08001102   0x08001102   0x0000002a   Code   RO         2070    i.prvInitialiseNewQueue  queue.o
    0x0800112c   0x0800112c   0x0000009a   Code   RO         2308    i.prvInitialiseNewTask  tasks.o
    0x080011c6   0x080011c6   0x00000002   PAD
    0x080011c8   0x080011c8   0x00000068   Code   RO         2309    i.prvInitialiseTaskLists  tasks.o
    0x08001230   0x08001230   0x00000068   Code   RO         1917    i.prvInsertBlockIntoFreeList  heap_4.o
    0x08001298   0x08001298   0x00000058   Code   RO         2703    i.prvInsertTimerInActiveList  timers.o
    0x080012f0   0x080012f0   0x0000001a   Code   RO         2071    i.prvIsQueueEmpty   queue.o
    0x0800130a   0x0800130a   0x0000001e   Code   RO         2072    i.prvIsQueueFull    queue.o
    0x08001328   0x08001328   0x0000005c   Code   RO         2704    i.prvProcessExpiredTimer  timers.o
    0x08001384   0x08001384   0x0000010c   Code   RO         2705    i.prvProcessReceivedCommands  timers.o
    0x08001490   0x08001490   0x00000074   Code   RO         2706    i.prvProcessTimerOrBlockTask  timers.o
    0x08001504   0x08001504   0x00000034   Code   RO         2311    i.prvResetNextTaskUnblockTime  tasks.o
    0x08001538   0x08001538   0x0000002c   Code   RO         2707    i.prvSampleTimeNow  timers.o
    0x08001564   0x08001564   0x0000000c   Code   RO            8    i.prvSetupHardware  main.o
    0x08001570   0x08001570   0x000000b8   Code   RO            9    i.prvSetupLedButton  main.o
    0x08001628   0x08001628   0x0000008c   Code   RO           10    i.prvSetupUart      main.o
    0x080016b4   0x080016b4   0x00000088   Code   RO         2708    i.prvSwitchTimerLists  timers.o
    0x0800173c   0x0800173c   0x00000016   Code   RO         1984    i.prvTaskExitError  port.o
    0x08001752   0x08001752   0x0000001a   Code   RO         2709    i.prvTimerTask      timers.o
    0x0800176c   0x0800176c   0x0000007e   Code   RO         2073    i.prvUnlockQueue    queue.o
    0x080017ea   0x080017ea   0x00000002   PAD
    0x080017ec   0x080017ec   0x000000e0   Code   RO         1918    i.pvPortMalloc      heap_4.o
    0x080018cc   0x080018cc   0x00000020   Code   RO         2314    i.pvTaskIncrementMutexHeldCount  tasks.o
    0x080018ec   0x080018ec   0x00000024   Code   RO         1985    i.pxPortInitialiseStack  port.o
    0x08001910   0x08001910   0x00000028   Code   RO         1865    i.uxListRemove      list.o
    0x08001938   0x08001938   0x00000018   Code   RO          433    i.vApplicationGetIdleTaskMemory  cmsis_os2.o
    0x08001950   0x08001950   0x00000018   Code   RO          434    i.vApplicationGetTimerTaskMemory  cmsis_os2.o
    0x08001968   0x08001968   0x00000002   Code   RO          435    i.vApplicationStackOverflowHook  cmsis_os2.o
    0x0800196a   0x0800196a   0x00000002   PAD
    0x0800196c   0x0800196c   0x00000014   Code   RO           11    i.vButtonHandle     main.o
    0x08001980   0x08001980   0x0000002c   Code   RO           12    i.vLedControl       main.o
    0x080019ac   0x080019ac   0x0000001a   Code   RO         1866    i.vListInitialise   list.o
    0x080019c6   0x080019c6   0x00000006   Code   RO         1867    i.vListInitialiseItem  list.o
    0x080019cc   0x080019cc   0x00000034   Code   RO         1868    i.vListInsert       list.o
    0x08001a00   0x08001a00   0x00000018   Code   RO         1869    i.vListInsertEnd    list.o
    0x08001a18   0x08001a18   0x00000024   Code   RO         1987    i.vPortEnterCritical  port.o
    0x08001a3c   0x08001a3c   0x00000020   Code   RO         1988    i.vPortExitCritical  port.o
    0x08001a5c   0x08001a5c   0x00000058   Code   RO         1919    i.vPortFree         heap_4.o
    0x08001ab4   0x08001ab4   0x00000028   Code   RO         1989    i.vPortSetupTimerInterrupt  port.o
    0x08001adc   0x08001adc   0x00000014   Code   RO         2079    i.vQueueDelete      queue.o
    0x08001af0   0x08001af0   0x0000004a   Code   RO         2081    i.vQueueWaitForMessageRestricted  queue.o
    0x08001b3a   0x08001b3a   0x00000002   PAD
    0x08001b3c   0x08001b3c   0x00000018   Code   RO         2329    i.vTaskInternalSetTimeOutState  tasks.o
    0x08001b54   0x08001b54   0x0000000c   Code   RO         2330    i.vTaskMissedYield  tasks.o
    0x08001b60   0x08001b60   0x00000020   Code   RO         2332    i.vTaskPlaceOnEventList  tasks.o
    0x08001b80   0x08001b80   0x00000028   Code   RO         2333    i.vTaskPlaceOnEventListRestricted  tasks.o
    0x08001ba8   0x08001ba8   0x0000008c   Code   RO         2335    i.vTaskPriorityDisinheritAfterTimeout  tasks.o
    0x08001c34   0x08001c34   0x00000094   Code   RO         2341    i.vTaskStartScheduler  tasks.o
    0x08001cc8   0x08001cc8   0x00000010   Code   RO         2343    i.vTaskSuspendAll   tasks.o
    0x08001cd8   0x08001cd8   0x000000b0   Code   RO         2344    i.vTaskSwitchContext  tasks.o
    0x08001d88   0x08001d88   0x00000034   Code   RO         1990    i.xPortStartScheduler  port.o
    0x08001dbc   0x08001dbc   0x00000034   Code   RO         1991    i.xPortSysTickHandler  port.o
    0x08001df0   0x08001df0   0x00000022   Code   RO         2084    i.xQueueCreateMutex  queue.o
    0x08001e12   0x08001e12   0x0000002a   Code   RO         2085    i.xQueueCreateMutexStatic  queue.o
    0x08001e3c   0x08001e3c   0x0000003a   Code   RO         2086    i.xQueueGenericCreate  queue.o
    0x08001e76   0x08001e76   0x0000002e   Code   RO         2087    i.xQueueGenericCreateStatic  queue.o
    0x08001ea4   0x08001ea4   0x00000080   Code   RO         2088    i.xQueueGenericReset  queue.o
    0x08001f24   0x08001f24   0x00000118   Code   RO         2089    i.xQueueGenericSend  queue.o
    0x0800203c   0x0800203c   0x0000008a   Code   RO         2090    i.xQueueGenericSendFromISR  queue.o
    0x080020c6   0x080020c6   0x00000002   PAD
    0x080020c8   0x080020c8   0x00000104   Code   RO         2099    i.xQueueReceive     queue.o
    0x080021cc   0x080021cc   0x00000130   Code   RO         2101    i.xQueueSemaphoreTake  queue.o
    0x080022fc   0x080022fc   0x0000005c   Code   RO         2346    i.xTaskCheckForTimeOut  tasks.o
    0x08002358   0x08002358   0x00000064   Code   RO         2347    i.xTaskCreate       tasks.o
    0x080023bc   0x080023bc   0x0000004e   Code   RO         2348    i.xTaskCreateStatic  tasks.o
    0x0800240a   0x0800240a   0x00000002   PAD
    0x0800240c   0x0800240c   0x00000020   Code   RO         2352    i.xTaskGetSchedulerState  tasks.o
    0x0800242c   0x0800242c   0x0000000c   Code   RO         2353    i.xTaskGetTickCount  tasks.o
    0x08002438   0x08002438   0x00000118   Code   RO         2355    i.xTaskIncrementTick  tasks.o
    0x08002550   0x08002550   0x00000060   Code   RO         2358    i.xTaskPriorityDisinherit  tasks.o
    0x080025b0   0x080025b0   0x000000a4   Code   RO         2359    i.xTaskPriorityInherit  tasks.o
    0x08002654   0x08002654   0x00000080   Code   RO         2360    i.xTaskRemoveFromEventList  tasks.o
    0x080026d4   0x080026d4   0x000000e8   Code   RO         2361    i.xTaskResumeAll    tasks.o
    0x080027bc   0x080027bc   0x00000060   Code   RO         2718    i.xTimerCreateTimerTask  timers.o
    0x0800281c   0x0800281c   0x0000006c   Code   RO         2719    i.xTimerGenericCommand  timers.o
    0x08002888   0x08002888   0x00000020   Data   RO         3051    Region$$Table       anon$$obj.o


    Execution Region RW_IRAM1 (Exec base: 0x20000000, Load base: 0x080028a8, Size: 0x00003520, Max: 0x00005000, ABSOLUTE)

    Exec Addr    Load Addr    Size         Type   Attr      Idx    E Section Name        Object

    0x20000000   0x080028a8   0x0000000a   Data   RW           14    .data               main.o
    0x2000000a   0x080028b2   0x00000001   Data   RW          173    .data               clib_arm.o
    0x2000000b   0x080028b3   0x00000014   Data   RW         1177    .data               stm32f10x_rcc.o
    0x2000001f   0x080028c7   0x00000001   PAD
    0x20000020   0x080028c8   0x00000014   Data   RW         1608    .data               system_stm32f10x.o
    0x20000034   0x080028dc   0x00000020   Data   RW         1925    .data               heap_4.o
    0x20000054   0x080028fc   0x00000004   Data   RW         1992    .data               port.o
    0x20000058   0x08002900   0x0000003c   Data   RW         2364    .data               tasks.o
    0x20000094   0x0800293c   0x00000014   Data   RW         2727    .data               timers.o
    0x200000a8        -       0x000000fa   Zero   RW           13    .bss                main.o
    0x200001a2   0x08002950   0x00000002   PAD
    0x200001a4        -       0x00000394   Zero   RW          172    .bss                clib_arm.o
    0x20000538        -       0x000003f8   Zero   RW          436    .bss                cmsis_os2.o
    0x20000930        -       0x00002000   Zero   RW         1924    .bss                heap_4.o
    0x20002930        -       0x000004c4   Zero   RW         2363    .bss                tasks.o
    0x20002df4        -       0x000000c8   Zero   RW         2726    .bss                timers.o
    0x20002ebc        -       0x00000060   Zero   RW         2925    .bss                c_w.l(libspace.o)
    0x20002f1c   0x08002950   0x00000004   PAD
    0x20002f20        -       0x00000200   Zero   RW         1595    HEAP                startup_stm32f10x_md.o
    0x20003120        -       0x00000400   Zero   RW         1594    STACK               startup_stm32f10x_md.o


==============================================================================

Image component sizes


      Code (inc. data)   RO Data    RW Data    ZI Data      Debug   Object Name

       232         20          0          1        916      23000   clib_arm.o
         0          0          0          0          0        392   cmsis_os1.o
        72         20          0          0       1016      26543   cmsis_os2.o
         0          0          0          0          0      11512   event_groups.o
       540         74          0         32       8192       4351   heap_4.o
       148          0          0          0          0      12622   list.o
       588        110          0         10        250     272677   main.o
       420         48          0          4          0       9436   port.o
      1826         18          0          0          0      19806   queue.o
        64         26        236          0       1536        804   startup_stm32f10x_md.o
       160         12          0          0          0       1913   stm32f10x_exti.o
       352          4          0          0          0       3646   stm32f10x_gpio.o
       352         44          0         20          0       5483   stm32f10x_rcc.o
       274          6          0          0          0       4576   stm32f10x_usart.o
       492         50          0         20          0       3037   system_stm32f10x.o
      2604        364          0         60       1220      40078   tasks.o
      1106        114          0         20        200      12247   timers.o

    ----------------------------------------------------------------------
      9254        910        268        168      13332     452123   Object Totals
         0          0         32          0          0          0   (incl. Generated)
        24          0          0          1          2          0   (incl. Padding)

    ----------------------------------------------------------------------

      Code (inc. data)   RO Data    RW Data    ZI Data      Debug   Library Member Name

         8          0          0          0          0         68   __main.o
        40          0          0          0          0         84   __printf_nopercent.o
         0          0          0          0          0          0   __rtentry.o
        20          0          0          0          0          0   __rtentry2.o
         6          0          0          0          0          0   __rtentry4.o
        52          8          0          0          0          0   __scatter.o
        26          0          0          0          0          0   __scatter_copy.o
        28          0          0          0          0          0   __scatter_zi.o
        48          6          0          0          0         96   _printf_char_common.o
        10          0          0          0          0         68   _sputc.o
        16          0          0          0          0         68   aeabi_memset.o
        18          0          0          0          0         80   exit.o
         6          0          0          0          0        152   heapauxi.o
         0          0          0          0          0          0   indicate_semi.o
         2          0          0          0          0          0   libinit.o
         2          0          0          0          0          0   libinit2.o
         2          0          0          0          0          0   libshutdown.o
         2          0          0          0          0          0   libshutdown2.o
         8          4          0          0         96         68   libspace.o
        40          6          0          0          0         84   noretval__2sprintf.o
        68          0          0          0          0         68   rt_memclr.o
        78          0          0          0          0         80   rt_memclr_w.o
       138          0          0          0          0         68   rt_memcpy_v6.o
       100          0          0          0          0         80   rt_memcpy_w.o
         2          0          0          0          0          0   rtexit.o
        10          0          0          0          0          0   rtexit2.o
        62          0          0          0          0         76   strlen.o
        12          4          0          0          0         68   sys_exit.o
        74          0          0          0          0         80   sys_stackheap_outer.o
         2          0          0          0          0         68   use_no_semi.o

    ----------------------------------------------------------------------
       886         28          0          0        100       1356   Library Totals
         6          0          0          0          4          0   (incl. Padding)

    ----------------------------------------------------------------------

      Code (inc. data)   RO Data    RW Data    ZI Data      Debug   Library Name

       880         28          0          0         96       1356   c_w.l

    ----------------------------------------------------------------------
       886         28          0          0        100       1356   Library Totals

    ----------------------------------------------------------------------

==============================================================================


      Code (inc. data)   RO Data    RW Data    ZI Data      Debug   

     10140        938        268        168      13432     447287   Grand Totals
     10140        938        268        168      13432     447287   ELF Image Totals
     10140        938        268        168          0          0   ROM Totals

==============================================================================

    Total RO  Size (Code + RO Data)                10408 (  10.16kB)
    Total RW  Size (RW Data + ZI Data)             13600 (  13.28kB)
    Total ROM Size (Code + RO Data + RW Data)      10576 (  10.33kB)

==============================================================================

