<html>
<body>
<pre>
<h1>µVision Build Log</h1>
<h2>Tool Versions:</h2>
IDE-Version: µVision V5.28.0.0
Copyright (C) 2019 ARM Ltd and ARM Germany GmbH. All rights reserved.
License Information: Ramesh Kumar, Exackt, LIC=GE730-BP44T-JM498-3J618-6XJRX-BDUU1
 
Tool Versions:
Toolchain:       MDK-ARM Professional  Version: 5.28.0.0
Toolchain Path:  C:\Keil_v5\ARM\ARMCC\Bin
C Compiler:      Armcc.exe V5.06 update 6 (build 750)
Assembler:       Armasm.exe V5.06 update 6 (build 750)
Linker/Locator:  ArmLink.exe V5.06 update 6 (build 750)
Library Manager: ArmAr.exe V5.06 update 6 (build 750)
Hex Converter:   FromElf.exe V5.06 update 6 (build 750)
CPU DLL:         SARMCM3.DLL V5.28.0.0
Dialog DLL:      DCM.DLL V1.17.3.0
Target DLL:      STLink\ST-LINKIII-KEIL_SWO.dll V3.0.6.0
Dialog DLL:      TCM.DLL V1.36.2.0
 
<h2>Project:</h2>
D:\ARM\RTOS\STM32F103C8\008_suspended_resume\000_Task_creation.uvprojx
Project File Date:  03/24/2021

<h2>Output:</h2>
*** Using Compiler 'V5.06 update 6 (build 750)', folder: 'C:\Keil_v5\ARM\ARMCC\Bin'
Build target 'STM32F103C8'
compiling main.c...
linking...
Program Size: Code=9152 RO-data=268 RW-data=164 ZI-data=13180  
".\Objects\000_Task_creation.axf" - 0 Error(s), 0 Warning(s).

<h2>Software Packages used:</h2>

Package Vendor: ARM
                http://www.keil.com/pack/ARM.CMSIS.5.7.0.pack
                ARM.CMSIS.5.7.0
                CMSIS (Cortex Microcontroller Software Interface Standard)
   * Component: RTOS2 Version: 2.1.3
   * Component: CORE Version: 5.4.0

Package Vendor: ARM
                http://www.keil.com/pack/ARM.CMSIS-FreeRTOS.10.3.1.pack
                ARM.CMSIS-FreeRTOS.10.3.1
                Bundle of FreeRTOS for Cortex-M and Cortex-A
   * Component: Config Variant: CMSIS RTOS2 Version: 10.3.1
   * Component: Core Variant: Cortex-M Version: 10.3.1
   * Component: Event Groups Version: 10.3.1
   * Component: Heap Variant: Heap_4 Version: 10.3.1
   * Component: Timers Version: 10.3.1
   * Component: FreeRTOS Variant: Cortex-M Version: 10.3.1

Package Vendor: Keil
                http://www.keil.com/pack/Keil.STM32F1xx_DFP.2.3.0.pack
                Keil.STM32F1xx_DFP.2.3.0
                STMicroelectronics STM32F1 Series Device Support, Drivers and Examples
   * Component: GPIO Version: 1.3
   * Component: Startup Version: 1.0.0
   * Component: Framework Version: 3.5.1
   * Component: GPIO Version: 3.5.0
   * Component: RCC Version: 3.5.0

<h2>Collection of Component include folders:</h2>
  .\RTE\Device\STM32F103C8
  .\RTE\RTOS
  .\RTE\_STM32F103C8
  C:\Users\Ramesh\AppData\Local\Arm\Packs\ARM\CMSIS-FreeRTOS\10.3.1\CMSIS\RTOS2\FreeRTOS\Include
  C:\Users\Ramesh\AppData\Local\Arm\Packs\ARM\CMSIS-FreeRTOS\10.3.1\Source\include
  C:\Users\Ramesh\AppData\Local\Arm\Packs\ARM\CMSIS-FreeRTOS\10.3.1\Source\portable\RVDS\ARM_CM3
  C:\Users\Ramesh\AppData\Local\Arm\Packs\ARM\CMSIS\5.7.0\CMSIS\Core\Include
  C:\Users\Ramesh\AppData\Local\Arm\Packs\ARM\CMSIS\5.7.0\CMSIS\RTOS2\Include
  C:\Users\Ramesh\AppData\Local\Arm\Packs\Keil\STM32F1xx_DFP\2.3.0\Device\Include
  C:\Users\Ramesh\AppData\Local\Arm\Packs\Keil\STM32F1xx_DFP\2.3.0\Device\StdPeriph_Driver\inc
  C:\Users\Ramesh\AppData\Local\Arm\Packs\Keil\STM32F1xx_DFP\2.3.0\RTE_Driver

<h2>Collection of Component Files used:</h2>

   * Component: ::CMSIS:RTOS2:2.1.3 (API)
      Include file:  CMSIS\RTOS2\Include\cmsis_os2.h

   * Component: ARM.FreeRTOS::RTOS:Config:CMSIS RTOS2:10.3.1
      Include file:  CMSIS\RTOS2\FreeRTOS\Config\ARMCM\FreeRTOSConfig.h

   * Component: ARM.FreeRTOS::RTOS:Core:Cortex-M:10.3.1
      Include file:  Source\include\task.h
      Source file:   Source\queue.c
      Source file:   Source\portable\RVDS\ARM_CM3\port.c
      Source file:   Source\tasks.c
      Include file:  Source\include\FreeRTOS.h
      Include file:  Source\include\semphr.h
      Source file:   Source\list.c
      Include file:  Source\include\queue.h
      Source file:   CMSIS\RTOS2\FreeRTOS\Source\freertos_evr.c

   * Component: ARM.FreeRTOS::RTOS:Event Groups:10.3.1
      Source file:   Source\event_groups.c
      Include file:  Source\include\event_groups.h

   * Component: ARM.FreeRTOS::RTOS:Heap:Heap_4:10.3.1
      Source file:   Source\portable\MemMang\heap_4.c

   * Component: ARM.FreeRTOS::RTOS:Timers:10.3.1
      Include file:  Source\include\timers.h
      Source file:   Source\timers.c

   * Component: ARM::CMSIS:CORE:5.4.0

   * Component: ARM::CMSIS:RTOS2:FreeRTOS:Cortex-M:10.3.1
      Include file:  CMSIS\RTOS2\FreeRTOS\Include\freertos_mpool.h
      Source file:   CMSIS\RTOS2\FreeRTOS\Source\cmsis_os2.c
      Source file:   CMSIS\RTOS2\FreeRTOS\Source\os_systick.c
      Source file:   CMSIS\RTOS2\FreeRTOS\Source\ARM\clib_arm.c

   * Component: Keil::Device:GPIO:1.3
      Source file:   RTE_Driver\GPIO_STM32F10x.c
      Include file:  RTE_Driver\GPIO_STM32F10x.h

   * Component: Keil::Device:Startup:1.0.0
      Source file:   Device\Source\ARM\startup_stm32f10x_md.s
      Source file:   Device\Source\system_stm32f10x.c
      Include file:  RTE_Driver\Config\RTE_Device.h
      Source file:   Device\Source\ARM\STM32F1xx_OPT.s

   * Component: Keil::Device:StdPeriph Drivers:Framework:3.5.1
      Source file:   Device\StdPeriph_Driver\templates\stm32f10x_conf.h
      Source file:   Device\StdPeriph_Driver\src\misc.c
      Source file:   Device\StdPeriph_Driver\templates\stm32f10x_it.c
      Include file:  Device\StdPeriph_Driver\inc\misc.h
      Include file:  Device\StdPeriph_Driver\templates\stm32f10x_it.h

   * Component: Keil::Device:StdPeriph Drivers:GPIO:3.5.0
      Source file:   Device\StdPeriph_Driver\src\stm32f10x_gpio.c
      Include file:  Device\StdPeriph_Driver\inc\stm32f10x_gpio.h

   * Component: Keil::Device:StdPeriph Drivers:RCC:3.5.0
      Include file:  Device\StdPeriph_Driver\inc\stm32f10x_rcc.h
      Source file:   Device\StdPeriph_Driver\src\stm32f10x_rcc.c
Build Time Elapsed:  00:00:02
</pre>
</body>
</html>
