Component: ARM Compiler 5.06 update 6 (build 750) Tool: armlink [4d35ed]

==============================================================================

Section Cross References

    main.o(i.EmployeeDoWork) refers to _printf_percent.o(.ARM.Collect$$_printf_percent$$00000000) for _printf_percent
    main.o(i.EmployeeDoWork) refers to _printf_d.o(.ARM.Collect$$_printf_percent$$00000009) for _printf_d
    main.o(i.EmployeeDoWork) refers to _printf_dec.o(.text) for _printf_int_dec
    main.o(i.EmployeeDoWork) refers to noretval__2sprintf.o(.text) for __2sprintf
    main.o(i.EmployeeDoWork) refers to main.o(i.printmsg) for printmsg
    main.o(i.EmployeeDoWork) refers to tasks.o(i.vTaskDelay) for vTaskDelay
    main.o(i.EmployeeDoWork) refers to main.o(.bss) for user_msg
    main.o(i.main) refers to stm32f10x_rcc.o(i.RCC_DeInit) for RCC_DeInit
    main.o(i.main) refers to system_stm32f10x.o(i.SystemCoreClockUpdate) for SystemCoreClockUpdate
    main.o(i.main) refers to main.o(i.prvSetupHardware) for prvSetupHardware
    main.o(i.main) refers to noretval__2sprintf.o(.text) for __2sprintf
    main.o(i.main) refers to main.o(i.printmsg) for printmsg
    main.o(i.main) refers to queue.o(i.xQueueGenericCreate) for xQueueGenericCreate
    main.o(i.main) refers to tasks.o(i.xTaskCreate) for xTaskCreate
    main.o(i.main) refers to tasks.o(i.vTaskStartScheduler) for vTaskStartScheduler
    main.o(i.main) refers to main.o(.bss) for user_msg
    main.o(i.main) refers to main.o(.data) for xWork
    main.o(i.main) refers to main.o(i.vManagerTask) for vManagerTask
    main.o(i.main) refers to main.o(i.vEmployeeTask) for vEmployeeTask
    main.o(i.printmsg) refers to stm32f10x_usart.o(i.USART_GetFlagStatus) for USART_GetFlagStatus
    main.o(i.printmsg) refers to stm32f10x_usart.o(i.USART_SendData) for USART_SendData
    main.o(i.printmsg) refers to strlen.o(.text) for strlen
    main.o(i.prvSetupHardware) refers to main.o(i.prvSetupUart) for prvSetupUart
    main.o(i.prvSetupUart) refers to stm32f10x_rcc.o(i.RCC_APB1PeriphClockCmd) for RCC_APB1PeriphClockCmd
    main.o(i.prvSetupUart) refers to stm32f10x_rcc.o(i.RCC_APB2PeriphClockCmd) for RCC_APB2PeriphClockCmd
    main.o(i.prvSetupUart) refers to stm32f10x_gpio.o(i.GPIO_Init) for GPIO_Init
    main.o(i.prvSetupUart) refers to stm32f10x_usart.o(i.USART_Init) for USART_Init
    main.o(i.prvSetupUart) refers to stm32f10x_usart.o(i.USART_Cmd) for USART_Cmd
    main.o(i.rtos_delay) refers to tasks.o(i.xTaskGetTickCount) for xTaskGetTickCount
    main.o(i.vEmployeeTask) refers to queue.o(i.xQueueSemaphoreTake) for xQueueSemaphoreTake
    main.o(i.vEmployeeTask) refers to queue.o(i.xQueueReceive) for xQueueReceive
    main.o(i.vEmployeeTask) refers to main.o(i.EmployeeDoWork) for EmployeeDoWork
    main.o(i.vEmployeeTask) refers to noretval__2sprintf.o(.text) for __2sprintf
    main.o(i.vEmployeeTask) refers to main.o(i.printmsg) for printmsg
    main.o(i.vEmployeeTask) refers to main.o(.data) for xWork
    main.o(i.vEmployeeTask) refers to main.o(.bss) for user_msg
    main.o(i.vManagerTask) refers to queue.o(i.xQueueGenericSend) for xQueueGenericSend
    main.o(i.vManagerTask) refers to rand.o(.emb_text) for rand
    main.o(i.vManagerTask) refers to noretval__2sprintf.o(.text) for __2sprintf
    main.o(i.vManagerTask) refers to main.o(i.printmsg) for printmsg
    main.o(i.vManagerTask) refers to main.o(.data) for xWork
    main.o(i.vManagerTask) refers to main.o(.bss) for user_msg
    clib_arm.o(i.__user_perthread_libspace) refers to clib_arm.o(i.os_kernel_is_active) for os_kernel_is_active
    clib_arm.o(i.__user_perthread_libspace) refers to tasks.o(i.xTaskGetCurrentTaskHandle) for xTaskGetCurrentTaskHandle
    clib_arm.o(i.__user_perthread_libspace) refers to clib_arm.o(.bss) for os_libspace
    clib_arm.o(i._mutex_acquire) refers to clib_arm.o(i.os_kernel_is_active) for os_kernel_is_active
    clib_arm.o(i._mutex_acquire) refers to queue.o(i.xQueueSemaphoreTake) for xQueueSemaphoreTake
    clib_arm.o(i._mutex_free) refers to queue.o(i.vQueueDelete) for vQueueDelete
    clib_arm.o(i._mutex_free) refers to clib_arm.o(.bss) for clib_mutex_id
    clib_arm.o(i._mutex_initialize) refers to queue.o(i.xQueueCreateMutexStatic) for xQueueCreateMutexStatic
    clib_arm.o(i._mutex_initialize) refers to clib_arm.o(i.os_kernel_is_active) for os_kernel_is_active
    clib_arm.o(i._mutex_initialize) refers to queue.o(i.xQueueCreateMutex) for xQueueCreateMutex
    clib_arm.o(i._mutex_initialize) refers to clib_arm.o(.bss) for clib_mutex_id
    clib_arm.o(i._mutex_release) refers to clib_arm.o(i.os_kernel_is_active) for os_kernel_is_active
    clib_arm.o(i._mutex_release) refers to queue.o(i.xQueueGenericSend) for xQueueGenericSend
    clib_arm.o(i.os_kernel_is_active) refers to tasks.o(i.xTaskGetSchedulerState) for xTaskGetSchedulerState
    clib_arm.o(i.os_kernel_is_active) refers to clib_arm.o(.data) for os_kernel_active
[...]
    ../clib/signal.c                         0x00000000   Number         0  defsig_rtmem_formal.o ABSOLUTE
    ../clib/signal.c                         0x00000000   Number         0  defsig_rtmem_outer.o ABSOLUTE
    ../clib/signal.c                         0x00000000   Number         0  defsig_exit.o ABSOLUTE
    ../clib/signal.c                         0x00000000   Number         0  defsig_abrt_inner.o ABSOLUTE
    ../clib/signal.c                         0x00000000   Number         0  defsig_other.o ABSOLUTE
    ../clib/signal.c                         0x00000000   Number         0  defsig_segv_inner.o ABSOLUTE
    ../clib/signal.c                         0x00000000   Number         0  defsig_cppl_inner.o ABSOLUTE
    ../clib/signal.c                         0x00000000   Number         0  defsig_pvfn_inner.o ABSOLUTE
    ../clib/signal.c                         0x00000000   Number         0  defsig_stak_inner.o ABSOLUTE
    ../clib/signal.c                         0x00000000   Number         0  defsig_rtred_inner.o ABSOLUTE
    ../clib/signal.c                         0x00000000   Number         0  defsig_fpe_inner.o ABSOLUTE
    ../clib/signal.s                         0x00000000   Number         0  defsig.o ABSOLUTE
    ../clib/stdlib.c                         0x00000000   Number         0  rand.o ABSOLUTE
    ../clib/stdlib.c                         0x00000000   Number         0  rand.o ABSOLUTE
    ../clib/stdlib.c                         0x00000000   Number         0  exit.o ABSOLUTE
    ../clib/string.c                         0x00000000   Number         0  strlen.o ABSOLUTE
    ../fplib/fpinit.s                        0x00000000   Number         0  fpinit.o ABSOLUTE
    C:\Users\Ramesh\AppData\Local\Arm\Packs\ARM\CMSIS-FreeRTOS\10.3.1\CMSIS\RTOS2\FreeRTOS\Source\ARM\clib_arm.c 0x00000000   Number         0  clib_arm.o ABSOLUTE
    C:\Users\Ramesh\AppData\Local\Arm\Packs\ARM\CMSIS-FreeRTOS\10.3.1\CMSIS\RTOS2\FreeRTOS\Source\cmsis_os2.c 0x00000000   Number         0  cmsis_os2.o ABSOLUTE
    C:\Users\Ramesh\AppData\Local\Arm\Packs\ARM\CMSIS-FreeRTOS\10.3.1\CMSIS\RTOS2\FreeRTOS\Source\freertos_evr.c 0x00000000   Number         0  freertos_evr.o ABSOLUTE
    C:\Users\Ramesh\AppData\Local\Arm\Packs\ARM\CMSIS-FreeRTOS\10.3.1\CMSIS\RTOS2\FreeRTOS\Source\os_systick.c 0x00000000   Number         0  os_systick.o ABSOLUTE
    C:\Users\Ramesh\AppData\Local\Arm\Packs\ARM\CMSIS-FreeRTOS\10.3.1\Source\croutine.c 0x00000000   Number         0  croutine.o ABSOLUTE
    C:\Users\Ramesh\AppData\Local\Arm\Packs\ARM\CMSIS-FreeRTOS\10.3.1\Source\event_groups.c 0x00000000   Number         0  event_groups.o ABSOLUTE
    C:\Users\Ramesh\AppData\Local\Arm\Packs\ARM\CMSIS-FreeRTOS\10.3.1\Source\list.c 0x00000000   Number         0  list.o ABSOLUTE
    C:\Users\Ramesh\AppData\Local\Arm\Packs\ARM\CMSIS-FreeRTOS\10.3.1\Source\portable\MemMang\heap_4.c 0x00000000   Number         0  heap_4.o ABSOLUTE
    C:\Users\Ramesh\AppData\Local\Arm\Packs\ARM\CMSIS-FreeRTOS\10.3.1\Source\portable\RVDS\ARM_CM3\port.c 0x00000000   Number         0  port.o ABSOLUTE
    C:\Users\Ramesh\AppData\Local\Arm\Packs\ARM\CMSIS-FreeRTOS\10.3.1\Source\queue.c 0x00000000   Number         0  queue.o ABSOLUTE
    C:\Users\Ramesh\AppData\Local\Arm\Packs\ARM\CMSIS-FreeRTOS\10.3.1\Source\tasks.c 0x00000000   Number         0  tasks.o ABSOLUTE
    C:\Users\Ramesh\AppData\Local\Arm\Packs\ARM\CMSIS-FreeRTOS\10.3.1\Source\timers.c 0x00000000   Number         0  timers.o ABSOLUTE
    C:\Users\Ramesh\AppData\Local\Arm\Packs\Keil\STM32F1xx_DFP\2.3.0\Device\StdPeriph_Driver\src\misc.c 0x00000000   Number         0  misc.o ABSOLUTE
    C:\Users\Ramesh\AppData\Local\Arm\Packs\Keil\STM32F1xx_DFP\2.3.0\Device\StdPeriph_Driver\src\stm32f10x_gpio.c 0x00000000   Number         0  stm32f10x_gpio.o ABSOLUTE
    C:\Users\Ramesh\AppData\Local\Arm\Packs\Keil\STM32F1xx_DFP\2.3.0\Device\StdPeriph_Driver\src\stm32f10x_rcc.c 0x00000000   Number         0  stm32f10x_rcc.o ABSOLUTE
    C:\Users\Ramesh\AppData\Local\Arm\Packs\Keil\STM32F1xx_DFP\2.3.0\Device\StdPeriph_Driver\src\stm32f10x_usart.c 0x00000000   Number         0  stm32f10x_usart.o ABSOLUTE
    C:\Users\Ramesh\AppData\Local\Arm\Packs\Keil\STM32F1xx_DFP\2.3.0\RTE_Driver\GPIO_STM32F10x.c 0x00000000   Number         0  gpio_stm32f10x.o ABSOLUTE
    C:\\Users\\Ramesh\\AppData\\Local\\Arm\\Packs\\ARM\\CMSIS-FreeRTOS\\10.3.1\\CMSIS\\RTOS2\\FreeRTOS\\Source\\ARM\\clib_arm.c 0x00000000   Number         0  clib_arm.o ABSOLUTE
    C:\\Users\\Ramesh\\AppData\\Local\\Arm\\Packs\\ARM\\CMSIS-FreeRTOS\\10.3.1\\CMSIS\\RTOS2\\FreeRTOS\\Source\\cmsis_os2.c 0x00000000   Number         0  cmsis_os2.o ABSOLUTE
    C:\\Users\\Ramesh\\AppData\\Local\\Arm\\Packs\\ARM\\CMSIS-FreeRTOS\\10.3.1\\CMSIS\\RTOS2\\FreeRTOS\\Source\\freertos_evr.c 0x00000000   Number         0  freertos_evr.o ABSOLUTE
    C:\\Users\\Ramesh\\AppData\\Local\\Arm\\Packs\\ARM\\CMSIS-FreeRTOS\\10.3.1\\CMSIS\\RTOS2\\FreeRTOS\\Source\\os_systick.c 0x00000000   Number         0  os_systick.o ABSOLUTE
    C:\\Users\\Ramesh\\AppData\\Local\\Arm\\Packs\\ARM\\CMSIS-FreeRTOS\\10.3.1\\Source\\croutine.c 0x00000000   Number         0  croutine.o ABSOLUTE
    C:\\Users\\Ramesh\\AppData\\Local\\Arm\\Packs\\ARM\\CMSIS-FreeRTOS\\10.3.1\\Source\\event_groups.c 0x00000000   Number         0  event_groups.o ABSOLUTE
    C:\\Users\\Ramesh\\AppData\\Local\\Arm\\Packs\\ARM\\CMSIS-FreeRTOS\\10.3.1\\Source\\list.c 0x00000000   Number         0  list.o ABSOLUTE
    C:\\Users\\Ramesh\\AppData\\Local\\Arm\\Packs\\ARM\\CMSIS-FreeRTOS\\10.3.1\\Source\\portable\\MemMang\\heap_4.c 0x00000000   Number         0  heap_4.o ABSOLUTE
    C:\\Users\\Ramesh\\AppData\\Local\\Arm\\Packs\\ARM\\CMSIS-FreeRTOS\\10.3.1\\Source\\portable\\RVDS\\ARM_CM3\\port.c 0x00000000   Number         0  port.o ABSOLUTE
    C:\\Users\\Ramesh\\AppData\\Local\\Arm\\Packs\\ARM\\CMSIS-FreeRTOS\\10.3.1\\Source\\queue.c 0x00000000   Number         0  queue.o ABSOLUTE
    C:\\Users\\Ramesh\\AppData\\Local\\Arm\\Packs\\ARM\\CMSIS-FreeRTOS\\10.3.1\\Source\\tasks.c 0x00000000   Number         0  tasks.o ABSOLUTE
    C:\\Users\\Ramesh\\AppData\\Local\\Arm\\Packs\\ARM\\CMSIS-FreeRTOS\\10.3.1\\Source\\timers.c 0x00000000   Number         0  timers.o ABSOLUTE
    C:\\Users\\Ramesh\\AppData\\Local\\Arm\\Packs\\Keil\\STM32F1xx_DFP\\2.3.0\\Device\\StdPeriph_Driver\\src\\misc.c 0x00000000   Number         0  misc.o ABSOLUTE
    C:\\Users\\Ramesh\\AppData\\Local\\Arm\\Packs\\Keil\\STM32F1xx_DFP\\2.3.0\\Device\\StdPeriph_Driver\\src\\stm32f10x_gpio.c 0x00000000   Number         0  stm32f10x_gpio.o ABSOLUTE
    C:\\Users\\Ramesh\\AppData\\Local\\Arm\\Packs\\Keil\\STM32F1xx_DFP\\2.3.0\\Device\\StdPeriph_Driver\\src\\stm32f10x_rcc.c 0x00000000   Number         0  stm32f10x_rcc.o ABSOLUTE
    C:\\Users\\Ramesh\\AppData\\Local\\Arm\\Packs\\Keil\\STM32F1xx_DFP\\2.3.0\\Device\\StdPeriph_Driver\\src\\stm32f10x_usart.c 0x00000000   Number         0  stm32f10x_usart.o ABSOLUTE
    C:\\Users\\Ramesh\\AppData\\Local\\Arm\\Packs\\Keil\\STM32F1xx_DFP\\2.3.0\\RTE_Driver\\GPIO_STM32F10x.c 0x00000000   Number         0  gpio_stm32f10x.o ABSOLUTE
    RTE\Device\STM32F103C8\startup_stm32f10x_md.s 0x00000000   Number         0  startup_stm32f10x_md.o ABSOLUTE
    RTE\Device\STM32F103C8\system_stm32f10x.c 0x00000000   Number         0  system_stm32f10x.o ABSOLUTE
    RTE\\Device\\STM32F103C8\\system_stm32f10x.c 0x00000000   Number         0  system_stm32f10x.o ABSOLUTE
    dc.s                                     0x00000000   Number         0  dc.o ABSOLUTE
    main.c                                   0x00000000   Number         0  main.o ABSOLUTE
    main.c                                   0x00000000   Number         0  main.o ABSOLUTE
    RESET                                    0x08000000   Section      236  startup_stm32f10x_md.o(RESET)
    !!!main                                  0x080000ec   Section        8  __main.o(!!!main)
    !!!scatter                               0x080000f4   Section       52  __scatter.o(!!!scatter)
    !!handler_copy                           0x08000128   Section       26  __scatter_copy.o(!!handler_copy)
    !!handler_zi                             0x08000144   Section       28  __scatter_zi.o(!!handler_zi)
    .ARM.Collect$$_printf_percent$$00000000  0x08000160   Section        0  _printf_percent.o(.ARM.Collect$$_printf_percent$$00000000)
    .ARM.Collect$$_printf_percent$$00000009  0x08000160   Section        6  _printf_d.o(.ARM.Collect$$_printf_percent$$00000009)
    .ARM.Collect$$_printf_percent$$00000017  0x08000166   Section        4  _printf_percent_end.o(.ARM.Collect$$_printf_percent$$00000017)
    .ARM.Collect$$libinit$$00000000          0x0800016a   Section        2  libinit.o(.ARM.Collect$$libinit$$00000000)
    .ARM.Collect$$libinit$$00000002          0x0800016c   Section        0  libinit2.o(.ARM.Collect$$libinit$$00000002)
    .ARM.Collect$$libinit$$00000004          0x0800016c   Section        0  libinit2.o(.ARM.Collect$$libinit$$00000004)
    .ARM.Collect$$libinit$$0000000A          0x0800016c   Section        0  libinit2.o(.ARM.Collect$$libinit$$0000000A)
    .ARM.Collect$$libinit$$0000000C          0x0800016c   Section        0  libinit2.o(.ARM.Collect$$libinit$$0000000C)
    .ARM.Collect$$libinit$$0000000D          0x0800016c   Section        4  libinit2.o(.ARM.Collect$$libinit$$0000000D)
    .ARM.Collect$$libinit$$0000000E          0x08000170   Section        0  libinit2.o(.ARM.Collect$$libinit$$0000000E)
    .ARM.Collect$$libinit$$00000011          0x08000170   Section        0  libinit2.o(.ARM.Collect$$libinit$$00000011)
    .ARM.Collect$$libinit$$00000013          0x08000170   Section        0  libinit2.o(.ARM.Collect$$libinit$$00000013)
    .ARM.Collect$$libinit$$00000015          0x08000170   Section        0  libinit2.o(.ARM.Collect$$libinit$$00000015)
    .ARM.Collect$$libinit$$00000017          0x08000170   Section        0  libinit2.o(.ARM.Collect$$libinit$$00000017)
    .ARM.Collect$$libinit$$00000019          0x08000170   Section        0  libinit2.o(.ARM.Collect$$libinit$$00000019)
    .ARM.Collect$$libinit$$0000001B          0x08000170   Section        0  libinit2.o(.ARM.Collect$$libinit$$0000001B)
    .ARM.Collect$$libinit$$0000001D          0x08000170   Section        0  libinit2.o(.ARM.Collect$$libinit$$0000001D)
    .ARM.Collect$$libinit$$0000001F          0x08000170   Section        0  libinit2.o(.ARM.Collect$$libinit$$0000001F)
    .ARM.Collect$$libinit$$00000021          0x08000170   Section        0  libinit2.o(.ARM.Collect$$libinit$$00000021)
    .ARM.Collect$$libinit$$00000023          0x08000170   Section        0  libinit2.o(.ARM.Collect$$libinit$$00000023)
    .ARM.Collect$$libinit$$00000025          0x08000170   Section        0  libinit2.o(.ARM.Collect$$libinit$$00000025)
    .ARM.Collect$$libinit$$0000002C          0x08000170   Section        0  libinit2.o(.ARM.Collect$$libinit$$0000002C)
    .ARM.Collect$$libinit$$0000002E          0x08000170   Section        0  libinit2.o(.ARM.Collect$$libinit$$0000002E)
    .ARM.Collect$$libinit$$00000030          0x08000170   Section        0  libinit2.o(.ARM.Collect$$libinit$$00000030)
    .ARM.Collect$$libinit$$00000032          0x08000170   Section        0  libinit2.o(.ARM.Collect$$libinit$$00000032)
    .ARM.Collect$$libinit$$00000033          0x08000170   Section        2  libinit2.o(.ARM.Collect$$libinit$$00000033)
    .ARM.Collect$$libshutdown$$00000000      0x08000172   Section        2  libshutdown.o(.ARM.Collect$$libshutdown$$00000000)
    .ARM.Collect$$libshutdown$$00000002      0x08000174   Section        0  libshutdown2.o(.ARM.Collect$$libshutdown$$00000002)
    .ARM.Collect$$libshutdown$$00000004      0x08000174   Section        0  libshutdown2.o(.ARM.Collect$$libshutdown$$00000004)
    .ARM.Collect$$libshutdown$$00000007      0x08000174   Section        0  libshutdown2.o(.ARM.Collect$$libshutdown$$00000007)
    .ARM.Collect$$libshutdown$$0000000A      0x08000174   Section        0  libshutdown2.o(.ARM.Collect$$libshutdown$$0000000A)
    .ARM.Collect$$libshutdown$$0000000C      0x08000174   Section        0  libshutdown2.o(.ARM.Collect$$libshutdown$$0000000C)
    .ARM.Collect$$libshutdown$$0000000F      0x08000174   Section        0  libshutdown2.o(.ARM.Collect$$libshutdown$$0000000F)
    .ARM.Collect$$libshutdown$$00000010      0x08000174   Section        2  libshutdown2.o(.ARM.Collect$$libshutdown$$00000010)
    .ARM.Collect$$rtentry$$00000000          0x08000176   Section        0  __rtentry.o(.ARM.Collect$$rtentry$$00000000)
    .ARM.Collect$$rtentry$$00000002          0x08000176   Section        0  __rtentry2.o(.ARM.Collect$$rtentry$$00000002)
    .ARM.Collect$$rtentry$$00000004          0x08000176   Section        6  __rtentry4.o(.ARM.Collect$$rtentry$$00000004)
    .ARM.Collect$$rtentry$$00000008          0x0800017c   Section        8  __rtentry2.o(.ARM.Collect$$rtentry$$00000008)
    .ARM.Collect$$rtentry$$0000000A          0x08000184   Section        4  __rtentry2.o(.ARM.Collect$$rtentry$$0000000A)
    .ARM.Collect$$rtentry$$0000000C          0x08000188   Section        0  __rtentry2.o(.ARM.Collect$$rtentry$$0000000C)
    .ARM.Collect$$rtentry$$0000000D          0x08000188   Section        8  __rtentry2.o(.ARM.Collect$$rtentry$$0000000D)
    .ARM.Collect$$rtexit$$00000000           0x08000190   Section        2  rtexit.o(.ARM.Collect$$rtexit$$00000000)
    .ARM.Collect$$rtexit$$00000002           0x08000192   Section        0  rtexit2.o(.ARM.Collect$$rtexit$$00000002)
    .ARM.Collect$$rtexit$$00000003           0x08000192   Section        4  rtexit2.o(.ARM.Collect$$rtexit$$00000003)
    .ARM.Collect$$rtexit$$00000004           0x08000196   Section        6  rtexit2.o(.ARM.Collect$$rtexit$$00000004)
    .emb_text                                0x0800019c   Section      150  port.o(.emb_text)
    .emb_text                                0x08000234   Section       52  rand.o(.emb_text)
    .text                                    0x08000268   Section       64  startup_stm32f10x_md.o(.text)
    .text                                    0x080002a8   Section        0  noretval__2sprintf.o(.text)
    .text                                    0x080002d0   Section        0  __printf.o(.text)
    .text                                    0x08000338   Section        0  _printf_dec.o(.text)
    .text                                    0x080003b0   Section        0  rand.o(.text)
    .text                                    0x080003ec   Section        0  strlen.o(.text)
    .text                                    0x0800042a   Section      138  rt_memcpy_v6.o(.text)
    .text                                    0x080004b4   Section       16  aeabi_memset.o(.text)
    .text                                    0x080004c4   Section        0  heapauxi.o(.text)
    .text                                    0x080004ca   Section        0  _printf_intcommon.o(.text)
    .text                                    0x0800057c   Section        0  _printf_char_common.o(.text)
    _printf_input_char                       0x0800057d   Thumb Code    10  _printf_char_common.o(.text)
    .text                                    0x080005ac   Section        0  _sputc.o(.text)
    .text                                    0x080005b6   Section      100  rt_memcpy_w.o(.text)
    .text                                    0x0800061a   Section       68  rt_memclr.o(.text)
    .text                                    0x0800065e   Section       78  rt_memclr_w.o(.text)
    .text                                    0x080006ac   Section       74  sys_stackheap_outer.o(.text)
    .text                                    0x080006f6   Section        0  exit.o(.text)
    .text                                    0x08000708   Section        8  libspace.o(.text)
    .text                                    0x08000710   Section        2  use_no_semi.o(.text)
    .text                                    0x08000712   Section        0  indicate_semi.o(.text)
    .text                                    0x08000714   Section        0  sys_exit.o(.text)
    i.EmployeeDoWork                         0x08000720   Section        0  main.o(i.EmployeeDoWork)
    i.GPIO_Init                              0x0800076c   Section        0  stm32f10x_gpio.o(i.GPIO_Init)
    i.RCC_APB1PeriphClockCmd                 0x08000884   Section        0  stm32f10x_rcc.o(i.RCC_APB1PeriphClockCmd)
    i.RCC_APB2PeriphClockCmd                 0x080008a4   Section        0  stm32f10x_rcc.o(i.RCC_APB2PeriphClockCmd)
    i.RCC_DeInit                             0x080008c4   Section        0  stm32f10x_rcc.o(i.RCC_DeInit)
    i.RCC_GetClocksFreq                      0x08000910   Section        0  stm32f10x_rcc.o(i.RCC_GetClocksFreq)
    i.SetSysClock                            0x080009e4   Section        0  system_stm32f10x.o(i.SetSysClock)
    SetSysClock                              0x080009e5   Thumb Code     8  system_stm32f10x.o(i.SetSysClock)
    i.SetSysClockTo72                        0x080009ec   Section        0  system_stm32f10x.o(i.SetSysClockTo72)
    SetSysClockTo72                          0x080009ed   Thumb Code   214  system_stm32f10x.o(i.SetSysClockTo72)
    i.SysTick_Handler                        0x08000acc   Section        0  cmsis_os2.o(i.SysTick_Handler)
    i.SystemCoreClockUpdate                  0x08000ae4   Section        0  system_stm32f10x.o(i.SystemCoreClockUpdate)
    i.SystemInit                             0x08000b88   Section        0  system_stm32f10x.o(i.SystemInit)
    i.USART_Cmd                              0x08000be8   Section        0  stm32f10x_usart.o(i.USART_Cmd)
    i.USART_GetFlagStatus                    0x08000c00   Section        0  stm32f10x_usart.o(i.USART_GetFlagStatus)
    i.USART_Init                             0x08000c1c   Section        0  stm32f10x_usart.o(i.USART_Init)
    i.USART_SendData                         0x08000cf4   Section        0  stm32f10x_usart.o(i.USART_SendData)
    i._mutex_acquire                         0x08000cfc   Section        0  clib_arm.o(i._mutex_acquire)
    __tagsym$$used                           0x08000cfd   Number         0  clib_arm.o(i._mutex_acquire)
    i._mutex_free                            0x08000d14   Section        0  clib_arm.o(i._mutex_free)
    __tagsym$$used                           0x08000d15   Number         0  clib_arm.o(i._mutex_free)
    i._mutex_initialize                      0x08000d48   Section        0  clib_arm.o(i._mutex_initialize)
    __tagsym$$used                           0x08000d49   Number         0  clib_arm.o(i._mutex_initialize)
    i._mutex_release                         0x08000da8   Section        0  clib_arm.o(i._mutex_release)
    __tagsym$$used                           0x08000da9   Number         0  clib_arm.o(i._mutex_release)
    i._platform_post_stackheap_init          0x08000dc0   Section        0  clib_arm.o(i._platform_post_stackheap_init)
    i.main                                   0x08000dc4   Section        0  main.o(i.main)
    i.os_kernel_is_active                    0x08000eb8   Section        0  clib_arm.o(i.os_kernel_is_active)
    os_kernel_is_active                      0x08000eb9   Thumb Code    32  clib_arm.o(i.os_kernel_is_active)
    i.printmsg                               0x08000edc   Section        0  main.o(i.printmsg)
    i.prvAddCurrentTaskToDelayedList         0x08000f0c   Section        0  tasks.o(i.prvAddCurrentTaskToDelayedList)
    prvAddCurrentTaskToDelayedList           0x08000f0d   Thumb Code   100  tasks.o(i.prvAddCurrentTaskToDelayedList)
    i.prvAddNewTaskToReadyList               0x08000f88   Section        0  tasks.o(i.prvAddNewTaskToReadyList)
    prvAddNewTaskToReadyList                 0x08000f89   Thumb Code   154  tasks.o(i.prvAddNewTaskToReadyList)
    i.prvCheckForValidListAndQueue           0x08001040   Section        0  timers.o(i.prvCheckForValidListAndQueue)
    prvCheckForValidListAndQueue             0x08001041   Thumb Code    62  timers.o(i.prvCheckForValidListAndQueue)
    i.prvCheckTasksWaitingTermination        0x0800109c   Section        0  tasks.o(i.prvCheckTasksWaitingTermination)
    prvCheckTasksWaitingTermination          0x0800109d   Thumb Code    60  tasks.o(i.prvCheckTasksWaitingTermination)
    i.prvCopyDataFromQueue                   0x080010e4   Section        0  queue.o(i.prvCopyDataFromQueue)
    prvCopyDataFromQueue                     0x080010e5   Thumb Code    42  queue.o(i.prvCopyDataFromQueue)
    i.prvCopyDataToQueue                     0x0800110e   Section        0  queue.o(i.prvCopyDataToQueue)
    prvCopyDataToQueue                       0x0800110f   Thumb Code   126  queue.o(i.prvCopyDataToQueue)
    i.prvDeleteTCB                           0x0800118c   Section        0  tasks.o(i.prvDeleteTCB)
    prvDeleteTCB                             0x0800118d   Thumb Code    40  tasks.o(i.prvDeleteTCB)
    i.prvGetDisinheritPriorityAfterTimeout   0x080011b4   Section        0  queue.o(i.prvGetDisinheritPriorityAfterTimeout)
    prvGetDisinheritPriorityAfterTimeout     0x080011b5   Thumb Code    20  queue.o(i.prvGetDisinheritPriorityAfterTimeout)
    i.prvGetNextExpireTime                   0x080011c8   Section        0  timers.o(i.prvGetNextExpireTime)
    prvGetNextExpireTime                     0x080011c9   Thumb Code    36  timers.o(i.prvGetNextExpireTime)
    i.prvHeapInit                            0x080011f0   Section        0  heap_4.o(i.prvHeapInit)
    prvHeapInit                              0x080011f1   Thumb Code    98  heap_4.o(i.prvHeapInit)
    i.prvIdleTask                            0x0800126c   Section        0  tasks.o(i.prvIdleTask)
    prvIdleTask                              0x0800126d   Thumb Code    32  tasks.o(i.prvIdleTask)
    i.prvInitialiseMutex                     0x08001294   Section        0  queue.o(i.prvInitialiseMutex)
    prvInitialiseMutex                       0x08001295   Thumb Code    30  queue.o(i.prvInitialiseMutex)
    i.prvInitialiseNewQueue                  0x080012b2   Section        0  queue.o(i.prvInitialiseNewQueue)
    prvInitialiseNewQueue                    0x080012b3   Thumb Code    42  queue.o(i.prvInitialiseNewQueue)
    i.prvInitialiseNewTask                   0x080012dc   Section        0  tasks.o(i.prvInitialiseNewTask)
    prvInitialiseNewTask                     0x080012dd   Thumb Code   154  tasks.o(i.prvInitialiseNewTask)
    i.prvInitialiseTaskLists                 0x08001378   Section        0  tasks.o(i.prvInitialiseTaskLists)
    prvInitialiseTaskLists                   0x08001379   Thumb Code    70  tasks.o(i.prvInitialiseTaskLists)
    i.prvInsertBlockIntoFreeList             0x080013e0   Section        0  heap_4.o(i.prvInsertBlockIntoFreeList)
    prvInsertBlockIntoFreeList               0x080013e1   Thumb Code    96  heap_4.o(i.prvInsertBlockIntoFreeList)
    i.prvInsertTimerInActiveList             0x08001448   Section        0  timers.o(i.prvInsertTimerInActiveList)
    prvInsertTimerInActiveList               0x08001449   Thumb Code    80  timers.o(i.prvInsertTimerInActiveList)
    i.prvIsQueueEmpty                        0x080014a0   Section        0  queue.o(i.prvIsQueueEmpty)
    prvIsQueueEmpty                          0x080014a1   Thumb Code    26  queue.o(i.prvIsQueueEmpty)
    i.prvIsQueueFull                         0x080014ba   Section        0  queue.o(i.prvIsQueueFull)
    prvIsQueueFull                           0x080014bb   Thumb Code    30  queue.o(i.prvIsQueueFull)
    i.prvProcessExpiredTimer                 0x080014d8   Section        0  timers.o(i.prvProcessExpiredTimer)
    prvProcessExpiredTimer                   0x080014d9   Thumb Code    86  timers.o(i.prvProcessExpiredTimer)
    i.prvProcessReceivedCommands             0x08001534   Section        0  timers.o(i.prvProcessReceivedCommands)
    prvProcessReceivedCommands               0x08001535   Thumb Code   264  timers.o(i.prvProcessReceivedCommands)
    i.prvProcessTimerOrBlockTask             0x08001640   Section        0  timers.o(i.prvProcessTimerOrBlockTask)
    prvProcessTimerOrBlockTask               0x08001641   Thumb Code   102  timers.o(i.prvProcessTimerOrBlockTask)
    i.prvResetNextTaskUnblockTime            0x080016b4   Section        0  tasks.o(i.prvResetNextTaskUnblockTime)
    prvResetNextTaskUnblockTime              0x080016b5   Thumb Code    42  tasks.o(i.prvResetNextTaskUnblockTime)
    i.prvSampleTimeNow                       0x080016e8   Section        0  timers.o(i.prvSampleTimeNow)
    prvSampleTimeNow                         0x080016e9   Thumb Code    40  timers.o(i.prvSampleTimeNow)
    i.prvSetupHardware                       0x08001714   Section        0  main.o(i.prvSetupHardware)
    prvSetupHardware                         0x08001715   Thumb Code     8  main.o(i.prvSetupHardware)
    i.prvSetupUart                           0x0800171c   Section        0  main.o(i.prvSetupUart)
    prvSetupUart                             0x0800171d   Thumb Code   130  main.o(i.prvSetupUart)
    i.prvSwitchTimerLists                    0x080017a8   Section        0  timers.o(i.prvSwitchTimerLists)
    prvSwitchTimerLists                      0x080017a9   Thumb Code   126  timers.o(i.prvSwitchTimerLists)
    i.prvTaskExitError                       0x08001830   Section        0  port.o(i.prvTaskExitError)
    prvTaskExitError                         0x08001831   Thumb Code    22  port.o(i.prvTaskExitError)
    i.prvTimerTask                           0x08001846   Section        0  timers.o(i.prvTimerTask)
    prvTimerTask                             0x08001847   Thumb Code    26  timers.o(i.prvTimerTask)
    i.prvUnlockQueue                         0x08001860   Section        0  queue.o(i.prvUnlockQueue)
    prvUnlockQueue                           0x08001861   Thumb Code   126  queue.o(i.prvUnlockQueue)
    i.pvPortMalloc                           0x080018e0   Section        0  heap_4.o(i.pvPortMalloc)
    i.pvTaskIncrementMutexHeldCount          0x080019c0   Section        0  tasks.o(i.pvTaskIncrementMutexHeldCount)
    i.pxPortInitialiseStack                  0x080019e0   Section        0  port.o(i.pxPortInitialiseStack)
    i.uxListRemove                           0x08001a04   Section        0  list.o(i.uxListRemove)
    i.vApplicationGetIdleTaskMemory          0x08001a2c   Section        0  cmsis_os2.o(i.vApplicationGetIdleTaskMemory)
    i.vApplicationGetTimerTaskMemory         0x08001a44   Section        0  cmsis_os2.o(i.vApplicationGetTimerTaskMemory)
    i.vApplicationStackOverflowHook          0x08001a5c   Section        0  cmsis_os2.o(i.vApplicationStackOverflowHook)
    i.vEmployeeTask                          0x08001a60   Section        0  main.o(i.vEmployeeTask)
    vEmployeeTask                            0x08001a61   Thumb Code    56  main.o(i.vEmployeeTask)
    i.vListInitialise                        0x08001ad4   Section        0  list.o(i.vListInitialise)
    i.vListInitialiseItem                    0x08001aee   Section        0  list.o(i.vListInitialiseItem)
    i.vListInsert                            0x08001af4   Section        0  list.o(i.vListInsert)
    i.vListInsertEnd                         0x08001b28   Section        0  list.o(i.vListInsertEnd)
    i.vManagerTask                           0x08001b40   Section        0  main.o(i.vManagerTask)
    vManagerTask                             0x08001b41   Thumb Code    96  main.o(i.vManagerTask)
    i.vPortEnterCritical                     0x08001bcc   Section        0  port.o(i.vPortEnterCritical)
    i.vPortExitCritical                      0x08001bf0   Section        0  port.o(i.vPortExitCritical)
    i.vPortFree                              0x08001c10   Section        0  heap_4.o(i.vPortFree)
    i.vPortSetupTimerInterrupt               0x08001c68   Section        0  port.o(i.vPortSetupTimerInterrupt)
    i.vQueueDelete                           0x08001c90   Section        0  queue.o(i.vQueueDelete)
    i.vQueueWaitForMessageRestricted         0x08001ca4   Section        0  queue.o(i.vQueueWaitForMessageRestricted)
    i.vTaskDelay                             0x08001cf0   Section        0  tasks.o(i.vTaskDelay)
    i.vTaskInternalSetTimeOutState           0x08001d24   Section        0  tasks.o(i.vTaskInternalSetTimeOutState)
    i.vTaskMissedYield                       0x08001d3c   Section        0  tasks.o(i.vTaskMissedYield)
    i.vTaskPlaceOnEventList                  0x08001d48   Section        0  tasks.o(i.vTaskPlaceOnEventList)
    i.vTaskPlaceOnEventListRestricted        0x08001d68   Section        0  tasks.o(i.vTaskPlaceOnEventListRestricted)
    i.vTaskPriorityDisinheritAfterTimeout    0x08001d90   Section        0  tasks.o(i.vTaskPriorityDisinheritAfterTimeout)
    i.vTaskStartScheduler                    0x08001e1c   Section        0  tasks.o(i.vTaskStartScheduler)
    i.vTaskSuspendAll                        0x08001eb0   Section        0  tasks.o(i.vTaskSuspendAll)
    i.vTaskSwitchContext                     0x08001ec0   Section        0  tasks.o(i.vTaskSwitchContext)
    i.xPortStartScheduler                    0x08001f70   Section        0  port.o(i.xPortStartScheduler)
    i.xPortSysTickHandler                    0x08001fa4   Section        0  port.o(i.xPortSysTickHandler)
    i.xQueueCreateMutex                      0x08001fd8   Section        0  queue.o(i.xQueueCreateMutex)
    i.xQueueCreateMutexStatic                0x08001ffa   Section        0  queue.o(i.xQueueCreateMutexStatic)
    i.xQueueGenericCreate                    0x08002024   Section        0  queue.o(i.xQueueGenericCreate)
    i.xQueueGenericCreateStatic              0x0800205e   Section        0  queue.o(i.xQueueGenericCreateStatic)
    i.xQueueGenericReset                     0x0800208c   Section        0  queue.o(i.xQueueGenericReset)
    i.xQueueGenericSend                      0x0800210c   Section        0  queue.o(i.xQueueGenericSend)
    i.xQueueGenericSendFromISR               0x08002224   Section        0  queue.o(i.xQueueGenericSendFromISR)
    i.xQueueReceive                          0x080022b0   Section        0  queue.o(i.xQueueReceive)
    i.xQueueSemaphoreTake                    0x080023b4   Section        0  queue.o(i.xQueueSemaphoreTake)
    i.xTaskCheckForTimeOut                   0x080024e4   Section        0  tasks.o(i.xTaskCheckForTimeOut)
    i.xTaskCreate                            0x08002540   Section        0  tasks.o(i.xTaskCreate)
    i.xTaskCreateStatic                      0x080025a4   Section        0  tasks.o(i.xTaskCreateStatic)
    i.xTaskGetSchedulerState                 0x080025f4   Section        0  tasks.o(i.xTaskGetSchedulerState)
    i.xTaskGetTickCount                      0x08002614   Section        0  tasks.o(i.xTaskGetTickCount)
    i.xTaskIncrementTick                     0x08002620   Section        0  tasks.o(i.xTaskIncrementTick)
    i.xTaskPriorityDisinherit                0x08002738   Section        0  tasks.o(i.xTaskPriorityDisinherit)
    i.xTaskPriorityInherit                   0x08002798   Section        0  tasks.o(i.xTaskPriorityInherit)
    i.xTaskRemoveFromEventList               0x0800283c   Section        0  tasks.o(i.xTaskRemoveFromEventList)
    i.xTaskResumeAll                         0x080028bc   Section        0  tasks.o(i.xTaskResumeAll)
    i.xTimerCreateTimerTask                  0x080029a4   Section        0  timers.o(i.xTimerCreateTimerTask)
    i.xTimerGenericCommand                   0x08002a04   Section        0  timers.o(i.xTimerGenericCommand)
    .data                                    0x20000000   Section       16  main.o(.data)
    .data                                    0x20000010   Section        1  clib_arm.o(.data)
    os_kernel_active                         0x20000010   Data           1  clib_arm.o(.data)
    .data                                    0x20000011   Section       20  stm32f10x_rcc.o(.data)
    APBAHBPrescTable                         0x20000011   Data          16  stm32f10x_rcc.o(.data)
    ADCPrescTable                            0x20000021   Data           4  stm32f10x_rcc.o(.data)
    .data                                    0x20000028   Section       20  system_stm32f10x.o(.data)
    .data                                    0x2000003c   Section       32  heap_4.o(.data)
    xStart                                   0x2000003c   Data           8  heap_4.o(.data)
    pxEnd                                    0x20000044   Data           4  heap_4.o(.data)
    xFreeBytesRemaining                      0x20000048   Data           4  heap_4.o(.data)
    xMinimumEverFreeBytesRemaining           0x2000004c   Data           4  heap_4.o(.data)
    xNumberOfSuccessfulAllocations           0x20000050   Data           4  heap_4.o(.data)
    xNumberOfSuccessfulFrees                 0x20000054   Data           4  heap_4.o(.data)
    xBlockAllocatedBit                       0x20000058   Data           4  heap_4.o(.data)
    .data                                    0x2000005c   Section        4  port.o(.data)
    uxCriticalNesting                        0x2000005c   Data           4  port.o(.data)
    .data                                    0x20000060   Section       60  tasks.o(.data)
    pxDelayedTaskList                        0x20000064   Data           4  tasks.o(.data)
    pxOverflowDelayedTaskList                0x20000068   Data           4  tasks.o(.data)
    uxDeletedTasksWaitingCleanUp             0x2000006c   Data           4  tasks.o(.data)
    uxCurrentNumberOfTasks                   0x20000070   Data           4  tasks.o(.data)
    xTickCount                               0x20000074   Data           4  tasks.o(.data)
    uxTopReadyPriority                       0x20000078   Data           4  tasks.o(.data)
    xSchedulerRunning                        0x2000007c   Data           4  tasks.o(.data)
    xPendedTicks                             0x20000080   Data           4  tasks.o(.data)
    xYieldPending                            0x20000084   Data           4  tasks.o(.data)
    xNumOfOverflows                          0x20000088   Data           4  tasks.o(.data)
    uxTaskNumber                             0x2000008c   Data           4  tasks.o(.data)
    xNextTaskUnblockTime                     0x20000090   Data           4  tasks.o(.data)
    xIdleTaskHandle                          0x20000094   Data           4  tasks.o(.data)
    uxSchedulerSuspended                     0x20000098   Data           4  tasks.o(.data)
    .data                                    0x2000009c   Section       20  timers.o(.data)
    pxCurrentTimerList                       0x2000009c   Data           4  timers.o(.data)
    pxOverflowTimerList                      0x200000a0   Data           4  timers.o(.data)
    xTimerQueue                              0x200000a4   Data           4  timers.o(.data)
    xTimerTaskHandle                         0x200000a8   Data           4  timers.o(.data)
    xLastTime                                0x200000ac   Data           4  timers.o(.data)
    .bss                                     0x200000b0   Section      250  main.o(.bss)
    .bss                                     0x200001ac   Section      916  clib_arm.o(.bss)
    os_libspace                              0x200001ac   Data         480  clib_arm.o(.bss)
    os_libspace_id                           0x2000038c   Data          16  clib_arm.o(.bss)
    clib_mutex_cb                            0x2000039c   Data         400  clib_arm.o(.bss)
    clib_mutex_id                            0x2000052c   Data          20  clib_arm.o(.bss)
    .bss                                     0x20000540   Section     1016  cmsis_os2.o(.bss)
    Idle_TCB                                 0x20000540   Data          92  cmsis_os2.o(.bss)
    Idle_Stack                               0x2000059c   Data         512  cmsis_os2.o(.bss)
    Timer_TCB                                0x2000079c   Data          92  cmsis_os2.o(.bss)
    Timer_Stack                              0x200007f8   Data         320  cmsis_os2.o(.bss)
    .bss                                     0x20000938   Section     8192  heap_4.o(.bss)
    ucHeap                                   0x20000938   Data        8192  heap_4.o(.bss)
    .bss                                     0x20002938   Section     1220  tasks.o(.bss)
    pxReadyTasksLists                        0x20002938   Data        1120  tasks.o(.bss)
    xDelayedTaskList1                        0x20002d98   Data          20  tasks.o(.bss)
    xDelayedTaskList2                        0x20002dac   Data          20  tasks.o(.bss)
    xPendingReadyList                        0x20002dc0   Data          20  tasks.o(.bss)
    xTasksWaitingTermination                 0x20002dd4   Data          20  tasks.o(.bss)
    xSuspendedTaskList                       0x20002de8   Data          20  tasks.o(.bss)
    .bss                                     0x20002dfc   Section      200  timers.o(.bss)
    xActiveTimerList1                        0x20002dfc   Data          20  timers.o(.bss)
    xActiveTimerList2                        0x20002e10   Data          20  timers.o(.bss)
    xStaticTimerQueue                        0x20002e24   Data          80  timers.o(.bss)
    ucStaticTimerQueueStorage                0x20002e74   Data          80  timers.o(.bss)
    .bss                                     0x20002ec4   Section      228  rand.o(.bss)
    .bss                                     0x20002fa8   Section       96  libspace.o(.bss)
    HEAP                                     0x20003008   Section      512  startup_stm32f10x_md.o(HEAP)
    Heap_Mem                                 0x20003008   Data         512  startup_stm32f10x_md.o(HEAP)
    STACK                                    0x20003208   Section     1024  startup_stm32f10x_md.o(STACK)
    Stack_Mem                                0x20003208   Data        1024  startup_stm32f10x_md.o(STACK)
    __initial_sp                             0x20003608   Data           0  startup_stm32f10x_md.o(STACK)

    Global Symbols

    Symbol Name                              Value     Ov Type        Size  Object(Section)

    BuildAttributes$$THM_ISAv4$P$D$K$B$S$PE$A:L22UL41UL21$X:L11$S22US41US21$IEEE1$IW$USESV6$~STKCKD$USESV7$~SHL$OSPACE$ROPI$EBA8$UX$STANDARDLIB$REQ8$PRES8$EABIv2 0x00000000   Number         0  anon$$obj.o ABSOLUTE
    __ARM_use_no_argv                        0x00000000   Number         0  main.o ABSOLUTE
    __ARM_exceptions_init                     - Undefined Weak Reference
    __alloca_initialize                       - Undefined Weak Reference
    __arm_preinit_                            - Undefined Weak Reference
    __cpp_initialize__aeabi_                  - Undefined Weak Reference
    __cxa_finalize                            - Undefined Weak Reference
    __rt_locale                               - Undefined Weak Reference
    __sigvec_lookup                           - Undefined Weak Reference
    _atexit_init                              - Undefined Weak Reference
    _call_atexit_fns                          - Undefined Weak Reference
    _clock_init                               - Undefined Weak Reference
    _fp_trap_init                             - Undefined Weak Reference
    _fp_trap_shutdown                         - Undefined Weak Reference
    _get_lc_collate                           - Undefined Weak Reference
    _get_lc_ctype                             - Undefined Weak Reference
    _get_lc_monetary                          - Undefined Weak Reference
    _get_lc_numeric                           - Undefined Weak Reference
    _get_lc_time                              - Undefined Weak Reference
    _getenv_init                              - Undefined Weak Reference
    _handle_redirection                       - Undefined Weak Reference
    _init_alloc                               - Undefined Weak Reference
    _init_user_alloc                          - Undefined Weak Reference
    _initio                                   - Undefined Weak Reference
    _printf_post_padding                      - Undefined Weak Reference
    _printf_pre_padding                       - Undefined Weak Reference
    _printf_truncate_signed                   - Undefined Weak Reference
    _printf_truncate_unsigned                 - Undefined Weak Reference
    _signal_finish                            - Undefined Weak Reference
    _signal_init                              - Undefined Weak Reference
    _terminate_alloc                          - Undefined Weak Reference
    _terminate_user_alloc                     - Undefined Weak Reference
    _terminateio                              - Undefined Weak Reference
    __Vectors_Size                           0x000000ec   Number         0  startup_stm32f10x_md.o ABSOLUTE
    __Vectors                                0x08000000   Data           4  startup_stm32f10x_md.o(RESET)
    __Vectors_End                            0x080000ec   Data           0  startup_stm32f10x_md.o(RESET)
    __main                                   0x080000ed   Thumb Code     8  __main.o(!!!main)
    __scatterload                            0x080000f5   Thumb Code     0  __scatter.o(!!!scatter)
    __scatterload_rt2                        0x080000f5   Thumb Code    44  __scatter.o(!!!scatter)
    __scatterload_rt2_thumb_only             0x080000f5   Thumb Code     0  __scatter.o(!!!scatter)
    __scatterload_null                       0x08000103   Thumb Code     0  __scatter.o(!!!scatter)
    __scatterload_copy                       0x08000129   Thumb Code    26  __scatter_copy.o(!!handler_copy)
    __scatterload_zeroinit                   0x08000145   Thumb Code    28  __scatter_zi.o(!!handler_zi)
    _printf_d                                0x08000161   Thumb Code     0  _printf_d.o(.ARM.Collect$$_printf_percent$$00000009)
    _printf_percent                          0x08000161   Thumb Code     0  _printf_percent.o(.ARM.Collect$$_printf_percent$$00000000)
    _printf_percent_end                      0x08000167   Thumb Code     0  _printf_percent_end.o(.ARM.Collect$$_printf_percent$$00000017)
    __rt_lib_init                            0x0800016b   Thumb Code     0  libinit.o(.ARM.Collect$$libinit$$00000000)
    __rt_lib_init_fp_1                       0x0800016d   Thumb Code     0  libinit2.o(.ARM.Collect$$libinit$$00000002)
    __rt_lib_init_heap_1                     0x0800016d   Thumb Code     0  libinit2.o(.ARM.Collect$$libinit$$0000000A)
    __rt_lib_init_preinit_1                  0x0800016d   Thumb Code     0  libinit2.o(.ARM.Collect$$libinit$$00000004)
    __rt_lib_init_rand_2                     0x0800016d   Thumb Code     0  libinit2.o(.ARM.Collect$$libinit$$0000000D)
    __rt_lib_init_user_alloc_1               0x0800016d   Thumb Code     0  libinit2.o(.ARM.Collect$$libinit$$0000000C)
    __rt_lib_init_alloca_1                   0x08000171   Thumb Code     0  libinit2.o(.ARM.Collect$$libinit$$0000002E)
    __rt_lib_init_argv_1                     0x08000171   Thumb Code     0  libinit2.o(.ARM.Collect$$libinit$$0000002C)
    __rt_lib_init_atexit_1                   0x08000171   Thumb Code     0  libinit2.o(.ARM.Collect$$libinit$$0000001B)
    __rt_lib_init_clock_1                    0x08000171   Thumb Code     0  libinit2.o(.ARM.Collect$$libinit$$00000021)
    __rt_lib_init_cpp_1                      0x08000171   Thumb Code     0  libinit2.o(.ARM.Collect$$libinit$$00000032)
    __rt_lib_init_exceptions_1               0x08000171   Thumb Code     0  libinit2.o(.ARM.Collect$$libinit$$00000030)
    __rt_lib_init_fp_trap_1                  0x08000171   Thumb Code     0  libinit2.o(.ARM.Collect$$libinit$$0000001F)
    __rt_lib_init_getenv_1                   0x08000171   Thumb Code     0  libinit2.o(.ARM.Collect$$libinit$$00000023)
    __rt_lib_init_lc_collate_1               0x08000171   Thumb Code     0  libinit2.o(.ARM.Collect$$libinit$$00000011)
    __rt_lib_init_lc_ctype_1                 0x08000171   Thumb Code     0  libinit2.o(.ARM.Collect$$libinit$$00000013)
    __rt_lib_init_lc_monetary_1              0x08000171   Thumb Code     0  libinit2.o(.ARM.Collect$$libinit$$00000015)
    __rt_lib_init_lc_numeric_1               0x08000171   Thumb Code     0  libinit2.o(.ARM.Collect$$libinit$$00000017)
    __rt_lib_init_lc_time_1                  0x08000171   Thumb Code     0  libinit2.o(.ARM.Collect$$libinit$$00000019)
    __rt_lib_init_rand_1                     0x08000171   Thumb Code     0  libinit2.o(.ARM.Collect$$libinit$$0000000E)
    __rt_lib_init_return                     0x08000171   Thumb Code     0  libinit2.o(.ARM.Collect$$libinit$$00000033)
    __rt_lib_init_signal_1                   0x08000171   Thumb Code     0  libinit2.o(.ARM.Collect$$libinit$$0000001D)
    __rt_lib_init_stdio_1                    0x08000171   Thumb Code     0  libinit2.o(.ARM.Collect$$libinit$$00000025)
    __rt_lib_shutdown                        0x08000173   Thumb Code     0  libshutdown.o(.ARM.Collect$$libshutdown$$00000000)
    __rt_lib_shutdown_cpp_1                  0x08000175   Thumb Code     0  libshutdown2.o(.ARM.Collect$$libshutdown$$00000002)
    __rt_lib_shutdown_fp_trap_1              0x08000175   Thumb Code     0  libshutdown2.o(.ARM.Collect$$libshutdown$$00000007)
    __rt_lib_shutdown_heap_1                 0x08000175   Thumb Code     0  libshutdown2.o(.ARM.Collect$$libshutdown$$0000000F)
    __rt_lib_shutdown_return                 0x08000175   Thumb Code     0  libshutdown2.o(.ARM.Collect$$libshutdown$$00000010)
    __rt_lib_shutdown_signal_1               0x08000175   Thumb Code     0  libshutdown2.o(.ARM.Collect$$libshutdown$$0000000A)
    __rt_lib_shutdown_stdio_1                0x08000175   Thumb Code     0  libshutdown2.o(.ARM.Collect$$libshutdown$$00000004)
    __rt_lib_shutdown_user_alloc_1           0x08000175   Thumb Code     0  libshutdown2.o(.ARM.Collect$$libshutdown$$0000000C)
    __rt_entry                               0x08000177   Thumb Code     0  __rtentry.o(.ARM.Collect$$rtentry$$00000000)
    __rt_entry_presh_1                       0x08000177   Thumb Code     0  __rtentry2.o(.ARM.Collect$$rtentry$$00000002)
    __rt_entry_sh                            0x08000177   Thumb Code     0  __rtentry4.o(.ARM.Collect$$rtentry$$00000004)
    __rt_entry_postsh_1                      0x0800017d   Thumb Code     0  __rtentry2.o(.ARM.Collect$$rtentry$$00000008)
    __rt_entry_li                            0x08000185   Thumb Code     0  __rtentry2.o(.ARM.Collect$$rtentry$$0000000A)
    __rt_entry_main                          0x08000189   Thumb Code     0  __rtentry2.o(.ARM.Collect$$rtentry$$0000000D)
    __rt_entry_postli_1                      0x08000189   Thumb Code     0  __rtentry2.o(.ARM.Collect$$rtentry$$0000000C)
    __rt_exit                                0x08000191   Thumb Code     0  rtexit.o(.ARM.Collect$$rtexit$$00000000)
    __rt_exit_ls                             0x08000193   Thumb Code     0  rtexit2.o(.ARM.Collect$$rtexit$$00000003)
    __rt_exit_prels_1                        0x08000193   Thumb Code     0  rtexit2.o(.ARM.Collect$$rtexit$$00000002)
    __rt_exit_exit                           0x08000197   Thumb Code     0  rtexit2.o(.ARM.Collect$$rtexit$$00000004)
    SVC_Handler                              0x0800019d   Thumb Code    32  port.o(.emb_text)
    __asm___6_port_c_39a90d8d__prvStartFirstTask 0x080001c1   Thumb Code    28  port.o(.emb_text)
    PendSV_Handler                           0x080001e1   Thumb Code    72  port.o(.emb_text)
    vPortGetIPSR                             0x0800022d   Thumb Code     6  port.o(.emb_text)
    rand                                     0x08000235   Thumb Code    48  rand.o(.emb_text)
    Reset_Handler                            0x08000269   Thumb Code     8  startup_stm32f10x_md.o(.text)
    NMI_Handler                              0x08000271   Thumb Code     2  startup_stm32f10x_md.o(.text)
    HardFault_Handler                        0x08000273   Thumb Code     2  startup_stm32f10x_md.o(.text)
    MemManage_Handler                        0x08000275   Thumb Code     2  startup_stm32f10x_md.o(.text)
    BusFault_Handler                         0x08000277   Thumb Code     2  startup_stm32f10x_md.o(.text)
    UsageFault_Handler                       0x08000279   Thumb Code     2  startup_stm32f10x_md.o(.text)
    DebugMon_Handler                         0x0800027d   Thumb Code     2  startup_stm32f10x_md.o(.text)
    ADC1_2_IRQHandler                        0x08000283   Thumb Code     0  startup_stm32f10x_md.o(.text)
    CAN1_RX1_IRQHandler                      0x08000283   Thumb Code     0  startup_stm32f10x_md.o(.text)
    CAN1_SCE_IRQHandler                      0x08000283   Thumb Code     0  startup_stm32f10x_md.o(.text)
    DMA1_Channel1_IRQHandler                 0x08000283   Thumb Code     0  startup_stm32f10x_md.o(.text)
    DMA1_Channel2_IRQHandler                 0x08000283   Thumb Code     0  startup_stm32f10x_md.o(.text)
    DMA1_Channel3_IRQHandler                 0x08000283   Thumb Code     0  startup_stm32f10x_md.o(.text)
    DMA1_Channel4_IRQHandler                 0x08000283   Thumb Code     0  startup_stm32f10x_md.o(.text)
    DMA1_Channel5_IRQHandler                 0x08000283   Thumb Code     0  startup_stm32f10x_md.o(.text)
    DMA1_Channel6_IRQHandler                 0x08000283   Thumb Code     0  startup_stm32f10x_md.o(.text)
    DMA1_Channel7_IRQHandler                 0x08000283   Thumb Code     0  startup_stm32f10x_md.o(.text)
    EXTI0_IRQHandler                         0x08000283   Thumb Code     0  startup_stm32f10x_md.o(.text)
    EXTI15_10_IRQHandler                     0x08000283   Thumb Code     0  startup_stm32f10x_md.o(.text)
    EXTI1_IRQHandler                         0x08000283   Thumb Code     0  startup_stm32f10x_md.o(.text)
    EXTI2_IRQHandler                         0x08000283   Thumb Code     0  startup_stm32f10x_md.o(.text)
    EXTI3_IRQHandler                         0x08000283   Thumb Code     0  startup_stm32f10x_md.o(.text)
    EXTI4_IRQHandler                         0x08000283   Thumb Code     0  startup_stm32f10x_md.o(.text)
    EXTI9_5_IRQHandler                       0x08000283   Thumb Code     0  startup_stm32f10x_md.o(.text)
    FLASH_IRQHandler                         0x08000283   Thumb Code     0  startup_stm32f10x_md.o(.text)
    I2C1_ER_IRQHandler                       0x08000283   Thumb Code     0  startup_stm32f10x_md.o(.text)
    I2C1_EV_IRQHandler                       0x08000283   Thumb Code     0  startup_stm32f10x_md.o(.text)
    I2C2_ER_IRQHandler                       0x08000283   Thumb Code     0  startup_stm32f10x_md.o(.text)
    I2C2_EV_IRQHandler                       0x08000283   Thumb Code     0  startup_stm32f10x_md.o(.text)
    PVD_IRQHandler                           0x08000283   Thumb Code     0  startup_stm32f10x_md.o(.text)
    RCC_IRQHandler                           0x08000283   Thumb Code     0  startup_stm32f10x_md.o(.text)
    RTCAlarm_IRQHandler                      0x08000283   Thumb Code     0  startup_stm32f10x_md.o(.text)
    RTC_IRQHandler                           0x08000283   Thumb Code     0  startup_stm32f10x_md.o(.text)
    SPI1_IRQHandler                          0x08000283   Thumb Code     0  startup_stm32f10x_md.o(.text)
    SPI2_IRQHandler                          0x08000283   Thumb Code     0  startup_stm32f10x_md.o(.text)
    TAMPER_IRQHandler                        0x08000283   Thumb Code     0  startup_stm32f10x_md.o(.text)
    TIM1_BRK_IRQHandler                      0x08000283   Thumb Code     0  startup_stm32f10x_md.o(.text)
    TIM1_CC_IRQHandler                       0x08000283   Thumb Code     0  startup_stm32f10x_md.o(.text)
    TIM1_TRG_COM_IRQHandler                  0x08000283   Thumb Code     0  startup_stm32f10x_md.o(.text)
    TIM1_UP_IRQHandler                       0x08000283   Thumb Code     0  startup_stm32f10x_md.o(.text)
    TIM2_IRQHandler                          0x08000283   Thumb Code     0  startup_stm32f10x_md.o(.text)
    TIM3_IRQHandler                          0x08000283   Thumb Code     0  startup_stm32f10x_md.o(.text)
    TIM4_IRQHandler                          0x08000283   Thumb Code     0  startup_stm32f10x_md.o(.text)
    USART1_IRQHandler                        0x08000283   Thumb Code     0  startup_stm32f10x_md.o(.text)
    USART2_IRQHandler                        0x08000283   Thumb Code     0  startup_stm32f10x_md.o(.text)
    USART3_IRQHandler                        0x08000283   Thumb Code     0  startup_stm32f10x_md.o(.text)
    USBWakeUp_IRQHandler                     0x08000283   Thumb Code     0  startup_stm32f10x_md.o(.text)
    USB_HP_CAN1_TX_IRQHandler                0x08000283   Thumb Code     0  startup_stm32f10x_md.o(.text)
    USB_LP_CAN1_RX0_IRQHandler               0x08000283   Thumb Code     0  startup_stm32f10x_md.o(.text)
    WWDG_IRQHandler                          0x08000283   Thumb Code     0  startup_stm32f10x_md.o(.text)
    __user_initial_stackheap                 0x08000285   Thumb Code     0  startup_stm32f10x_md.o(.text)
    __2sprintf                               0x080002a9   Thumb Code    34  noretval__2sprintf.o(.text)
    __printf                                 0x080002d1   Thumb Code   104  __printf.o(.text)
    _printf_int_dec                          0x08000339   Thumb Code   104  _printf_dec.o(.text)
    srand                                    0x080003b1   Thumb Code    42  rand.o(.text)
    _rand_init                               0x080003db   Thumb Code     4  rand.o(.text)
    strlen                                   0x080003ed   Thumb Code    62  strlen.o(.text)
    __aeabi_memcpy                           0x0800042b   Thumb Code     0  rt_memcpy_v6.o(.text)
    __rt_memcpy                              0x0800042b   Thumb Code   138  rt_memcpy_v6.o(.text)
    _memcpy_lastbytes                        0x08000491   Thumb Code     0  rt_memcpy_v6.o(.text)
    __aeabi_memset                           0x080004b5   Thumb Code    16  aeabi_memset.o(.text)
    __use_two_region_memory                  0x080004c5   Thumb Code     2  heapauxi.o(.text)
    __rt_heap_escrow$2region                 0x080004c7   Thumb Code     2  heapauxi.o(.text)
    __rt_heap_expand$2region                 0x080004c9   Thumb Code     2  heapauxi.o(.text)
    _printf_int_common                       0x080004cb   Thumb Code   178  _printf_intcommon.o(.text)
    _printf_char_common                      0x08000587   Thumb Code    32  _printf_char_common.o(.text)
    _sputc                                   0x080005ad   Thumb Code    10  _sputc.o(.text)
    __aeabi_memcpy4                          0x080005b7   Thumb Code     0  rt_memcpy_w.o(.text)
    __aeabi_memcpy8                          0x080005b7   Thumb Code     0  rt_memcpy_w.o(.text)
    __rt_memcpy_w                            0x080005b7   Thumb Code   100  rt_memcpy_w.o(.text)
    _memcpy_lastbytes_aligned                0x080005ff   Thumb Code     0  rt_memcpy_w.o(.text)
    __aeabi_memclr                           0x0800061b   Thumb Code     0  rt_memclr.o(.text)
    __rt_memclr                              0x0800061b   Thumb Code    68  rt_memclr.o(.text)
    _memset                                  0x0800061f   Thumb Code     0  rt_memclr.o(.text)
    __aeabi_memclr4                          0x0800065f   Thumb Code     0  rt_memclr_w.o(.text)
    __aeabi_memclr8                          0x0800065f   Thumb Code     0  rt_memclr_w.o(.text)
    __rt_memclr_w                            0x0800065f   Thumb Code    78  rt_memclr_w.o(.text)
    _memset_w                                0x08000663   Thumb Code     0  rt_memclr_w.o(.text)
    __user_setup_stackheap                   0x080006ad   Thumb Code    74  sys_stackheap_outer.o(.text)
    exit                                     0x080006f7   Thumb Code    18  exit.o(.text)
    __user_libspace                          0x08000709   Thumb Code     8  libspace.o(.text)
    __user_perproc_libspace                  0x08000709   Thumb Code     0  libspace.o(.text)
    __I$use$semihosting                      0x08000711   Thumb Code     0  use_no_semi.o(.text)
    __use_no_semihosting_swi                 0x08000711   Thumb Code     2  use_no_semi.o(.text)
    __semihosting_library_function           0x08000713   Thumb Code     0  indicate_semi.o(.text)
    _sys_exit                                0x08000715   Thumb Code     8  sys_exit.o(.text)
    EmployeeDoWork                           0x08000721   Thumb Code    28  main.o(i.EmployeeDoWork)
    GPIO_Init                                0x0800076d   Thumb Code   278  stm32f10x_gpio.o(i.GPIO_Init)
    RCC_APB1PeriphClockCmd                   0x08000885   Thumb Code    26  stm32f10x_rcc.o(i.RCC_APB1PeriphClockCmd)
    RCC_APB2PeriphClockCmd                   0x080008a5   Thumb Code    26  stm32f10x_rcc.o(i.RCC_APB2PeriphClockCmd)
    RCC_DeInit                               0x080008c5   Thumb Code    64  stm32f10x_rcc.o(i.RCC_DeInit)
    RCC_GetClocksFreq                        0x08000911   Thumb Code   192  stm32f10x_rcc.o(i.RCC_GetClocksFreq)
    SysTick_Handler                          0x08000acd   Thumb Code    22  cmsis_os2.o(i.SysTick_Handler)
    SystemCoreClockUpdate                    0x08000ae5   Thumb Code   142  system_stm32f10x.o(i.SystemCoreClockUpdate)
    SystemInit                               0x08000b89   Thumb Code    78  system_stm32f10x.o(i.SystemInit)
    USART_Cmd                                0x08000be9   Thumb Code    24  stm32f10x_usart.o(i.USART_Cmd)
    USART_GetFlagStatus                      0x08000c01   Thumb Code    26  stm32f10x_usart.o(i.USART_GetFlagStatus)
    USART_Init                               0x08000c1d   Thumb Code   210  stm32f10x_usart.o(i.USART_Init)
    USART_SendData                           0x08000cf5   Thumb Code     8  stm32f10x_usart.o(i.USART_SendData)
    _mutex_acquire                           0x08000cfd   Thumb Code    22  clib_arm.o(i._mutex_acquire)
    _mutex_free                              0x08000d15   Thumb Code    46  clib_arm.o(i._mutex_free)
    _mutex_initialize                        0x08000d49   Thumb Code    86  clib_arm.o(i._mutex_initialize)
    _mutex_release                           0x08000da9   Thumb Code    24  clib_arm.o(i._mutex_release)
    _platform_post_stackheap_init            0x08000dc1   Thumb Code     2  clib_arm.o(i._platform_post_stackheap_init)
    main                                     0x08000dc5   Thumb Code   134  main.o(i.main)
    printmsg                                 0x08000edd   Thumb Code    44  main.o(i.printmsg)
    pvPortMalloc                             0x080018e1   Thumb Code   198  heap_4.o(i.pvPortMalloc)
    pvTaskIncrementMutexHeldCount            0x080019c1   Thumb Code    26  tasks.o(i.pvTaskIncrementMutexHeldCount)
    pxPortInitialiseStack                    0x080019e1   Thumb Code    30  port.o(i.pxPortInitialiseStack)
    uxListRemove                             0x08001a05   Thumb Code    40  list.o(i.uxListRemove)
    vApplicationGetIdleTaskMemory            0x08001a2d   Thumb Code    14  cmsis_os2.o(i.vApplicationGetIdleTaskMemory)
    vApplicationGetTimerTaskMemory           0x08001a45   Thumb Code    14  cmsis_os2.o(i.vApplicationGetTimerTaskMemory)
    vApplicationStackOverflowHook            0x08001a5d   Thumb Code     2  cmsis_os2.o(i.vApplicationStackOverflowHook)
    vListInitialise                          0x08001ad5   Thumb Code    26  list.o(i.vListInitialise)
    vListInitialiseItem                      0x08001aef   Thumb Code     6  list.o(i.vListInitialiseItem)
    vListInsert                              0x08001af5   Thumb Code    52  list.o(i.vListInsert)
    vListInsertEnd                           0x08001b29   Thumb Code    24  list.o(i.vListInsertEnd)
    vPortEnterCritical                       0x08001bcd   Thumb Code    30  port.o(i.vPortEnterCritical)
    vPortExitCritical                        0x08001bf1   Thumb Code    28  port.o(i.vPortExitCritical)
    vPortFree                                0x08001c11   Thumb Code    74  heap_4.o(i.vPortFree)
    vPortSetupTimerInterrupt                 0x08001c69   Thumb Code    36  port.o(i.vPortSetupTimerInterrupt)
    vQueueDelete                             0x08001c91   Thumb Code    20  queue.o(i.vQueueDelete)
    vQueueWaitForMessageRestricted           0x08001ca5   Thumb Code    74  queue.o(i.vQueueWaitForMessageRestricted)
    vTaskDelay                               0x08001cf1   Thumb Code    46  tasks.o(i.vTaskDelay)
    vTaskInternalSetTimeOutState             0x08001d25   Thumb Code    14  tasks.o(i.vTaskInternalSetTimeOutState)
    vTaskMissedYield                         0x08001d3d   Thumb Code     8  tasks.o(i.vTaskMissedYield)
    vTaskPlaceOnEventList                    0x08001d49   Thumb Code    28  tasks.o(i.vTaskPlaceOnEventList)
    vTaskPlaceOnEventListRestricted          0x08001d69   Thumb Code    36  tasks.o(i.vTaskPlaceOnEventListRestricted)
    vTaskPriorityDisinheritAfterTimeout      0x08001d91   Thumb Code   130  tasks.o(i.vTaskPriorityDisinheritAfterTimeout)
    vTaskStartScheduler                      0x08001e1d   Thumb Code   120  tasks.o(i.vTaskStartScheduler)
    vTaskSuspendAll                          0x08001eb1   Thumb Code    12  tasks.o(i.vTaskSuspendAll)
    vTaskSwitchContext                       0x08001ec1   Thumb Code   154  tasks.o(i.vTaskSwitchContext)
    xPortStartScheduler                      0x08001f71   Thumb Code    42  port.o(i.xPortStartScheduler)
    xPortSysTickHandler                      0x08001fa5   Thumb Code    46  port.o(i.xPortSysTickHandler)
    xQueueCreateMutex                        0x08001fd9   Thumb Code    34  queue.o(i.xQueueCreateMutex)
    xQueueCreateMutexStatic                  0x08001ffb   Thumb Code    42  queue.o(i.xQueueCreateMutexStatic)
    xQueueGenericCreate                      0x08002025   Thumb Code    58  queue.o(i.xQueueGenericCreate)
    xQueueGenericCreateStatic                0x0800205f   Thumb Code    46  queue.o(i.xQueueGenericCreateStatic)
    xQueueGenericReset                       0x0800208d   Thumb Code   122  queue.o(i.xQueueGenericReset)
    xQueueGenericSend                        0x0800210d   Thumb Code   276  queue.o(i.xQueueGenericSend)
    xQueueGenericSendFromISR                 0x08002225   Thumb Code   138  queue.o(i.xQueueGenericSendFromISR)
    xQueueReceive                            0x080022b1   Thumb Code   256  queue.o(i.xQueueReceive)
    xQueueSemaphoreTake                      0x080023b5   Thumb Code   300  queue.o(i.xQueueSemaphoreTake)
    xTaskCheckForTimeOut                     0x080024e5   Thumb Code    84  tasks.o(i.xTaskCheckForTimeOut)
    xTaskCreate                              0x08002541   Thumb Code   100  tasks.o(i.xTaskCreate)
    xTaskCreateStatic                        0x080025a5   Thumb Code    78  tasks.o(i.xTaskCreateStatic)
    xTaskGetSchedulerState                   0x080025f5   Thumb Code    24  tasks.o(i.xTaskGetSchedulerState)
    xTaskGetTickCount                        0x08002615   Thumb Code     6  tasks.o(i.xTaskGetTickCount)
    xTaskIncrementTick                       0x08002621   Thumb Code   236  tasks.o(i.xTaskIncrementTick)
    xTaskPriorityDisinherit                  0x08002739   Thumb Code    86  tasks.o(i.xTaskPriorityDisinherit)
    xTaskPriorityInherit                     0x08002799   Thumb Code   150  tasks.o(i.xTaskPriorityInherit)
    xTaskRemoveFromEventList                 0x0800283d   Thumb Code   102  tasks.o(i.xTaskRemoveFromEventList)
    xTaskResumeAll                           0x080028bd   Thumb Code   194  tasks.o(i.xTaskResumeAll)
    xTimerCreateTimerTask                    0x080029a5   Thumb Code    76  timers.o(i.xTimerCreateTimerTask)
    xTimerGenericCommand                     0x08002a05   Thumb Code   104  timers.o(i.xTimerGenericCommand)
    Region$$Table$$Base                      0x08002a70   Number         0  anon$$obj.o(Region$$Table)
    Region$$Table$$Limit                     0x08002a90   Number         0  anon$$obj.o(Region$$Table)
    xTaskHandleM                             0x20000000   Data           4  main.o(.data)
    xTaskHandleE                             0x20000004   Data           4  main.o(.data)
    xWork                                    0x20000008   Data           4  main.o(.data)
    xWorkQueue                               0x2000000c   Data           4  main.o(.data)
    SystemCoreClock                          0x20000028   Data           4  system_stm32f10x.o(.data)
    AHBPrescTable                            0x2000002c   Data          16  system_stm32f10x.o(.data)
    pxCurrentTCB                             0x20000060   Data           4  tasks.o(.data)
    user_msg                                 0x200000b0   Data         250  main.o(.bss)
    _random_number_data                      0x20002ec4   Data         228  rand.o(.bss)
    __libspace_start                         0x20002fa8   Data          96  libspace.o(.bss)
    __temporary_stack_top$libspace           0x20003008   Data           0  libspace.o(.bss)



==============================================================================

Memory Map of the image

  Image Entry point : 0x080000ed

  Load Region LR_IROM1 (Base: 0x08000000, Size: 0x00002b40, Max: 0x00010000, ABSOLUTE)

    Execution Region ER_IROM1 (Exec base: 0x08000000, Load base: 0x08000000, Size: 0x00002a90, Max: 0x00010000, ABSOLUTE)

    Exec Addr    Load Addr    Size         Type   Attr      Idx    E Section Name        Object

    0x08000000   0x08000000   0x000000ec   Data   RO         1497    RESET               startup_stm32f10x_md.o
    0x080000ec   0x080000ec   0x00000008   Code   RO         2773  * !!!main             c_w.l(__main.o)
    0x080000f4   0x080000f4   0x00000034   Code   RO         2943    !!!scatter          c_w.l(__scatter.o)
    0x08000128   0x08000128   0x0000001a   Code   RO         2945    !!handler_copy      c_w.l(__scatter_copy.o)
    0x08000142   0x08000142   0x00000002   PAD
    0x08000144   0x08000144   0x0000001c   Code   RO         2947    !!handler_zi        c_w.l(__scatter_zi.o)
    0x08000160   0x08000160   0x00000000   Code   RO         2759    .ARM.Collect$$_printf_percent$$00000000  c_w.l(_printf_percent.o)
    0x08000160   0x08000160   0x00000006   Code   RO         2758    .ARM.Collect$$_printf_percent$$00000009  c_w.l(_printf_d.o)
    0x08000166   0x08000166   0x00000004   Code   RO         2782    .ARM.Collect$$_printf_percent$$00000017  c_w.l(_printf_percent_end.o)
    0x0800016a   0x0800016a   0x00000002   Code   RO         2866    .ARM.Collect$$libinit$$00000000  c_w.l(libinit.o)
    0x0800016c   0x0800016c   0x00000000   Code   RO         2788    .ARM.Collect$$libinit$$00000002  c_w.l(libinit2.o)
    0x0800016c   0x0800016c   0x00000000   Code   RO         2790    .ARM.Collect$$libinit$$00000004  c_w.l(libinit2.o)
    0x0800016c   0x0800016c   0x00000000   Code   RO         2793    .ARM.Collect$$libinit$$0000000A  c_w.l(libinit2.o)
    0x0800016c   0x0800016c   0x00000000   Code   RO         2795    .ARM.Collect$$libinit$$0000000C  c_w.l(libinit2.o)
    0x0800016c   0x0800016c   0x00000004   Code   RO         2796    .ARM.Collect$$libinit$$0000000D  c_w.l(libinit2.o)
    0x08000170   0x08000170   0x00000000   Code   RO         2797    .ARM.Collect$$libinit$$0000000E  c_w.l(libinit2.o)
    0x08000170   0x08000170   0x00000000   Code   RO         2800    .ARM.Collect$$libinit$$00000011  c_w.l(libinit2.o)
    0x08000170   0x08000170   0x00000000   Code   RO         2802    .ARM.Collect$$libinit$$00000013  c_w.l(libinit2.o)
    0x08000170   0x08000170   0x00000000   Code   RO         2804    .ARM.Collect$$libinit$$00000015  c_w.l(libinit2.o)
    0x08000170   0x08000170   0x00000000   Code   RO         2806    .ARM.Collect$$libinit$$00000017  c_w.l(libinit2.o)
    0x08000170   0x08000170   0x00000000   Code   RO         2808    .ARM.Collect$$libinit$$00000019  c_w.l(libinit2.o)
    0x08000170   0x08000170   0x00000000   Code   RO         2810    .ARM.Collect$$libinit$$0000001B  c_w.l(libinit2.o)
    0x08000170   0x08000170   0x00000000   Code   RO         2812    .ARM.Collect$$libinit$$0000001D  c_w.l(libinit2.o)
    0x08000170   0x08000170   0x00000000   Code   RO         2814    .ARM.Collect$$libinit$$0000001F  c_w.l(libinit2.o)
    0x08000170   0x08000170   0x00000000   Code   RO         2816    .ARM.Collect$$libinit$$00000021  c_w.l(libinit2.o)
    0x08000170   0x08000170   0x00000000   Code   RO         2818    .ARM.Collect$$libinit$$00000023  c_w.l(libinit2.o)
    0x08000170   0x08000170   0x00000000   Code   RO         2820    .ARM.Collect$$libinit$$00000025  c_w.l(libinit2.o)
    0x08000170   0x08000170   0x00000000   Code   RO         2824    .ARM.Collect$$libinit$$0000002C  c_w.l(libinit2.o)
    0x08000170   0x08000170   0x00000000   Code   RO         2826    .ARM.Collect$$libinit$$0000002E  c_w.l(libinit2.o)
    0x08000170   0x08000170   0x00000000   Code   RO         2828    .ARM.Collect$$libinit$$00000030  c_w.l(libinit2.o)
    0x08000170   0x08000170   0x00000000   Code   RO         2830    .ARM.Collect$$libinit$$00000032  c_w.l(libinit2.o)
    0x08000170   0x08000170   0x00000002   Code   RO         2831    .ARM.Collect$$libinit$$00000033  c_w.l(libinit2.o)
    0x08000172   0x08000172   0x00000002   Code   RO         2904    .ARM.Collect$$libshutdown$$00000000  c_w.l(libshutdown.o)
    0x08000174   0x08000174   0x00000000   Code   RO         2910    .ARM.Collect$$libshutdown$$00000002  c_w.l(libshutdown2.o)
    0x08000174   0x08000174   0x00000000   Code   RO         2912    .ARM.Collect$$libshutdown$$00000004  c_w.l(libshutdown2.o)
    0x08000174   0x08000174   0x00000000   Code   RO         2915    .ARM.Collect$$libshutdown$$00000007  c_w.l(libshutdown2.o)
    0x08000174   0x08000174   0x00000000   Code   RO         2918    .ARM.Collect$$libshutdown$$0000000A  c_w.l(libshutdown2.o)
    0x08000174   0x08000174   0x00000000   Code   RO         2920    .ARM.Collect$$libshutdown$$0000000C  c_w.l(libshutdown2.o)
    0x08000174   0x08000174   0x00000000   Code   RO         2923    .ARM.Collect$$libshutdown$$0000000F  c_w.l(libshutdown2.o)
    0x08000174   0x08000174   0x00000002   Code   RO         2924    .ARM.Collect$$libshutdown$$00000010  c_w.l(libshutdown2.o)
    0x08000176   0x08000176   0x00000000   Code   RO         2775    .ARM.Collect$$rtentry$$00000000  c_w.l(__rtentry.o)
    0x08000176   0x08000176   0x00000000   Code   RO         2833    .ARM.Collect$$rtentry$$00000002  c_w.l(__rtentry2.o)
    0x08000176   0x08000176   0x00000006   Code   RO         2845    .ARM.Collect$$rtentry$$00000004  c_w.l(__rtentry4.o)
    0x0800017c   0x0800017c   0x00000008   Code   RO         2834    .ARM.Collect$$rtentry$$00000008  c_w.l(__rtentry2.o)
    0x08000184   0x08000184   0x00000004   Code   RO         2836    .ARM.Collect$$rtentry$$0000000A  c_w.l(__rtentry2.o)
    0x08000188   0x08000188   0x00000000   Code   RO         2838    .ARM.Collect$$rtentry$$0000000C  c_w.l(__rtentry2.o)
    0x08000188   0x08000188   0x00000008   Code   RO         2839    .ARM.Collect$$rtentry$$0000000D  c_w.l(__rtentry2.o)
    0x08000190   0x08000190   0x00000002   Code   RO         2872    .ARM.Collect$$rtexit$$00000000  c_w.l(rtexit.o)
    0x08000192   0x08000192   0x00000000   Code   RO         2884    .ARM.Collect$$rtexit$$00000002  c_w.l(rtexit2.o)
    0x08000192   0x08000192   0x00000004   Code   RO         2885    .ARM.Collect$$rtexit$$00000003  c_w.l(rtexit2.o)
    0x08000196   0x08000196   0x00000006   Code   RO         2886    .ARM.Collect$$rtexit$$00000004  c_w.l(rtexit2.o)
    0x0800019c   0x0800019c   0x00000096   Code   RO         1839    .emb_text           port.o
    0x08000232   0x08000232   0x00000002   PAD
    0x08000234   0x08000234   0x00000034   Code   RO         2760    .emb_text           c_w.l(rand.o)
    0x08000268   0x08000268   0x00000040   Code   RO         1498    .text               startup_stm32f10x_md.o
    0x080002a8   0x080002a8   0x00000028   Code   RO         2732    .text               c_w.l(noretval__2sprintf.o)
    0x080002d0   0x080002d0   0x00000068   Code   RO         2734    .text               c_w.l(__printf.o)
    0x08000338   0x08000338   0x00000078   Code   RO         2736    .text               c_w.l(_printf_dec.o)
    0x080003b0   0x080003b0   0x0000003c   Code   RO         2761    .text               c_w.l(rand.o)
    0x080003ec   0x080003ec   0x0000003e   Code   RO         2765    .text               c_w.l(strlen.o)
    0x0800042a   0x0800042a   0x0000008a   Code   RO         2767    .text               c_w.l(rt_memcpy_v6.o)
    0x080004b4   0x080004b4   0x00000010   Code   RO         2769    .text               c_w.l(aeabi_memset.o)
    0x080004c4   0x080004c4   0x00000006   Code   RO         2771    .text               c_w.l(heapauxi.o)
    0x080004ca   0x080004ca   0x000000b2   Code   RO         2776    .text               c_w.l(_printf_intcommon.o)
    0x0800057c   0x0800057c   0x00000030   Code   RO         2778    .text               c_w.l(_printf_char_common.o)
    0x080005ac   0x080005ac   0x0000000a   Code   RO         2780    .text               c_w.l(_sputc.o)
    0x080005b6   0x080005b6   0x00000064   Code   RO         2783    .text               c_w.l(rt_memcpy_w.o)
    0x0800061a   0x0800061a   0x00000044   Code   RO         2785    .text               c_w.l(rt_memclr.o)
    0x0800065e   0x0800065e   0x0000004e   Code   RO         2849    .text               c_w.l(rt_memclr_w.o)
    0x080006ac   0x080006ac   0x0000004a   Code   RO         2855    .text               c_w.l(sys_stackheap_outer.o)
    0x080006f6   0x080006f6   0x00000012   Code   RO         2857    .text               c_w.l(exit.o)
    0x08000708   0x08000708   0x00000008   Code   RO         2869    .text               c_w.l(libspace.o)
    0x08000710   0x08000710   0x00000002   Code   RO         2880    .text               c_w.l(use_no_semi.o)
    0x08000712   0x08000712   0x00000000   Code   RO         2882    .text               c_w.l(indicate_semi.o)
    0x08000712   0x08000712   0x00000002   PAD
    0x08000714   0x08000714   0x0000000c   Code   RO         2896    .text               c_w.l(sys_exit.o)
    0x08000720   0x08000720   0x0000004c   Code   RO            4    i.EmployeeDoWork    main.o
    0x0800076c   0x0800076c   0x00000116   Code   RO          926    i.GPIO_Init         stm32f10x_gpio.o
    0x08000882   0x08000882   0x00000002   PAD
    0x08000884   0x08000884   0x00000020   Code   RO         1048    i.RCC_APB1PeriphClockCmd  stm32f10x_rcc.o
    0x080008a4   0x080008a4   0x00000020   Code   RO         1050    i.RCC_APB2PeriphClockCmd  stm32f10x_rcc.o
    0x080008c4   0x080008c4   0x0000004c   Code   RO         1057    i.RCC_DeInit        stm32f10x_rcc.o
    0x08000910   0x08000910   0x000000d4   Code   RO         1058    i.RCC_GetClocksFreq  stm32f10x_rcc.o
    0x080009e4   0x080009e4   0x00000008   Code   RO         1505    i.SetSysClock       system_stm32f10x.o
    0x080009ec   0x080009ec   0x000000e0   Code   RO         1506    i.SetSysClockTo72   system_stm32f10x.o
    0x08000acc   0x08000acc   0x00000016   Code   RO          249    i.SysTick_Handler   cmsis_os2.o
    0x08000ae2   0x08000ae2   0x00000002   PAD
    0x08000ae4   0x08000ae4   0x000000a4   Code   RO         1507    i.SystemCoreClockUpdate  system_stm32f10x.o
    0x08000b88   0x08000b88   0x00000060   Code   RO         1508    i.SystemInit        system_stm32f10x.o
    0x08000be8   0x08000be8   0x00000018   Code   RO         1262    i.USART_Cmd         stm32f10x_usart.o
    0x08000c00   0x08000c00   0x0000001a   Code   RO         1265    i.USART_GetFlagStatus  stm32f10x_usart.o
    0x08000c1a   0x08000c1a   0x00000002   PAD
    0x08000c1c   0x08000c1c   0x000000d8   Code   RO         1269    i.USART_Init        stm32f10x_usart.o
    0x08000cf4   0x08000cf4   0x00000008   Code   RO         1279    i.USART_SendData    stm32f10x_usart.o
    0x08000cfc   0x08000cfc   0x00000016   Code   RO          164    i._mutex_acquire    clib_arm.o
    0x08000d12   0x08000d12   0x00000002   PAD
    0x08000d14   0x08000d14   0x00000034   Code   RO          165    i._mutex_free       clib_arm.o
    0x08000d48   0x08000d48   0x00000060   Code   RO          166    i._mutex_initialize  clib_arm.o
    0x08000da8   0x08000da8   0x00000018   Code   RO          167    i._mutex_release    clib_arm.o
    0x08000dc0   0x08000dc0   0x00000002   Code   RO          168    i._platform_post_stackheap_init  clib_arm.o
    0x08000dc2   0x08000dc2   0x00000002   PAD
    0x08000dc4   0x08000dc4   0x000000f4   Code   RO            5    i.main              main.o
    0x08000eb8   0x08000eb8   0x00000024   Code   RO          169    i.os_kernel_is_active  clib_arm.o
    0x08000edc   0x08000edc   0x00000030   Code   RO            6    i.printmsg          main.o
    0x08000f0c   0x08000f0c   0x0000007c   Code   RO         2159    i.prvAddCurrentTaskToDelayedList  tasks.o
    0x08000f88   0x08000f88   0x000000b8   Code   RO         2160    i.prvAddNewTaskToReadyList  tasks.o
    0x08001040   0x08001040   0x0000005c   Code   RO         2556    i.prvCheckForValidListAndQueue  timers.o
    0x0800109c   0x0800109c   0x00000048   Code   RO         2161    i.prvCheckTasksWaitingTermination  tasks.o
    0x080010e4   0x080010e4   0x0000002a   Code   RO         1922    i.prvCopyDataFromQueue  queue.o
    0x0800110e   0x0800110e   0x0000007e   Code   RO         1923    i.prvCopyDataToQueue  queue.o
    0x0800118c   0x0800118c   0x00000028   Code   RO         2162    i.prvDeleteTCB      tasks.o
    0x080011b4   0x080011b4   0x00000014   Code   RO         1924    i.prvGetDisinheritPriorityAfterTimeout  queue.o
    0x080011c8   0x080011c8   0x00000028   Code   RO         2557    i.prvGetNextExpireTime  timers.o
    0x080011f0   0x080011f0   0x0000007c   Code   RO         1772    i.prvHeapInit       heap_4.o
    0x0800126c   0x0800126c   0x00000028   Code   RO         2163    i.prvIdleTask       tasks.o
    0x08001294   0x08001294   0x0000001e   Code   RO         1925    i.prvInitialiseMutex  queue.o
    0x080012b2   0x080012b2   0x0000002a   Code   RO         1926    i.prvInitialiseNewQueue  queue.o
    0x080012dc   0x080012dc   0x0000009a   Code   RO         2164    i.prvInitialiseNewTask  tasks.o
    0x08001376   0x08001376   0x00000002   PAD
    0x08001378   0x08001378   0x00000068   Code   RO         2165    i.prvInitialiseTaskLists  tasks.o
    0x080013e0   0x080013e0   0x00000068   Code   RO         1773    i.prvInsertBlockIntoFreeList  heap_4.o
    0x08001448   0x08001448   0x00000058   Code   RO         2559    i.prvInsertTimerInActiveList  timers.o
    0x080014a0   0x080014a0   0x0000001a   Code   RO         1927    i.prvIsQueueEmpty   queue.o
    0x080014ba   0x080014ba   0x0000001e   Code   RO         1928    i.prvIsQueueFull    queue.o
    0x080014d8   0x080014d8   0x0000005c   Code   RO         2560    i.prvProcessExpiredTimer  timers.o
    0x08001534   0x08001534   0x0000010c   Code   RO         2561    i.prvProcessReceivedCommands  timers.o
    0x08001640   0x08001640   0x00000074   Code   RO         2562    i.prvProcessTimerOrBlockTask  timers.o
    0x080016b4   0x080016b4   0x00000034   Code   RO         2167    i.prvResetNextTaskUnblockTime  tasks.o
    0x080016e8   0x080016e8   0x0000002c   Code   RO         2563    i.prvSampleTimeNow  timers.o
    0x08001714   0x08001714   0x00000008   Code   RO            7    i.prvSetupHardware  main.o
    0x0800171c   0x0800171c   0x0000008c   Code   RO            8    i.prvSetupUart      main.o
    0x080017a8   0x080017a8   0x00000088   Code   RO         2564    i.prvSwitchTimerLists  timers.o
    0x08001830   0x08001830   0x00000016   Code   RO         1840    i.prvTaskExitError  port.o
    0x08001846   0x08001846   0x0000001a   Code   RO         2565    i.prvTimerTask      timers.o
    0x08001860   0x08001860   0x0000007e   Code   RO         1929    i.prvUnlockQueue    queue.o
    0x080018de   0x080018de   0x00000002   PAD
    0x080018e0   0x080018e0   0x000000e0   Code   RO         1774    i.pvPortMalloc      heap_4.o
    0x080019c0   0x080019c0   0x00000020   Code   RO         2170    i.pvTaskIncrementMutexHeldCount  tasks.o
    0x080019e0   0x080019e0   0x00000024   Code   RO         1841    i.pxPortInitialiseStack  port.o
    0x08001a04   0x08001a04   0x00000028   Code   RO         1721    i.uxListRemove      list.o
    0x08001a2c   0x08001a2c   0x00000018   Code   RO          325    i.vApplicationGetIdleTaskMemory  cmsis_os2.o
    0x08001a44   0x08001a44   0x00000018   Code   RO          326    i.vApplicationGetTimerTaskMemory  cmsis_os2.o
    0x08001a5c   0x08001a5c   0x00000002   Code   RO          327    i.vApplicationStackOverflowHook  cmsis_os2.o
    0x08001a5e   0x08001a5e   0x00000002   PAD
    0x08001a60   0x08001a60   0x00000074   Code   RO           10    i.vEmployeeTask     main.o
    0x08001ad4   0x08001ad4   0x0000001a   Code   RO         1722    i.vListInitialise   list.o
    0x08001aee   0x08001aee   0x00000006   Code   RO         1723    i.vListInitialiseItem  list.o
    0x08001af4   0x08001af4   0x00000034   Code   RO         1724    i.vListInsert       list.o
    0x08001b28   0x08001b28   0x00000018   Code   RO         1725    i.vListInsertEnd    list.o
    0x08001b40   0x08001b40   0x0000008c   Code   RO           11    i.vManagerTask      main.o
    0x08001bcc   0x08001bcc   0x00000024   Code   RO         1843    i.vPortEnterCritical  port.o
    0x08001bf0   0x08001bf0   0x00000020   Code   RO         1844    i.vPortExitCritical  port.o
    0x08001c10   0x08001c10   0x00000058   Code   RO         1775    i.vPortFree         heap_4.o
    0x08001c68   0x08001c68   0x00000028   Code   RO         1845    i.vPortSetupTimerInterrupt  port.o
    0x08001c90   0x08001c90   0x00000014   Code   RO         1935    i.vQueueDelete      queue.o
    0x08001ca4   0x08001ca4   0x0000004a   Code   RO         1937    i.vQueueWaitForMessageRestricted  queue.o
    0x08001cee   0x08001cee   0x00000002   PAD
    0x08001cf0   0x08001cf0   0x00000034   Code   RO         2180    i.vTaskDelay        tasks.o
    0x08001d24   0x08001d24   0x00000018   Code   RO         2185    i.vTaskInternalSetTimeOutState  tasks.o
    0x08001d3c   0x08001d3c   0x0000000c   Code   RO         2186    i.vTaskMissedYield  tasks.o
    0x08001d48   0x08001d48   0x00000020   Code   RO         2188    i.vTaskPlaceOnEventList  tasks.o
    0x08001d68   0x08001d68   0x00000028   Code   RO         2189    i.vTaskPlaceOnEventListRestricted  tasks.o
    0x08001d90   0x08001d90   0x0000008c   Code   RO         2191    i.vTaskPriorityDisinheritAfterTimeout  tasks.o
    0x08001e1c   0x08001e1c   0x00000094   Code   RO         2197    i.vTaskStartScheduler  tasks.o
    0x08001eb0   0x08001eb0   0x00000010   Code   RO         2199    i.vTaskSuspendAll   tasks.o
    0x08001ec0   0x08001ec0   0x000000b0   Code   RO         2200    i.vTaskSwitchContext  tasks.o
    0x08001f70   0x08001f70   0x00000034   Code   RO         1846    i.xPortStartScheduler  port.o
    0x08001fa4   0x08001fa4   0x00000034   Code   RO         1847    i.xPortSysTickHandler  port.o
    0x08001fd8   0x08001fd8   0x00000022   Code   RO         1940    i.xQueueCreateMutex  queue.o
    0x08001ffa   0x08001ffa   0x0000002a   Code   RO         1941    i.xQueueCreateMutexStatic  queue.o
    0x08002024   0x08002024   0x0000003a   Code   RO         1942    i.xQueueGenericCreate  queue.o
    0x0800205e   0x0800205e   0x0000002e   Code   RO         1943    i.xQueueGenericCreateStatic  queue.o
    0x0800208c   0x0800208c   0x00000080   Code   RO         1944    i.xQueueGenericReset  queue.o
    0x0800210c   0x0800210c   0x00000118   Code   RO         1945    i.xQueueGenericSend  queue.o
    0x08002224   0x08002224   0x0000008a   Code   RO         1946    i.xQueueGenericSendFromISR  queue.o
    0x080022ae   0x080022ae   0x00000002   PAD
    0x080022b0   0x080022b0   0x00000104   Code   RO         1955    i.xQueueReceive     queue.o
    0x080023b4   0x080023b4   0x00000130   Code   RO         1957    i.xQueueSemaphoreTake  queue.o
    0x080024e4   0x080024e4   0x0000005c   Code   RO         2202    i.xTaskCheckForTimeOut  tasks.o
    0x08002540   0x08002540   0x00000064   Code   RO         2203    i.xTaskCreate       tasks.o
    0x080025a4   0x080025a4   0x0000004e   Code   RO         2204    i.xTaskCreateStatic  tasks.o
    0x080025f2   0x080025f2   0x00000002   PAD
    0x080025f4   0x080025f4   0x00000020   Code   RO         2208    i.xTaskGetSchedulerState  tasks.o
    0x08002614   0x08002614   0x0000000c   Code   RO         2209    i.xTaskGetTickCount  tasks.o
    0x08002620   0x08002620   0x00000118   Code   RO         2211    i.xTaskIncrementTick  tasks.o
    0x08002738   0x08002738   0x00000060   Code   RO         2214    i.xTaskPriorityDisinherit  tasks.o
    0x08002798   0x08002798   0x000000a4   Code   RO         2215    i.xTaskPriorityInherit  tasks.o
    0x0800283c   0x0800283c   0x00000080   Code   RO         2216    i.xTaskRemoveFromEventList  tasks.o
    0x080028bc   0x080028bc   0x000000e8   Code   RO         2217    i.xTaskResumeAll    tasks.o
    0x080029a4   0x080029a4   0x00000060   Code   RO         2574    i.xTimerCreateTimerTask  timers.o
    0x08002a04   0x08002a04   0x0000006c   Code   RO         2575    i.xTimerGenericCommand  timers.o
    0x08002a70   0x08002a70   0x00000020   Data   RO         2941    Region$$Table       anon$$obj.o


    Execution Region RW_IRAM1 (Exec base: 0x20000000, Load base: 0x08002a90, Size: 0x00003608, Max: 0x00005000, ABSOLUTE)

    Exec Addr    Load Addr    Size         Type   Attr      Idx    E Section Name        Object

    0x20000000   0x08002a90   0x00000010   Data   RW           13    .data               main.o
    0x20000010   0x08002aa0   0x00000001   Data   RW          171    .data               clib_arm.o
    0x20000011   0x08002aa1   0x00000014   Data   RW         1078    .data               stm32f10x_rcc.o
    0x20000025   0x08002ab5   0x00000003   PAD
    0x20000028   0x08002ab8   0x00000014   Data   RW         1509    .data               system_stm32f10x.o
    0x2000003c   0x08002acc   0x00000020   Data   RW         1781    .data               heap_4.o
    0x2000005c   0x08002aec   0x00000004   Data   RW         1848    .data               port.o
    0x20000060   0x08002af0   0x0000003c   Data   RW         2220    .data               tasks.o
    0x2000009c   0x08002b2c   0x00000014   Data   RW         2583    .data               timers.o
    0x200000b0        -       0x000000fa   Zero   RW           12    .bss                main.o
    0x200001aa   0x08002b40   0x00000002   PAD
    0x200001ac        -       0x00000394   Zero   RW          170    .bss                clib_arm.o
    0x20000540        -       0x000003f8   Zero   RW          328    .bss                cmsis_os2.o
    0x20000938        -       0x00002000   Zero   RW         1780    .bss                heap_4.o
    0x20002938        -       0x000004c4   Zero   RW         2219    .bss                tasks.o
    0x20002dfc        -       0x000000c8   Zero   RW         2582    .bss                timers.o
    0x20002ec4        -       0x000000e4   Zero   RW         2762    .bss                c_w.l(rand.o)
    0x20002fa8        -       0x00000060   Zero   RW         2870    .bss                c_w.l(libspace.o)
    0x20003008        -       0x00000200   Zero   RW         1496    HEAP                startup_stm32f10x_md.o
    0x20003208        -       0x00000400   Zero   RW         1495    STACK               startup_stm32f10x_md.o


==============================================================================

Image component sizes


      Code (inc. data)   RO Data    RW Data    ZI Data      Debug   Object Name

       232         20          0          1        916      14540   clib_arm.o
        72         20          0          0       1016      26935   cmsis_os2.o
         0          0          0          0          0      11512   event_groups.o
       540         74          0         32       8192       4351   heap_4.o
       148          0          0          0          0      12622   list.o
       772        276          0         16        250     249993   main.o
       420         48          0          4          0       9412   port.o
      1826         18          0          0          0      19806   queue.o
        64         26        236          0       1536        792   startup_stm32f10x_md.o
       278          0          0          0          0       2300   stm32f10x_gpio.o
       352         44          0         20          0       5483   stm32f10x_rcc.o
       274          6          0          0          0       4576   stm32f10x_usart.o
       492         50          0         20          0       2893   system_stm32f10x.o
      2656        370          0         60       1220      40727   tasks.o
      1106        114          0         20        200      12247   timers.o

    ----------------------------------------------------------------------
      9256       1066        268        176      13332     418189   Object Totals
         0          0         32          0          0          0   (incl. Generated)
        24          0          0          3          2          0   (incl. Padding)

    ----------------------------------------------------------------------

      Code (inc. data)   RO Data    RW Data    ZI Data      Debug   Library Member Name

         8          0          0          0          0         68   __main.o
       104          0          0          0          0         84   __printf.o
         0          0          0          0          0          0   __rtentry.o
        20          0          0          0          0          0   __rtentry2.o
         6          0          0          0          0          0   __rtentry4.o
        52          8          0          0          0          0   __scatter.o
        26          0          0          0          0          0   __scatter_copy.o
        28          0          0          0          0          0   __scatter_zi.o
        48          6          0          0          0         96   _printf_char_common.o
         6          0          0          0          0          0   _printf_d.o
       120         16          0          0          0         92   _printf_dec.o
       178          0          0          0          0         88   _printf_intcommon.o
         0          0          0          0          0          0   _printf_percent.o
         4          0          0          0          0          0   _printf_percent_end.o
        10          0          0          0          0         68   _sputc.o
        16          0          0          0          0         68   aeabi_memset.o
        18          0          0          0          0         80   exit.o
         6          0          0          0          0        152   heapauxi.o
         0          0          0          0          0          0   indicate_semi.o
         2          0          0          0          0          0   libinit.o
         6          0          0          0          0          0   libinit2.o
         2          0          0          0          0          0   libshutdown.o
         2          0          0          0          0          0   libshutdown2.o
         8          4          0          0         96         68   libspace.o
        40          6          0          0          0         84   noretval__2sprintf.o
       112         18          0          0        228        160   rand.o
        68          0          0          0          0         68   rt_memclr.o
        78          0          0          0          0         80   rt_memclr_w.o
       138          0          0          0          0         68   rt_memcpy_v6.o
       100          0          0          0          0         80   rt_memcpy_w.o
         2          0          0          0          0          0   rtexit.o
        10          0          0          0          0          0   rtexit2.o
        62          0          0          0          0         76   strlen.o
        12          4          0          0          0         68   sys_exit.o
        74          0          0          0          0         80   sys_stackheap_outer.o
         2          0          0          0          0         68   use_no_semi.o

    ----------------------------------------------------------------------
      1372         62          0          0        324       1696   Library Totals
         4          0          0          0          0          0   (incl. Padding)

    ----------------------------------------------------------------------

      Code (inc. data)   RO Data    RW Data    ZI Data      Debug   Library Name

      1368         62          0          0        324       1696   c_w.l

    ----------------------------------------------------------------------
      1372         62          0          0        324       1696   Library Totals

    ----------------------------------------------------------------------

==============================================================================


      Code (inc. data)   RO Data    RW Data    ZI Data      Debug   

     10628       1128        268        176      13656     413693   Grand Totals
     10628       1128        268        176      13656     413693   ELF Image Totals
     10628       1128        268        176          0          0   ROM Totals

==============================================================================

    Total RO  Size (Code + RO Data)                10896 (  10.64kB)
    Total RW  Size (RW Data + ZI Data)             13832 (  13.51kB)
    Total ROM Size (Code + RO Data + RW Data)      11072 (  10.81kB)

==============================================================================

